Archive member included to satisfy reference by file (symbol)

libbb/lib.a(appletlib.o)      /home/ajender/QemuV1/Docker/buildroot-2023.02.4/output/host/arm-buildroot-linux-gnueabi/sysroot/usr/lib/Scrt1.o (main)
libbb/lib.a(compare_string_array.o)
                              libbb/lib.a(appletlib.o) (is_prefixed_with)
libbb/lib.a(concat_path_file.o)
                              libbb/lib.a(appletlib.o) (concat_path_file)
libbb/lib.a(default_error_retval.o)
                              libbb/lib.a(appletlib.o) (xfunc_error_retval)
libbb/lib.a(get_last_path_component.o)
                              libbb/lib.a(appletlib.o) (bb_basename)
libbb/lib.a(last_char_is.o)   libbb/lib.a(concat_path_file.o) (last_char_is)
libbb/lib.a(messages.o)       libbb/lib.a(appletlib.o) (bb_busybox_exec_path)
libbb/lib.a(perror_msg.o)     libbb/lib.a(appletlib.o) (bb_simple_perror_msg)
libbb/lib.a(ptr_to_globals.o)
                              libbb/lib.a(appletlib.o) (bb_errno)
libbb/lib.a(verror_msg.o)     libbb/lib.a(perror_msg.o) (bb_verror_msg)
libbb/lib.a(xfunc_die.o)      libbb/lib.a(appletlib.o) (xfunc_die)
libbb/lib.a(xfuncs.o)         libbb/lib.a(appletlib.o) (full_write1_str)
libbb/lib.a(xfuncs_printf.o)  libbb/lib.a(verror_msg.o) (fflush_all)
libbb/lib.a(xreadlink.o)      libbb/lib.a(appletlib.o) (xmalloc_readlink)
libbb/lib.a(copyfd.o)         libbb/lib.a(xfuncs_printf.o) (bb_copyfd_eof)
libbb/lib.a(full_write.o)     libbb/lib.a(verror_msg.o) (full_write)
libbb/lib.a(read.o)           libbb/lib.a(copyfd.o) (safe_read)
libbb/lib.a(safe_write.o)     libbb/lib.a(full_write.o) (safe_write)
libbb/lib.a(signals.o)        libbb/lib.a(xfuncs_printf.o) (kill_myself_with_sig)
libbb/lib.a(time.o)           libbb/lib.a(xfuncs_printf.o) (monotonic_us)
libbb/lib.a(xgetcwd.o)        libbb/lib.a(xreadlink.o) (xrealloc_getcwd_or_warn)
libbb/lib.a(bb_strtonum.o)    libbb/lib.a(time.o) (bb_strtol)
loginutils/lib.a(addgroup.o)  libbb/lib.a(appletlib.o) (addgroup_main)
loginutils/lib.a(adduser.o)   libbb/lib.a(appletlib.o) (adduser_main)
loginutils/lib.a(cryptpw.o)   libbb/lib.a(appletlib.o) (cryptpw_main)
loginutils/lib.a(deluser.o)   libbb/lib.a(appletlib.o) (deluser_main)
loginutils/lib.a(getty.o)     libbb/lib.a(appletlib.o) (getty_main)
loginutils/lib.a(login.o)     libbb/lib.a(appletlib.o) (login_main)
loginutils/lib.a(passwd.o)    libbb/lib.a(appletlib.o) (passwd_main)
loginutils/lib.a(su.o)        libbb/lib.a(appletlib.o) (su_main)
loginutils/lib.a(sulogin.o)   libbb/lib.a(appletlib.o) (sulogin_main)
loginutils/lib.a(vlock.o)     libbb/lib.a(appletlib.o) (vlock_main)
miscutils/lib.a(ascii.o)      libbb/lib.a(appletlib.o) (ascii_main)
miscutils/lib.a(bc.o)         libbb/lib.a(appletlib.o) (bc_main)
miscutils/lib.a(crond.o)      libbb/lib.a(appletlib.o) (crond_main)
miscutils/lib.a(crontab.o)    libbb/lib.a(appletlib.o) (crontab_main)
miscutils/lib.a(devmem.o)     libbb/lib.a(appletlib.o) (devmem_main)
miscutils/lib.a(hdparm.o)     libbb/lib.a(appletlib.o) (hdparm_main)
miscutils/lib.a(hexedit.o)    libbb/lib.a(appletlib.o) (hexedit_main)
miscutils/lib.a(i2c_tools.o)  libbb/lib.a(appletlib.o) (i2cget_main)
miscutils/lib.a(less.o)       libbb/lib.a(appletlib.o) (less_main)
miscutils/lib.a(lsscsi.o)     libbb/lib.a(appletlib.o) (lsscsi_main)
miscutils/lib.a(makedevs.o)   libbb/lib.a(appletlib.o) (makedevs_main)
miscutils/lib.a(microcom.o)   libbb/lib.a(appletlib.o) (microcom_main)
miscutils/lib.a(mt.o)         libbb/lib.a(appletlib.o) (mt_main)
miscutils/lib.a(partprobe.o)  libbb/lib.a(appletlib.o) (partprobe_main)
miscutils/lib.a(runlevel.o)   libbb/lib.a(appletlib.o) (runlevel_main)
miscutils/lib.a(seedrng.o)    libbb/lib.a(appletlib.o) (seedrng_main)
miscutils/lib.a(setfattr.o)   libbb/lib.a(appletlib.o) (setfattr_main)
miscutils/lib.a(setserial.o)  libbb/lib.a(appletlib.o) (setserial_main)
miscutils/lib.a(strings.o)    libbb/lib.a(appletlib.o) (strings_main)
miscutils/lib.a(time.o)       libbb/lib.a(appletlib.o) (time_main)
miscutils/lib.a(tree.o)       libbb/lib.a(appletlib.o) (tree_main)
miscutils/lib.a(ts.o)         libbb/lib.a(appletlib.o) (ts_main)
miscutils/lib.a(ubirename.o)  libbb/lib.a(appletlib.o) (ubirename_main)
miscutils/lib.a(watchdog.o)   libbb/lib.a(appletlib.o) (watchdog_main)
modutils/lib.a(insmod.o)      libbb/lib.a(appletlib.o) (insmod_main)
modutils/lib.a(lsmod.o)       libbb/lib.a(appletlib.o) (lsmod_main)
modutils/lib.a(modprobe.o)    libbb/lib.a(appletlib.o) (modprobe_main)
modutils/lib.a(modutils.o)    modutils/lib.a(modprobe.o) (replace)
modutils/lib.a(rmmod.o)       libbb/lib.a(appletlib.o) (rmmod_main)
networking/lib.a(arp.o)       libbb/lib.a(appletlib.o) (arp_main)
networking/lib.a(arping.o)    libbb/lib.a(appletlib.o) (arping_main)
networking/lib.a(dnsd.o)      libbb/lib.a(appletlib.o) (dnsd_main)
networking/lib.a(ether-wake.o)
                              libbb/lib.a(appletlib.o) (ether_wake_main)
networking/lib.a(hostname.o)  libbb/lib.a(appletlib.o) (hostname_main)
[...]
Memory Configuration

Name             Origin             Length             Attributes
*default*        0x0000000000000000 0xffffffffffffffff

Linker script and memory map

LOAD /home/ajender/QemuV1/Docker/buildroot-2023.02.4/output/host/arm-buildroot-linux-gnueabi/sysroot/usr/lib/Scrt1.o
LOAD /home/ajender/QemuV1/Docker/buildroot-2023.02.4/output/host/arm-buildroot-linux-gnueabi/sysroot/usr/lib/crti.o
LOAD /home/ajender/QemuV1/Docker/buildroot-2023.02.4/output/host/lib/gcc/arm-buildroot-linux-gnueabi/11.4.0/crtbeginS.o
START GROUP
LOAD applets/built-in.o
LOAD archival/lib.a
LOAD archival/libarchive/lib.a
LOAD console-tools/lib.a
LOAD coreutils/lib.a
LOAD coreutils/libcoreutils/lib.a
LOAD debianutils/lib.a
LOAD klibc-utils/lib.a
LOAD e2fsprogs/lib.a
LOAD editors/lib.a
LOAD findutils/lib.a
LOAD init/lib.a
LOAD libbb/lib.a
LOAD libpwdgrp/lib.a
LOAD loginutils/lib.a
LOAD mailutils/lib.a
LOAD miscutils/lib.a
LOAD modutils/lib.a
LOAD networking/lib.a
LOAD networking/libiproute/lib.a
LOAD networking/udhcp/lib.a
LOAD printutils/lib.a
LOAD procps/lib.a
LOAD runit/lib.a
LOAD selinux/lib.a
LOAD shell/lib.a
LOAD sysklogd/lib.a
LOAD util-linux/lib.a
LOAD util-linux/volume_id/lib.a
LOAD archival/built-in.o
LOAD archival/libarchive/built-in.o
LOAD console-tools/built-in.o
LOAD coreutils/built-in.o
LOAD coreutils/libcoreutils/built-in.o
LOAD debianutils/built-in.o
LOAD klibc-utils/built-in.o
LOAD e2fsprogs/built-in.o
LOAD editors/built-in.o
LOAD findutils/built-in.o
LOAD init/built-in.o
LOAD libbb/built-in.o
LOAD libpwdgrp/built-in.o
LOAD loginutils/built-in.o
LOAD mailutils/built-in.o
LOAD miscutils/built-in.o
LOAD modutils/built-in.o
LOAD networking/built-in.o
LOAD networking/libiproute/built-in.o
LOAD networking/udhcp/built-in.o
LOAD printutils/built-in.o
LOAD procps/built-in.o
LOAD runit/built-in.o
LOAD selinux/built-in.o
LOAD shell/built-in.o
LOAD sysklogd/built-in.o
LOAD util-linux/built-in.o
LOAD util-linux/volume_id/built-in.o
END GROUP
START GROUP
LOAD /home/ajender/QemuV1/Docker/buildroot-2023.02.4/output/host/arm-buildroot-linux-gnueabi/sysroot/usr/lib/libresolv.so
END GROUP
LOAD /home/ajender/QemuV1/Docker/buildroot-2023.02.4/output/host/lib/gcc/arm-buildroot-linux-gnueabi/11.4.0/libgcc.a
LOAD /home/ajender/QemuV1/Docker/buildroot-2023.02.4/output/host/lib/gcc/arm-buildroot-linux-gnueabi/11.4.0/libgcc_eh.a
LOAD /home/ajender/QemuV1/Docker/buildroot-2023.02.4/output/host/arm-buildroot-linux-gnueabi/sysroot/usr/lib/libc.so
START GROUP
LOAD /home/ajender/QemuV1/Docker/buildroot-2023.02.4/output/host/arm-buildroot-linux-gnueabi/sysroot/lib/libc.so.6
LOAD /home/ajender/QemuV1/Docker/buildroot-2023.02.4/output/host/arm-buildroot-linux-gnueabi/sysroot/usr/lib/libc_nonshared.a
LOAD /home/ajender/QemuV1/Docker/buildroot-2023.02.4/output/host/arm-buildroot-linux-gnueabi/sysroot/lib/ld-linux.so.3
END GROUP
LOAD /home/ajender/QemuV1/Docker/buildroot-2023.02.4/output/host/lib/gcc/arm-buildroot-linux-gnueabi/11.4.0/libgcc.a
LOAD /home/ajender/QemuV1/Docker/buildroot-2023.02.4/output/host/lib/gcc/arm-buildroot-linux-gnueabi/11.4.0/libgcc_eh.a
LOAD /home/ajender/QemuV1/Docker/buildroot-2023.02.4/output/host/lib/gcc/arm-buildroot-linux-gnueabi/11.4.0/crtendS.o
LOAD /home/ajender/QemuV1/Docker/buildroot-2023.02.4/output/host/arm-buildroot-linux-gnueabi/sysroot/usr/lib/crtn.o
                [!provide]                        PROVIDE (__executable_start = SEGMENT_START ("text-segment", 0x0))
                0x0000000000000154                . = (SEGMENT_START ("text-segment", 0x0) + SIZEOF_HEADERS)

.interp         0x0000000000000154       0x13
 *(SORT_BY_ALIGNMENT(.interp))
 .interp        0x0000000000000154       0x13 /home/ajender/QemuV1/Docker/buildroot-2023.02.4/output/host/arm-buildroot-linux-gnueabi/sysroot/usr/lib/Scrt1.o

.note.ABI-tag   0x0000000000000168       0x20
 .note.ABI-tag  0x0000000000000168       0x20 /home/ajender/QemuV1/Docker/buildroot-2023.02.4/output/host/arm-buildroot-linux-gnueabi/sysroot/usr/lib/Scrt1.o

.note.gnu.build-id
 *(SORT_BY_ALIGNMENT(.note.gnu.build-id))

.hash           0x0000000000000188      0xa14
 *(SORT_BY_ALIGNMENT(.hash))
 .hash          0x0000000000000188      0xa14 /home/ajender/QemuV1/Docker/buildroot-2023.02.4/output/host/arm-buildroot-linux-gnueabi/sysroot/usr/lib/Scrt1.o

.gnu.hash       0x0000000000000b9c       0x18
 *(SORT_BY_ALIGNMENT(.gnu.hash))
 .gnu.hash      0x0000000000000b9c       0x18 /home/ajender/QemuV1/Docker/buildroot-2023.02.4/output/host/arm-buildroot-linux-gnueabi/sysroot/usr/lib/Scrt1.o

.dynsym         0x0000000000000bb4     0x17c0
 *(SORT_BY_ALIGNMENT(.dynsym))
 .dynsym        0x0000000000000bb4     0x17c0 /home/ajender/QemuV1/Docker/buildroot-2023.02.4/output/host/arm-buildroot-linux-gnueabi/sysroot/usr/lib/Scrt1.o

.dynstr         0x0000000000002374      0xdb9
 *(SORT_BY_ALIGNMENT(.dynstr))
 .dynstr        0x0000000000002374      0xdb9 /home/ajender/QemuV1/Docker/buildroot-2023.02.4/output/host/arm-buildroot-linux-gnueabi/sysroot/usr/lib/Scrt1.o

.gnu.version    0x000000000000312e      0x2f8
 *(SORT_BY_ALIGNMENT(.gnu.version))
 .gnu.version   0x000000000000312e      0x2f8 /home/ajender/QemuV1/Docker/buildroot-2023.02.4/output/host/arm-buildroot-linux-gnueabi/sysroot/usr/lib/Scrt1.o

.gnu.version_d  0x0000000000003428        0x0
 *(SORT_BY_ALIGNMENT(.gnu.version_d))
 .gnu.version_d
                0x0000000000003428        0x0 /home/ajender/QemuV1/Docker/buildroot-2023.02.4/output/host/arm-buildroot-linux-gnueabi/sysroot/usr/lib/Scrt1.o

.gnu.version_r  0x0000000000003428       0xf0
 *(SORT_BY_ALIGNMENT(.gnu.version_r))
 .gnu.version_r
                0x0000000000003428       0xf0 /home/ajender/QemuV1/Docker/buildroot-2023.02.4/output/host/arm-buildroot-linux-gnueabi/sysroot/usr/lib/Scrt1.o

.rel.dyn        0x0000000000003518     0x1b68
 *(SORT_BY_ALIGNMENT(.rel.init))
 *(SORT_BY_ALIGNMENT(.rel.text) SORT_BY_ALIGNMENT(.rel.text.*) SORT_BY_ALIGNMENT(.rel.gnu.linkonce.t.*))
 .rel.text      0x0000000000003518        0x0 /home/ajender/QemuV1/Docker/buildroot-2023.02.4/output/host/arm-buildroot-linux-gnueabi/sysroot/usr/lib/Scrt1.o
 .rel.text.bb_show_usage
                0x0000000000003518        0x0 /home/ajender/QemuV1/Docker/buildroot-2023.02.4/output/host/arm-buildroot-linux-gnueabi/sysroot/usr/lib/Scrt1.o
 .rel.text.lbb_prepare
                0x0000000000003518        0x0 /home/ajender/QemuV1/Docker/buildroot-2023.02.4/output/host/arm-buildroot-linux-gnueabi/sysroot/usr/lib/Scrt1.o
 .rel.text.show_usage_if_dash_dash_help
                0x0000000000003518        0x0 /home/ajender/QemuV1/Docker/buildroot-2023.02.4/output/host/arm-buildroot-linux-gnueabi/sysroot/usr/lib/Scrt1.o
 .rel.text.run_applet_no_and_exit
                0x0000000000003518        0x0 /home/ajender/QemuV1/Docker/buildroot-2023.02.4/output/host/arm-buildroot-linux-gnueabi/sysroot/usr/lib/Scrt1.o
 .rel.text.run_applet_and_exit
                0x0000000000003518        0x0 /home/ajender/QemuV1/Docker/buildroot-2023.02.4/output/host/arm-buildroot-linux-gnueabi/sysroot/usr/lib/Scrt1.o
 .rel.text.bb_perror_msg
                0x0000000000003518        0x0 /home/ajender/QemuV1/Docker/buildroot-2023.02.4/output/host/arm-buildroot-linux-gnueabi/sysroot/usr/lib/Scrt1.o
 .rel.text.bb_perror_msg_and_die
                0x0000000000003518        0x0 /home/ajender/QemuV1/Docker/buildroot-2023.02.4/output/host/arm-buildroot-linux-gnueabi/sysroot/usr/lib/Scrt1.o
 .rel.text.bb_verror_msg
                0x0000000000003518        0x0 /home/ajender/QemuV1/Docker/buildroot-2023.02.4/output/host/arm-buildroot-linux-gnueabi/sysroot/usr/lib/Scrt1.o
 .rel.text.xfunc_die
                0x0000000000003518        0x0 /home/ajender/QemuV1/Docker/buildroot-2023.02.4/output/host/arm-buildroot-linux-gnueabi/sysroot/usr/lib/Scrt1.o
 .rel.text.bin2hex
                0x0000000000003518        0x0 /home/ajender/QemuV1/Docker/buildroot-2023.02.4/output/host/arm-buildroot-linux-gnueabi/sysroot/usr/lib/Scrt1.o
 .rel.text.hex2bin
                0x0000000000003518        0x0 /home/ajender/QemuV1/Docker/buildroot-2023.02.4/output/host/arm-buildroot-linux-gnueabi/sysroot/usr/lib/Scrt1.o
 .rel.text.safe_waitpid
                0x0000000000003518        0x0 /home/ajender/QemuV1/Docker/buildroot-2023.02.4/output/host/arm-buildroot-linux-gnueabi/sysroot/usr/lib/Scrt1.o
 .rel.text.bb_die_memory_exhausted
                0x0000000000003518        0x0 /home/ajender/QemuV1/Docker/buildroot-2023.02.4/output/host/arm-buildroot-linux-gnueabi/sysroot/usr/lib/Scrt1.o
 .rel.text.malloc_or_warn
                0x0000000000003518        0x0 /home/ajender/QemuV1/Docker/buildroot-2023.02.4/output/host/arm-buildroot-linux-gnueabi/sysroot/usr/lib/Scrt1.o
 .rel.text.die_if_ferror_stdout
                0x0000000000003518        0x0 /home/ajender/QemuV1/Docker/buildroot-2023.02.4/output/host/arm-buildroot-linux-gnueabi/sysroot/usr/lib/Scrt1.o
 .rel.text.ioctl_or_perror_and_die
                0x0000000000003518        0x0 /home/ajender/QemuV1/Docker/buildroot-2023.02.4/output/host/arm-buildroot-linux-gnueabi/sysroot/usr/lib/Scrt1.o
 .rel.text.ioctl_or_perror
                0x0000000000003518        0x0 /home/ajender/QemuV1/Docker/buildroot-2023.02.4/output/host/arm-buildroot-linux-gnueabi/sysroot/usr/lib/Scrt1.o
 .rel.text.xmalloc_follow_symlinks
                0x0000000000003518        0x0 /home/ajender/QemuV1/Docker/buildroot-2023.02.4/output/host/arm-buildroot-linux-gnueabi/sysroot/usr/lib/Scrt1.o
 .rel.text.xmalloc_readlink_or_warn
                0x0000000000003518        0x0 /home/ajender/QemuV1/Docker/buildroot-2023.02.4/output/host/arm-buildroot-linux-gnueabi/sysroot/usr/lib/Scrt1.o
 .rel.text.xmalloc_realpath_coreutils
                0x0000000000003518        0x0 /home/ajender/QemuV1/Docker/buildroot-2023.02.4/output/host/arm-buildroot-linux-gnueabi/sysroot/usr/lib/Scrt1.o
 .rel.text.safe_read
                0x0000000000003518        0x0 /home/ajender/QemuV1/Docker/buildroot-2023.02.4/output/host/arm-buildroot-linux-gnueabi/sysroot/usr/lib/Scrt1.o
 .rel.text.safe_write
                0x0000000000003518        0x0 /home/ajender/QemuV1/Docker/buildroot-2023.02.4/output/host/arm-buildroot-linux-gnueabi/sysroot/usr/lib/Scrt1.o
 .rel.text.parse_datestr
                0x0000000000003518        0x0 /home/ajender/QemuV1/Docker/buildroot-2023.02.4/output/host/arm-buildroot-linux-gnueabi/sysroot/usr/lib/Scrt1.o
 .rel.text.validate_tm_time
                0x0000000000003518        0x0 /home/ajender/QemuV1/Docker/buildroot-2023.02.4/output/host/arm-buildroot-linux-gnueabi/sysroot/usr/lib/Scrt1.o
 .rel.text.xrealloc_getcwd_or_warn
                0x0000000000003518        0x0 /home/ajender/QemuV1/Docker/buildroot-2023.02.4/output/host/arm-buildroot-linux-gnueabi/sysroot/usr/lib/Scrt1.o
 .rel.text.handle_errors.isra.0
                0x0000000000003518        0x0 /home/ajender/QemuV1/Docker/buildroot-2023.02.4/output/host/arm-buildroot-linux-gnueabi/sysroot/usr/lib/Scrt1.o
 .rel.text.bb_strtoull
                0x0000000000003518        0x0 /home/ajender/QemuV1/Docker/buildroot-2023.02.4/output/host/arm-buildroot-linux-gnueabi/sysroot/usr/lib/Scrt1.o
 .rel.text.bb_strtoll
                0x0000000000003518        0x0 /home/ajender/QemuV1/Docker/buildroot-2023.02.4/output/host/arm-buildroot-linux-gnueabi/sysroot/usr/lib/Scrt1.o
 .rel.text.bb_strtoul
                0x0000000000003518        0x0 /home/ajender/QemuV1/Docker/buildroot-2023.02.4/output/host/arm-buildroot-linux-gnueabi/sysroot/usr/lib/Scrt1.o
 .rel.text.bb_strtol
                0x0000000000003518        0x0 /home/ajender/QemuV1/Docker/buildroot-2023.02.4/output/host/arm-buildroot-linux-gnueabi/sysroot/usr/lib/Scrt1.o
 .rel.text.addgroup_main
                0x0000000000003518        0x0 /home/ajender/QemuV1/Docker/buildroot-2023.02.4/output/host/arm-buildroot-linux-gnueabi/sysroot/usr/lib/Scrt1.o
 .rel.text.adduser_main
                0x0000000000003518        0x0 /home/ajender/QemuV1/Docker/buildroot-2023.02.4/output/host/arm-buildroot-linux-gnueabi/sysroot/usr/lib/Scrt1.o
 .rel.text.cryptpw_main
                0x0000000000003518        0x0 /home/ajender/QemuV1/Docker/buildroot-2023.02.4/output/host/arm-buildroot-linux-gnueabi/sysroot/usr/lib/Scrt1.o
 .rel.text.deluser_main
                0x0000000000003518        0x0 /home/ajender/QemuV1/Docker/buildroot-2023.02.4/output/host/arm-buildroot-linux-gnueabi/sysroot/usr/lib/Scrt1.o
 .rel.text.set_tty_attrs
                0x0000000000003518        0x0 /home/ajender/QemuV1/Docker/buildroot-2023.02.4/output/host/arm-buildroot-linux-gnueabi/sysroot/usr/lib/Scrt1.o
 .rel.text.finalize_tty_attrs
                0x0000000000003518        0x0 /home/ajender/QemuV1/Docker/buildroot-2023.02.4/output/host/arm-buildroot-linux-gnueabi/sysroot/usr/lib/Scrt1.o
 .rel.text.getty_main
                0x0000000000003518        0x0 /home/ajender/QemuV1/Docker/buildroot-2023.02.4/output/host/arm-buildroot-linux-gnueabi/sysroot/usr/lib/Scrt1.o
 .rel.text.login_main
                0x0000000000003518        0x0 /home/ajender/QemuV1/Docker/buildroot-2023.02.4/output/host/arm-buildroot-linux-gnueabi/sysroot/usr/lib/Scrt1.o
 .rel.text.passwd_main
                0x0000000000003518        0x0 /home/ajender/QemuV1/Docker/buildroot-2023.02.4/output/host/arm-buildroot-linux-gnueabi/sysroot/usr/lib/Scrt1.o
 .rel.text.su_main
                0x0000000000003518        0x0 /home/ajender/QemuV1/Docker/buildroot-2023.02.4/output/host/arm-buildroot-linux-gnueabi/sysroot/usr/lib/Scrt1.o
 .rel.text.sulogin_main
                0x0000000000003518        0x0 /home/ajender/QemuV1/Docker/buildroot-2023.02.4/output/host/arm-buildroot-linux-gnueabi/sysroot/usr/lib/Scrt1.o
 .rel.text.release_vt
                0x0000000000003518        0x0 /home/ajender/QemuV1/Docker/buildroot-2023.02.4/output/host/arm-buildroot-linux-gnueabi/sysroot/usr/lib/Scrt1.o
 .rel.text.vlock_main
                0x0000000000003518        0x0 /home/ajender/QemuV1/Docker/buildroot-2023.02.4/output/host/arm-buildroot-linux-gnueabi/sysroot/usr/lib/Scrt1.o
 .rel.text.xc_program_func
                0x0000000000003518        0x0 /home/ajender/QemuV1/Docker/buildroot-2023.02.4/output/host/arm-buildroot-linux-gnueabi/sysroot/usr/lib/Scrt1.o
 .rel.text.bc_program_current_func
                0x0000000000003518        0x0 /home/ajender/QemuV1/Docker/buildroot-2023.02.4/output/host/arm-buildroot-linux-gnueabi/sysroot/usr/lib/Scrt1.o
 .rel.text.xc_program_str
                0x0000000000003518        0x0 /home/ajender/QemuV1/Docker/buildroot-2023.02.4/output/host/arm-buildroot-linux-gnueabi/sysroot/usr/lib/Scrt1.o
 .rel.text.xc_lex_lineComment
                0x0000000000003518        0x0 /home/ajender/QemuV1/Docker/buildroot-2023.02.4/output/host/arm-buildroot-linux-gnueabi/sysroot/usr/lib/Scrt1.o
 .rel.text.xc_lex_whitespace
                0x0000000000003518        0x0 /home/ajender/QemuV1/Docker/buildroot-2023.02.4/output/host/arm-buildroot-linux-gnueabi/sysroot/usr/lib/Scrt1.o
 .rel.text.parse_lex_by_checking_eq_sign
                0x0000000000003518        0x0 /home/ajender/QemuV1/Docker/buildroot-2023.02.4/output/host/arm-buildroot-linux-gnueabi/sysroot/usr/lib/Scrt1.o
 .rel.text.xc_program_reset
                0x0000000000003518        0x0 /home/ajender/QemuV1/Docker/buildroot-2023.02.4/output/host/arm-buildroot-linux-gnueabi/sysroot/usr/lib/Scrt1.o
 .rel.text.rewrite_label_to_current
                0x0000000000003518        0x0 /home/ajender/QemuV1/Docker/buildroot-2023.02.4/output/host/arm-buildroot-linux-gnueabi/sysroot/usr/lib/Scrt1.o
 .rel.text.xc_parse_free
                0x0000000000003518        0x0 /home/ajender/QemuV1/Docker/buildroot-2023.02.4/output/host/arm-buildroot-linux-gnueabi/sysroot/usr/lib/Scrt1.o
 .rel.text.xc_parse_create
                0x0000000000003518        0x0 /home/ajender/QemuV1/Docker/buildroot-2023.02.4/output/host/arm-buildroot-linux-gnueabi/sysroot/usr/lib/Scrt1.o
 .rel.text.xc_program_add_fn
                0x0000000000003518        0x0 /home/ajender/QemuV1/Docker/buildroot-2023.02.4/output/host/arm-buildroot-linux-gnueabi/sysroot/usr/lib/Scrt1.o
 .rel.text.bc_args
                0x0000000000003518        0x0 /home/ajender/QemuV1/Docker/buildroot-2023.02.4/output/host/arm-buildroot-linux-gnueabi/sysroot/usr/lib/Scrt1.o
 .rel.text.bc_verror_msg
                0x0000000000003518        0x0 /home/ajender/QemuV1/Docker/buildroot-2023.02.4/output/host/arm-buildroot-linux-gnueabi/sysroot/usr/lib/Scrt1.o
 .rel.text.zbc_posix_error_fmt
                0x0000000000003518        0x0 /home/ajender/QemuV1/Docker/buildroot-2023.02.4/output/host/arm-buildroot-linux-gnueabi/sysroot/usr/lib/Scrt1.o
 .rel.text.bc_error_fmt
                0x0000000000003518        0x0 /home/ajender/QemuV1/Docker/buildroot-2023.02.4/output/host/arm-buildroot-linux-gnueabi/sysroot/usr/lib/Scrt1.o
 .rel.text.xc_parse_pushName
                0x0000000000003518        0x0 /home/ajender/QemuV1/Docker/buildroot-2023.02.4/output/host/arm-buildroot-linux-gnueabi/sysroot/usr/lib/Scrt1.o
 .rel.text.bc_error_at
                0x0000000000003518        0x0 /home/ajender/QemuV1/Docker/buildroot-2023.02.4/output/host/arm-buildroot-linux-gnueabi/sysroot/usr/lib/Scrt1.o
 .rel.text.bc_num_printNewline
                0x0000000000003518        0x0 /home/ajender/QemuV1/Docker/buildroot-2023.02.4/output/host/arm-buildroot-linux-gnueabi/sysroot/usr/lib/Scrt1.o
 .rel.text.bc_num_printHex
                0x0000000000003518        0x0 /home/ajender/QemuV1/Docker/buildroot-2023.02.4/output/host/arm-buildroot-linux-gnueabi/sysroot/usr/lib/Scrt1.o
 .rel.text.bc_num_printDigits
                0x0000000000003518        0x0 /home/ajender/QemuV1/Docker/buildroot-2023.02.4/output/host/arm-buildroot-linux-gnueabi/sysroot/usr/lib/Scrt1.o
 .rel.text.dc_num_printChar
                0x0000000000003518        0x0 /home/ajender/QemuV1/Docker/buildroot-2023.02.4/output/host/arm-buildroot-linux-gnueabi/sysroot/usr/lib/Scrt1.o
 .rel.text.xc_program_dereference.isra.0
                0x0000000000003518        0x0 /home/ajender/QemuV1/Docker/buildroot-2023.02.4/output/host/arm-buildroot-linux-gnueabi/sysroot/usr/lib/Scrt1.o
 .rel.text.bc_vec_pushZeroByte.isra.0
                0x0000000000003518        0x0 /home/ajender/QemuV1/Docker/buildroot-2023.02.4/output/host/arm-buildroot-linux-gnueabi/sysroot/usr/lib/Scrt1.o
 .rel.text.xc_lex_name
                0x0000000000003518        0x0 /home/ajender/QemuV1/Docker/buildroot-2023.02.4/output/host/arm-buildroot-linux-gnueabi/sysroot/usr/lib/Scrt1.o
 .rel.text.bc_result_pop_and_push.isra.0
                0x0000000000003518        0x0 /home/ajender/QemuV1/Docker/buildroot-2023.02.4/output/host/arm-buildroot-linux-gnueabi/sysroot/usr/lib/Scrt1.o
 .rel.text.xc_program_binOpRetire
                0x0000000000003518        0x0 /home/ajender/QemuV1/Docker/buildroot-2023.02.4/output/host/arm-buildroot-linux-gnueabi/sysroot/usr/lib/Scrt1.o
 .rel.text.xc_parse_push
                0x0000000000003518        0x0 /home/ajender/QemuV1/Docker/buildroot-2023.02.4/output/host/arm-buildroot-linux-gnueabi/sysroot/usr/lib/Scrt1.o
 .rel.text.xc_parse_pushInst_and_Index
                0x0000000000003518        0x0 /home/ajender/QemuV1/Docker/buildroot-2023.02.4/output/host/arm-buildroot-linux-gnueabi/sysroot/usr/lib/Scrt1.o
 .rel.text.xc_parse_pushNUM
                0x0000000000003518        0x0 /home/ajender/QemuV1/Docker/buildroot-2023.02.4/output/host/arm-buildroot-linux-gnueabi/sysroot/usr/lib/Scrt1.o
 .rel.text.bc_parse_operator
                0x0000000000003518        0x0 /home/ajender/QemuV1/Docker/buildroot-2023.02.4/output/host/arm-buildroot-linux-gnueabi/sysroot/usr/lib/Scrt1.o
 .rel.text.xc_read_line
                0x0000000000003518        0x0 /home/ajender/QemuV1/Docker/buildroot-2023.02.4/output/host/arm-buildroot-linux-gnueabi/sysroot/usr/lib/Scrt1.o
 .rel.text.peek_inbuf
                0x0000000000003518        0x0 /home/ajender/QemuV1/Docker/buildroot-2023.02.4/output/host/arm-buildroot-linux-gnueabi/sysroot/usr/lib/Scrt1.o
 .rel.text.eat_inbuf
                0x0000000000003518        0x0 /home/ajender/QemuV1/Docker/buildroot-2023.02.4/output/host/arm-buildroot-linux-gnueabi/sysroot/usr/lib/Scrt1.o
 .rel.text.zxc_lex_number
                0x0000000000003518        0x0 /home/ajender/QemuV1/Docker/buildroot-2023.02.4/output/host/arm-buildroot-linux-gnueabi/sysroot/usr/lib/Scrt1.o
 .rel.text.zbc_num_k
                0x0000000000003518        0x0 /home/ajender/QemuV1/Docker/buildroot-2023.02.4/output/host/arm-buildroot-linux-gnueabi/sysroot/usr/lib/Scrt1.o
 .rel.text.zbc_num_d
                0x0000000000003518        0x0 /home/ajender/QemuV1/Docker/buildroot-2023.02.4/output/host/arm-buildroot-linux-gnueabi/sysroot/usr/lib/Scrt1.o
 .rel.text.bc_program_addFunc
                0x0000000000003518        0x0 /home/ajender/QemuV1/Docker/buildroot-2023.02.4/output/host/arm-buildroot-linux-gnueabi/sysroot/usr/lib/Scrt1.o
 .rel.text.xc_vm_init
                0x0000000000003518        0x0 /home/ajender/QemuV1/Docker/buildroot-2023.02.4/output/host/arm-buildroot-linux-gnueabi/sysroot/usr/lib/Scrt1.o
 .rel.text.xc_program_search
                0x0000000000003518        0x0 /home/ajender/QemuV1/Docker/buildroot-2023.02.4/output/host/arm-buildroot-linux-gnueabi/sysroot/usr/lib/Scrt1.o
 .rel.text.xc_program_pushVar
                0x0000000000003518        0x0 /home/ajender/QemuV1/Docker/buildroot-2023.02.4/output/host/arm-buildroot-linux-gnueabi/sysroot/usr/lib/Scrt1.o
 .rel.text.zxc_program_num
                0x0000000000003518        0x0 /home/ajender/QemuV1/Docker/buildroot-2023.02.4/output/host/arm-buildroot-linux-gnueabi/sysroot/usr/lib/Scrt1.o
 .rel.text.zxc_program_binOpPrep
                0x0000000000003518        0x0 /home/ajender/QemuV1/Docker/buildroot-2023.02.4/output/host/arm-buildroot-linux-gnueabi/sysroot/usr/lib/Scrt1.o
 .rel.text.zxc_program_prep
                0x0000000000003518        0x0 /home/ajender/QemuV1/Docker/buildroot-2023.02.4/output/host/arm-buildroot-linux-gnueabi/sysroot/usr/lib/Scrt1.o
 .rel.text.xc_program_print
                0x0000000000003518        0x0 /home/ajender/QemuV1/Docker/buildroot-2023.02.4/output/host/arm-buildroot-linux-gnueabi/sysroot/usr/lib/Scrt1.o
 .rel.text.zxc_program_assign
                0x0000000000003518        0x0 /home/ajender/QemuV1/Docker/buildroot-2023.02.4/output/host/arm-buildroot-linux-gnueabi/sysroot/usr/lib/Scrt1.o
 .rel.text.zxc_program_popResultAndCopyToVar
                0x0000000000003518        0x0 /home/ajender/QemuV1/Docker/buildroot-2023.02.4/output/host/arm-buildroot-linux-gnueabi/sysroot/usr/lib/Scrt1.o
 .rel.text.zxc_lex_next
                0x0000000000003518        0x0 /home/ajender/QemuV1/Docker/buildroot-2023.02.4/output/host/arm-buildroot-linux-gnueabi/sysroot/usr/lib/Scrt1.o
 .rel.text.zxc_parse_text_init
                0x0000000000003518        0x0 /home/ajender/QemuV1/Docker/buildroot-2023.02.4/output/host/arm-buildroot-linux-gnueabi/sysroot/usr/lib/Scrt1.o
 .rel.text.zbc_parse_pushSTR
                0x0000000000003518        0x0 /home/ajender/QemuV1/Docker/buildroot-2023.02.4/output/host/arm-buildroot-linux-gnueabi/sysroot/usr/lib/Scrt1.o
 .rel.text.zdc_parse_register
                0x0000000000003518        0x0 /home/ajender/QemuV1/Docker/buildroot-2023.02.4/output/host/arm-buildroot-linux-gnueabi/sysroot/usr/lib/Scrt1.o
 .rel.text.zdc_parse_expr
                0x0000000000003518        0x0 /home/ajender/QemuV1/Docker/buildroot-2023.02.4/output/host/arm-buildroot-linux-gnueabi/sysroot/usr/lib/Scrt1.o
 .rel.text.zdc_parse_exprs_until_eof
                0x0000000000003518        0x0 /home/ajender/QemuV1/Docker/buildroot-2023.02.4/output/host/arm-buildroot-linux-gnueabi/sysroot/usr/lib/Scrt1.o
 .rel.text.zbc_parse_expr
                0x0000000000003518        0x0 /home/ajender/QemuV1/Docker/buildroot-2023.02.4/output/host/arm-buildroot-linux-gnueabi/sysroot/usr/lib/Scrt1.o
 .rel.text.zbc_parse_name
                0x0000000000003518        0x0 /home/ajender/QemuV1/Docker/buildroot-2023.02.4/output/host/arm-buildroot-linux-gnueabi/sysroot/usr/lib/Scrt1.o
 .rel.text.zbc_parse_stmt_possibly_auto
                0x0000000000003518        0x0 /home/ajender/QemuV1/Docker/buildroot-2023.02.4/output/host/arm-buildroot-linux-gnueabi/sysroot/usr/lib/Scrt1.o
 .rel.text.zbc_parse_stmt_allow_NLINE_before
                0x0000000000003518        0x0 /home/ajender/QemuV1/Docker/buildroot-2023.02.4/output/host/arm-buildroot-linux-gnueabi/sysroot/usr/lib/Scrt1.o
 .rel.text.zxc_vm_process
                0x0000000000003518        0x0 /home/ajender/QemuV1/Docker/buildroot-2023.02.4/output/host/arm-buildroot-linux-gnueabi/sysroot/usr/lib/Scrt1.o
 .rel.text.zxc_vm_execute_FILE
                0x0000000000003518        0x0 /home/ajender/QemuV1/Docker/buildroot-2023.02.4/output/host/arm-buildroot-linux-gnueabi/sysroot/usr/lib/Scrt1.o
 .rel.text.zxc_vm_exec
                0x0000000000003518        0x0 /home/ajender/QemuV1/Docker/buildroot-2023.02.4/output/host/arm-buildroot-linux-gnueabi/sysroot/usr/lib/Scrt1.o
 .rel.text.bc_main
                0x0000000000003518        0x0 /home/ajender/QemuV1/Docker/buildroot-2023.02.4/output/host/arm-buildroot-linux-gnueabi/sysroot/usr/lib/Scrt1.o
 .rel.text.dc_main
                0x0000000000003518        0x0 /home/ajender/QemuV1/Docker/buildroot-2023.02.4/output/host/arm-buildroot-linux-gnueabi/sysroot/usr/lib/Scrt1.o
 .rel.text.ParseField
                0x0000000000003518        0x0 /home/ajender/QemuV1/Docker/buildroot-2023.02.4/output/host/arm-buildroot-linux-gnueabi/sysroot/usr/lib/Scrt1.o
 .rel.text.crond_main
                0x0000000000003518        0x0 /home/ajender/QemuV1/Docker/buildroot-2023.02.4/output/host/arm-buildroot-linux-gnueabi/sysroot/usr/lib/Scrt1.o
 .rel.text.crontab_main
                0x0000000000003518        0x0 /home/ajender/QemuV1/Docker/buildroot-2023.02.4/output/host/arm-buildroot-linux-gnueabi/sysroot/usr/lib/Scrt1.o
 .rel.text.devmem_main
                0x0000000000003518        0x0 /home/ajender/QemuV1/Docker/buildroot-2023.02.4/output/host/arm-buildroot-linux-gnueabi/sysroot/usr/lib/Scrt1.o
 .rel.text.translate_xfermode
                0x0000000000003518        0x0 /home/ajender/QemuV1/Docker/buildroot-2023.02.4/output/host/arm-buildroot-linux-gnueabi/sysroot/usr/lib/Scrt1.o
 .rel.text.flush_buffer_cache
                0x0000000000003518        0x0 /home/ajender/QemuV1/Docker/buildroot-2023.02.4/output/host/arm-buildroot-linux-gnueabi/sysroot/usr/lib/Scrt1.o
 .rel.text.process_dev
                0x0000000000003518        0x0 /home/ajender/QemuV1/Docker/buildroot-2023.02.4/output/host/arm-buildroot-linux-gnueabi/sysroot/usr/lib/Scrt1.o
 .rel.text.format_line
                0x0000000000003518        0x0 /home/ajender/QemuV1/Docker/buildroot-2023.02.4/output/host/arm-buildroot-linux-gnueabi/sysroot/usr/lib/Scrt1.o
 .rel.text.redraw_cur_line
                0x0000000000003518        0x0 /home/ajender/QemuV1/Docker/buildroot-2023.02.4/output/host/arm-buildroot-linux-gnueabi/sysroot/usr/lib/Scrt1.o
 .rel.text.redraw
                0x0000000000003518        0x0 /home/ajender/QemuV1/Docker/buildroot-2023.02.4/output/host/arm-buildroot-linux-gnueabi/sysroot/usr/lib/Scrt1.o
 .rel.text.restore_term
                0x0000000000003518        0x0 /home/ajender/QemuV1/Docker/buildroot-2023.02.4/output/host/arm-buildroot-linux-gnueabi/sysroot/usr/lib/Scrt1.o
 .rel.text.sig_catcher
                0x0000000000003518        0x0 /home/ajender/QemuV1/Docker/buildroot-2023.02.4/output/host/arm-buildroot-linux-gnueabi/sysroot/usr/lib/Scrt1.o
 .rel.text.remap
                0x0000000000003518        0x0 /home/ajender/QemuV1/Docker/buildroot-2023.02.4/output/host/arm-buildroot-linux-gnueabi/sysroot/usr/lib/Scrt1.o
 .rel.text.move_mapping_further
                0x0000000000003518        0x0 /home/ajender/QemuV1/Docker/buildroot-2023.02.4/output/host/arm-buildroot-linux-gnueabi/sysroot/usr/lib/Scrt1.o
 .rel.text.move_mapping_lower
                0x0000000000003518        0x0 /home/ajender/QemuV1/Docker/buildroot-2023.02.4/output/host/arm-buildroot-linux-gnueabi/sysroot/usr/lib/Scrt1.o
 .rel.text.hexedit_main
                0x0000000000003518        0x0 /home/ajender/QemuV1/Docker/buildroot-2023.02.4/output/host/arm-buildroot-linux-gnueabi/sysroot/usr/lib/Scrt1.o
 .rel.text.i2c_dev_open
                0x0000000000003518        0x0 /home/ajender/QemuV1/Docker/buildroot-2023.02.4/output/host/arm-buildroot-linux-gnueabi/sysroot/usr/lib/Scrt1.o
 .rel.text.i2cdetect_main
                0x0000000000003518        0x0 /home/ajender/QemuV1/Docker/buildroot-2023.02.4/output/host/arm-buildroot-linux-gnueabi/sysroot/usr/lib/Scrt1.o
 .rel.text.at_end
                0x0000000000003518        0x0 /home/ajender/QemuV1/Docker/buildroot-2023.02.4/output/host/arm-buildroot-linux-gnueabi/sysroot/usr/lib/Scrt1.o
 .rel.text.safe_lineno
                0x0000000000003518        0x0 /home/ajender/QemuV1/Docker/buildroot-2023.02.4/output/host/arm-buildroot-linux-gnueabi/sysroot/usr/lib/Scrt1.o
 .rel.text.set_tty_cooked
                0x0000000000003518        0x0 /home/ajender/QemuV1/Docker/buildroot-2023.02.4/output/host/arm-buildroot-linux-gnueabi/sysroot/usr/lib/Scrt1.o
 .rel.text.clear_line
                0x0000000000003518        0x0 /home/ajender/QemuV1/Docker/buildroot-2023.02.4/output/host/arm-buildroot-linux-gnueabi/sysroot/usr/lib/Scrt1.o
 .rel.text.restore_tty
                0x0000000000003518        0x0 /home/ajender/QemuV1/Docker/buildroot-2023.02.4/output/host/arm-buildroot-linux-gnueabi/sysroot/usr/lib/Scrt1.o
 .rel.text.print_statusline
                0x0000000000003518        0x0 /home/ajender/QemuV1/Docker/buildroot-2023.02.4/output/host/arm-buildroot-linux-gnueabi/sysroot/usr/lib/Scrt1.o
 .rel.text.fill_match_lines
                0x0000000000003518        0x0 /home/ajender/QemuV1/Docker/buildroot-2023.02.4/output/host/arm-buildroot-linux-gnueabi/sysroot/usr/lib/Scrt1.o
 .rel.text.read_lines
                0x0000000000003518        0x0 /home/ajender/QemuV1/Docker/buildroot-2023.02.4/output/host/arm-buildroot-linux-gnueabi/sysroot/usr/lib/Scrt1.o
 .rel.text.goto_lineno
                0x0000000000003518        0x0 /home/ajender/QemuV1/Docker/buildroot-2023.02.4/output/host/arm-buildroot-linux-gnueabi/sysroot/usr/lib/Scrt1.o
 .rel.text.cap_cur_fline
                0x0000000000003518        0x0 /home/ajender/QemuV1/Docker/buildroot-2023.02.4/output/host/arm-buildroot-linux-gnueabi/sysroot/usr/lib/Scrt1.o
 .rel.text.update_num_lines
                0x0000000000003518        0x0 /home/ajender/QemuV1/Docker/buildroot-2023.02.4/output/host/arm-buildroot-linux-gnueabi/sysroot/usr/lib/Scrt1.o
 .rel.text.m_status_print
                0x0000000000003518        0x0 /home/ajender/QemuV1/Docker/buildroot-2023.02.4/output/host/arm-buildroot-linux-gnueabi/sysroot/usr/lib/Scrt1.o
 .rel.text.status_print
                0x0000000000003518        0x0 /home/ajender/QemuV1/Docker/buildroot-2023.02.4/output/host/arm-buildroot-linux-gnueabi/sysroot/usr/lib/Scrt1.o
 .rel.text.buffer_print
                0x0000000000003518        0x0 /home/ajender/QemuV1/Docker/buildroot-2023.02.4/output/host/arm-buildroot-linux-gnueabi/sysroot/usr/lib/Scrt1.o
 .rel.text.buffer_fill_and_print
                0x0000000000003518        0x0 /home/ajender/QemuV1/Docker/buildroot-2023.02.4/output/host/arm-buildroot-linux-gnueabi/sysroot/usr/lib/Scrt1.o
 .rel.text.reinitialize
                0x0000000000003518        0x0 /home/ajender/QemuV1/Docker/buildroot-2023.02.4/output/host/arm-buildroot-linux-gnueabi/sysroot/usr/lib/Scrt1.o
 .rel.text.change_file
                0x0000000000003518        0x0 /home/ajender/QemuV1/Docker/buildroot-2023.02.4/output/host/arm-buildroot-linux-gnueabi/sysroot/usr/lib/Scrt1.o
 .rel.text.buffer_down
                0x0000000000003518        0x0 /home/ajender/QemuV1/Docker/buildroot-2023.02.4/output/host/arm-buildroot-linux-gnueabi/sysroot/usr/lib/Scrt1.o
 .rel.text.buffer_up
                0x0000000000003518        0x0 /home/ajender/QemuV1/Docker/buildroot-2023.02.4/output/host/arm-buildroot-linux-gnueabi/sysroot/usr/lib/Scrt1.o
 .rel.text.buffer_to_line
                0x0000000000003518        0x0 /home/ajender/QemuV1/Docker/buildroot-2023.02.4/output/host/arm-buildroot-linux-gnueabi/sysroot/usr/lib/Scrt1.o
 .rel.text.goto_match
                0x0000000000003518        0x0 /home/ajender/QemuV1/Docker/buildroot-2023.02.4/output/host/arm-buildroot-linux-gnueabi/sysroot/usr/lib/Scrt1.o
 .rel.text.getch_nowait
                0x0000000000003518        0x0 /home/ajender/QemuV1/Docker/buildroot-2023.02.4/output/host/arm-buildroot-linux-gnueabi/sysroot/usr/lib/Scrt1.o
 .rel.text.less_getch
                0x0000000000003518        0x0 /home/ajender/QemuV1/Docker/buildroot-2023.02.4/output/host/arm-buildroot-linux-gnueabi/sysroot/usr/lib/Scrt1.o
 .rel.text.less_gets
                0x0000000000003518        0x0 /home/ajender/QemuV1/Docker/buildroot-2023.02.4/output/host/arm-buildroot-linux-gnueabi/sysroot/usr/lib/Scrt1.o
 .rel.text.examine_file
                0x0000000000003518        0x0 /home/ajender/QemuV1/Docker/buildroot-2023.02.4/output/host/arm-buildroot-linux-gnueabi/sysroot/usr/lib/Scrt1.o
 .rel.text.regex_process
                0x0000000000003518        0x0 /home/ajender/QemuV1/Docker/buildroot-2023.02.4/output/host/arm-buildroot-linux-gnueabi/sysroot/usr/lib/Scrt1.o
 .rel.text.less_main
                0x0000000000003518        0x0 /home/ajender/QemuV1/Docker/buildroot-2023.02.4/output/host/arm-buildroot-linux-gnueabi/sysroot/usr/lib/Scrt1.o
 .rel.text.lsscsi_main
                0x0000000000003518        0x0 /home/ajender/QemuV1/Docker/buildroot-2023.02.4/output/host/arm-buildroot-linux-gnueabi/sysroot/usr/lib/Scrt1.o
 .rel.text.makedevs_main
                0x0000000000003518        0x0 /home/ajender/QemuV1/Docker/buildroot-2023.02.4/output/host/arm-buildroot-linux-gnueabi/sysroot/usr/lib/Scrt1.o
 .rel.text.microcom_main
                0x0000000000003518        0x0 /home/ajender/QemuV1/Docker/buildroot-2023.02.4/output/host/arm-buildroot-linux-gnueabi/sysroot/usr/lib/Scrt1.o
 .rel.text.seedrng_main
                0x0000000000003518        0x0 /home/ajender/QemuV1/Docker/buildroot-2023.02.4/output/host/arm-buildroot-linux-gnueabi/sysroot/usr/lib/Scrt1.o
 .rel.text.setserial_main
                0x0000000000003518        0x0 /home/ajender/QemuV1/Docker/buildroot-2023.02.4/output/host/arm-buildroot-linux-gnueabi/sysroot/usr/lib/Scrt1.o
 .rel.text.strings_main
                0x0000000000003518        0x0 /home/ajender/QemuV1/Docker/buildroot-2023.02.4/output/host/arm-buildroot-linux-gnueabi/sysroot/usr/lib/Scrt1.o
 .rel.text.run_command
                0x0000000000003518        0x0 /home/ajender/QemuV1/Docker/buildroot-2023.02.4/output/host/arm-buildroot-linux-gnueabi/sysroot/usr/lib/Scrt1.o
 .rel.text.load_modules_dep
                0x0000000000003518        0x0 /home/ajender/QemuV1/Docker/buildroot-2023.02.4/output/host/arm-buildroot-linux-gnueabi/sysroot/usr/lib/Scrt1.o
 .rel.text.get_or_add_modentry
                0x0000000000003518        0x0 /home/ajender/QemuV1/Docker/buildroot-2023.02.4/output/host/arm-buildroot-linux-gnueabi/sysroot/usr/lib/Scrt1.o
 .rel.text.add_probe
                0x0000000000003518        0x0 /home/ajender/QemuV1/Docker/buildroot-2023.02.4/output/host/arm-buildroot-linux-gnueabi/sysroot/usr/lib/Scrt1.o
 .rel.text.do_modprobe
                0x0000000000003518        0x0 /home/ajender/QemuV1/Docker/buildroot-2023.02.4/output/host/arm-buildroot-linux-gnueabi/sysroot/usr/lib/Scrt1.o
 .rel.text.config_file_action
                0x0000000000003518        0x0 /home/ajender/QemuV1/Docker/buildroot-2023.02.4/output/host/arm-buildroot-linux-gnueabi/sysroot/usr/lib/Scrt1.o
 .rel.text.modprobe_main
                0x0000000000003518        0x0 /home/ajender/QemuV1/Docker/buildroot-2023.02.4/output/host/arm-buildroot-linux-gnueabi/sysroot/usr/lib/Scrt1.o
 .rel.text.bb_init_module
                0x0000000000003518        0x0 /home/ajender/QemuV1/Docker/buildroot-2023.02.4/output/host/arm-buildroot-linux-gnueabi/sysroot/usr/lib/Scrt1.o
 .rel.text.bb_delete_module
                0x0000000000003518        0x0 /home/ajender/QemuV1/Docker/buildroot-2023.02.4/output/host/arm-buildroot-linux-gnueabi/sysroot/usr/lib/Scrt1.o
 .rel.text.arp_show
                0x0000000000003518        0x0 /home/ajender/QemuV1/Docker/buildroot-2023.02.4/output/host/arm-buildroot-linux-gnueabi/sysroot/usr/lib/Scrt1.o
 .rel.text.arp_main
                0x0000000000003518        0x0 /home/ajender/QemuV1/Docker/buildroot-2023.02.4/output/host/arm-buildroot-linux-gnueabi/sysroot/usr/lib/Scrt1.o
 .rel.text.finish
                0x0000000000003518        0x0 /home/ajender/QemuV1/Docker/buildroot-2023.02.4/output/host/arm-buildroot-linux-gnueabi/sysroot/usr/lib/Scrt1.o
 .rel.text.catcher
                0x0000000000003518        0x0 /home/ajender/QemuV1/Docker/buildroot-2023.02.4/output/host/arm-buildroot-linux-gnueabi/sysroot/usr/lib/Scrt1.o
 .rel.text.arping_main
                0x0000000000003518        0x0 /home/ajender/QemuV1/Docker/buildroot-2023.02.4/output/host/arm-buildroot-linux-gnueabi/sysroot/usr/lib/Scrt1.o
 .rel.text.dnsd_main
                0x0000000000003518        0x0 /home/ajender/QemuV1/Docker/buildroot-2023.02.4/output/host/arm-buildroot-linux-gnueabi/sysroot/usr/lib/Scrt1.o
 .rel.text.do_sethostname
                0x0000000000003518        0x0 /home/ajender/QemuV1/Docker/buildroot-2023.02.4/output/host/arm-buildroot-linux-gnueabi/sysroot/usr/lib/Scrt1.o
 .rel.text.hostname_main
                0x0000000000003518        0x0 /home/ajender/QemuV1/Docker/buildroot-2023.02.4/output/host/arm-buildroot-linux-gnueabi/sysroot/usr/lib/Scrt1.o
 .rel.text.doit
                0x0000000000003518        0x0 /home/ajender/QemuV1/Docker/buildroot-2023.02.4/output/host/arm-buildroot-linux-gnueabi/sysroot/usr/lib/Scrt1.o
 .rel.text.ifupdown_main
                0x0000000000003518        0x0 /home/ajender/QemuV1/Docker/buildroot-2023.02.4/output/host/arm-buildroot-linux-gnueabi/sysroot/usr/lib/Scrt1.o
 .rel.text.reap_child
                0x0000000000003518        0x0 /home/ajender/QemuV1/Docker/buildroot-2023.02.4/output/host/arm-buildroot-linux-gnueabi/sysroot/usr/lib/Scrt1.o
 .rel.text.retry_network_setup
                0x0000000000003518        0x0 /home/ajender/QemuV1/Docker/buildroot-2023.02.4/output/host/arm-buildroot-linux-gnueabi/sysroot/usr/lib/Scrt1.o
 .rel.text.parse_one_line
                0x0000000000003518        0x0 /home/ajender/QemuV1/Docker/buildroot-2023.02.4/output/host/arm-buildroot-linux-gnueabi/sysroot/usr/lib/Scrt1.o
 .rel.text.reread_config_file
                0x0000000000003518        0x0 /home/ajender/QemuV1/Docker/buildroot-2023.02.4/output/host/arm-buildroot-linux-gnueabi/sysroot/usr/lib/Scrt1.o
 .rel.text.inetd_main
                0x0000000000003518        0x0 /home/ajender/QemuV1/Docker/buildroot-2023.02.4/output/host/arm-buildroot-linux-gnueabi/sysroot/usr/lib/Scrt1.o
 .rel.text.do_if_print
                0x0000000000003518        0x0 /home/ajender/QemuV1/Docker/buildroot-2023.02.4/output/host/arm-buildroot-linux-gnueabi/sysroot/usr/lib/Scrt1.o
 .rel.text.ipaddr_main
                0x0000000000003518        0x0 /home/ajender/QemuV1/Docker/buildroot-2023.02.4/output/host/arm-buildroot-linux-gnueabi/sysroot/usr/lib/Scrt1.o
 .rel.text.iplink_main
                0x0000000000003518        0x0 /home/ajender/QemuV1/Docker/buildroot-2023.02.4/output/host/arm-buildroot-linux-gnueabi/sysroot/usr/lib/Scrt1.o
 .rel.text.iproute_main
                0x0000000000003518        0x0 /home/ajender/QemuV1/Docker/buildroot-2023.02.4/output/host/arm-buildroot-linux-gnueabi/sysroot/usr/lib/Scrt1.o
 .rel.text.iprule_main
                0x0000000000003518        0x0 /home/ajender/QemuV1/Docker/buildroot-2023.02.4/output/host/arm-buildroot-linux-gnueabi/sysroot/usr/lib/Scrt1.o
 .rel.text.iptunnel_main
                0x0000000000003518        0x0 /home/ajender/QemuV1/Docker/buildroot-2023.02.4/output/host/arm-buildroot-linux-gnueabi/sysroot/usr/lib/Scrt1.o
 .rel.text.ipneigh_main
                0x0000000000003518        0x0 /home/ajender/QemuV1/Docker/buildroot-2023.02.4/output/host/arm-buildroot-linux-gnueabi/sysroot/usr/lib/Scrt1.o
 .rel.text.nameif_main
                0x0000000000003518        0x0 /home/ajender/QemuV1/Docker/buildroot-2023.02.4/output/host/arm-buildroot-linux-gnueabi/sysroot/usr/lib/Scrt1.o
 .rel.text.print_inet_line
                0x0000000000003518        0x0 /home/ajender/QemuV1/Docker/buildroot-2023.02.4/output/host/arm-buildroot-linux-gnueabi/sysroot/usr/lib/Scrt1.o
 .rel.text.unix_do_one
                0x0000000000003518        0x0 /home/ajender/QemuV1/Docker/buildroot-2023.02.4/output/host/arm-buildroot-linux-gnueabi/sysroot/usr/lib/Scrt1.o
 .rel.text.netstat_main
                0x0000000000003518        0x0 /home/ajender/QemuV1/Docker/buildroot-2023.02.4/output/host/arm-buildroot-linux-gnueabi/sysroot/usr/lib/Scrt1.o
 .rel.text.parse_reply
                0x0000000000003518        0x0 /home/ajender/QemuV1/Docker/buildroot-2023.02.4/output/host/arm-buildroot-linux-gnueabi/sysroot/usr/lib/Scrt1.o
 .rel.text.send_queries
                0x0000000000003518        0x0 /home/ajender/QemuV1/Docker/buildroot-2023.02.4/output/host/arm-buildroot-linux-gnueabi/sysroot/usr/lib/Scrt1.o
 .rel.text.nslookup_main
                0x0000000000003518        0x0 /home/ajender/QemuV1/Docker/buildroot-2023.02.4/output/host/arm-buildroot-linux-gnueabi/sysroot/usr/lib/Scrt1.o
 .rel.text.ping_main
                0x0000000000003518        0x0 /home/ajender/QemuV1/Docker/buildroot-2023.02.4/output/host/arm-buildroot-linux-gnueabi/sysroot/usr/lib/Scrt1.o
 .rel.text.con_escape
                0x0000000000003518        0x0 /home/ajender/QemuV1/Docker/buildroot-2023.02.4/output/host/arm-buildroot-linux-gnueabi/sysroot/usr/lib/Scrt1.o
 .rel.text.telnet_main
                0x0000000000003518        0x0 /home/ajender/QemuV1/Docker/buildroot-2023.02.4/output/host/arm-buildroot-linux-gnueabi/sysroot/usr/lib/Scrt1.o
 .rel.text.tftp_blksize_check
                0x0000000000003518        0x0 /home/ajender/QemuV1/Docker/buildroot-2023.02.4/output/host/arm-buildroot-linux-gnueabi/sysroot/usr/lib/Scrt1.o
 .rel.text.tftp_main
                0x0000000000003518        0x0 /home/ajender/QemuV1/Docker/buildroot-2023.02.4/output/host/arm-buildroot-linux-gnueabi/sysroot/usr/lib/Scrt1.o
 .rel.text.traceroute_init.constprop.0
                0x0000000000003518        0x0 /home/ajender/QemuV1/Docker/buildroot-2023.02.4/output/host/arm-buildroot-linux-gnueabi/sysroot/usr/lib/Scrt1.o
 .rel.text.traceroute_main
                0x0000000000003518        0x0 /home/ajender/QemuV1/Docker/buildroot-2023.02.4/output/host/arm-buildroot-linux-gnueabi/sysroot/usr/lib/Scrt1.o
 .rel.text.alarm_handler
                0x0000000000003518        0x0 /home/ajender/QemuV1/Docker/buildroot-2023.02.4/output/host/arm-buildroot-linux-gnueabi/sysroot/usr/lib/Scrt1.o
 .rel.text.set_alarm
                0x0000000000003518        0x0 /home/ajender/QemuV1/Docker/buildroot-2023.02.4/output/host/arm-buildroot-linux-gnueabi/sysroot/usr/lib/Scrt1.o
 .rel.text.open_socket
                0x0000000000003518        0x0 /home/ajender/QemuV1/Docker/buildroot-2023.02.4/output/host/arm-buildroot-linux-gnueabi/sysroot/usr/lib/Scrt1.o
 .rel.text.base64enc
                0x0000000000003518        0x0 /home/ajender/QemuV1/Docker/buildroot-2023.02.4/output/host/arm-buildroot-linux-gnueabi/sysroot/usr/lib/Scrt1.o
 .rel.text.reset_beg_range_to_zero
                0x0000000000003518        0x0 /home/ajender/QemuV1/Docker/buildroot-2023.02.4/output/host/arm-buildroot-linux-gnueabi/sysroot/usr/lib/Scrt1.o
 .rel.text.progress_meter
                0x0000000000003518        0x0 /home/ajender/QemuV1/Docker/buildroot-2023.02.4/output/host/arm-buildroot-linux-gnueabi/sysroot/usr/lib/Scrt1.o
 .rel.text.fgets_trim_sanitize
                0x0000000000003518        0x0 /home/ajender/QemuV1/Docker/buildroot-2023.02.4/output/host/arm-buildroot-linux-gnueabi/sysroot/usr/lib/Scrt1.o
 .rel.text.get_sanitized_hdr
                0x0000000000003518        0x0 /home/ajender/QemuV1/Docker/buildroot-2023.02.4/output/host/arm-buildroot-linux-gnueabi/sysroot/usr/lib/Scrt1.o
 .rel.text.retrieve_file_data
                0x0000000000003518        0x0 /home/ajender/QemuV1/Docker/buildroot-2023.02.4/output/host/arm-buildroot-linux-gnueabi/sysroot/usr/lib/Scrt1.o
 .rel.text.ftpcmd
                0x0000000000003518        0x0 /home/ajender/QemuV1/Docker/buildroot-2023.02.4/output/host/arm-buildroot-linux-gnueabi/sysroot/usr/lib/Scrt1.o
 .rel.text.wget_main
                0x0000000000003518        0x0 /home/ajender/QemuV1/Docker/buildroot-2023.02.4/output/host/arm-buildroot-linux-gnueabi/sysroot/usr/lib/Scrt1.o
 .rel.text.print_linkinfo
                0x0000000000003518        0x0 /home/ajender/QemuV1/Docker/buildroot-2023.02.4/output/host/arm-buildroot-linux-gnueabi/sysroot/usr/lib/Scrt1.o
 .rel.text.print_addrinfo
                0x0000000000003518        0x0 /home/ajender/QemuV1/Docker/buildroot-2023.02.4/output/host/arm-buildroot-linux-gnueabi/sysroot/usr/lib/Scrt1.o
 .rel.text.ipaddr_modify
                0x0000000000003518        0x0 /home/ajender/QemuV1/Docker/buildroot-2023.02.4/output/host/arm-buildroot-linux-gnueabi/sysroot/usr/lib/Scrt1.o
 .rel.text.ipaddr_list_or_flush
                0x0000000000003518        0x0 /home/ajender/QemuV1/Docker/buildroot-2023.02.4/output/host/arm-buildroot-linux-gnueabi/sysroot/usr/lib/Scrt1.o
 .rel.text.do_ipaddr
                0x0000000000003518        0x0 /home/ajender/QemuV1/Docker/buildroot-2023.02.4/output/host/arm-buildroot-linux-gnueabi/sysroot/usr/lib/Scrt1.o
 .rel.text.set_master
                0x0000000000003518        0x0 /home/ajender/QemuV1/Docker/buildroot-2023.02.4/output/host/arm-buildroot-linux-gnueabi/sysroot/usr/lib/Scrt1.o
 .rel.text.set_netns
                0x0000000000003518        0x0 /home/ajender/QemuV1/Docker/buildroot-2023.02.4/output/host/arm-buildroot-linux-gnueabi/sysroot/usr/lib/Scrt1.o
 .rel.text.do_add_or_delete
                0x0000000000003518        0x0 /home/ajender/QemuV1/Docker/buildroot-2023.02.4/output/host/arm-buildroot-linux-gnueabi/sysroot/usr/lib/Scrt1.o
 .rel.text.do_iplink
                0x0000000000003518        0x0 /home/ajender/QemuV1/Docker/buildroot-2023.02.4/output/host/arm-buildroot-linux-gnueabi/sysroot/usr/lib/Scrt1.o
 .rel.text.ipneigh_list_or_flush
                0x0000000000003518        0x0 /home/ajender/QemuV1/Docker/buildroot-2023.02.4/output/host/arm-buildroot-linux-gnueabi/sysroot/usr/lib/Scrt1.o
 .rel.text.do_ipneigh
                0x0000000000003518        0x0 /home/ajender/QemuV1/Docker/buildroot-2023.02.4/output/host/arm-buildroot-linux-gnueabi/sysroot/usr/lib/Scrt1.o
 .rel.text.print_route
                0x0000000000003518        0x0 /home/ajender/QemuV1/Docker/buildroot-2023.02.4/output/host/arm-buildroot-linux-gnueabi/sysroot/usr/lib/Scrt1.o
 .rel.text.iproute_get
                0x0000000000003518        0x0 /home/ajender/QemuV1/Docker/buildroot-2023.02.4/output/host/arm-buildroot-linux-gnueabi/sysroot/usr/lib/Scrt1.o
 .rel.text.iproute_list_or_flush
                0x0000000000003518        0x0 /home/ajender/QemuV1/Docker/buildroot-2023.02.4/output/host/arm-buildroot-linux-gnueabi/sysroot/usr/lib/Scrt1.o
 .rel.text.iproute_modify
                0x0000000000003518        0x0 /home/ajender/QemuV1/Docker/buildroot-2023.02.4/output/host/arm-buildroot-linux-gnueabi/sysroot/usr/lib/Scrt1.o
 .rel.text.do_iproute
                0x0000000000003518        0x0 /home/ajender/QemuV1/Docker/buildroot-2023.02.4/output/host/arm-buildroot-linux-gnueabi/sysroot/usr/lib/Scrt1.o
 .rel.text.iprule_modify
                0x0000000000003518        0x0 /home/ajender/QemuV1/Docker/buildroot-2023.02.4/output/host/arm-buildroot-linux-gnueabi/sysroot/usr/lib/Scrt1.o
 .rel.text.do_iprule
                0x0000000000003518        0x0 /home/ajender/QemuV1/Docker/buildroot-2023.02.4/output/host/arm-buildroot-linux-gnueabi/sysroot/usr/lib/Scrt1.o
 .rel.text.print_tunnel
                0x0000000000003518        0x0 /home/ajender/QemuV1/Docker/buildroot-2023.02.4/output/host/arm-buildroot-linux-gnueabi/sysroot/usr/lib/Scrt1.o
 .rel.text.do_iptunnel
                0x0000000000003518        0x0 /home/ajender/QemuV1/Docker/buildroot-2023.02.4/output/host/arm-buildroot-linux-gnueabi/sysroot/usr/lib/Scrt1.o
 .rel.text.rtnl_send_check
                0x0000000000003518        0x0 /home/ajender/QemuV1/Docker/buildroot-2023.02.4/output/host/arm-buildroot-linux-gnueabi/sysroot/usr/lib/Scrt1.o
 .rel.text.xrtnl_dump_filter
                0x0000000000003518        0x0 /home/ajender/QemuV1/Docker/buildroot-2023.02.4/output/host/arm-buildroot-linux-gnueabi/sysroot/usr/lib/Scrt1.o
 .rel.text.rtnl_talk
                0x0000000000003518        0x0 /home/ajender/QemuV1/Docker/buildroot-2023.02.4/output/host/arm-buildroot-linux-gnueabi/sysroot/usr/lib/Scrt1.o
 .rel.text.ll_init_map
                0x0000000000003518        0x0 /home/ajender/QemuV1/Docker/buildroot-2023.02.4/output/host/arm-buildroot-linux-gnueabi/sysroot/usr/lib/Scrt1.o
 .rel.text.ll_proto_a2n
                0x0000000000003518        0x0 /home/ajender/QemuV1/Docker/buildroot-2023.02.4/output/host/arm-buildroot-linux-gnueabi/sysroot/usr/lib/Scrt1.o
 .rel.text.rtnl_tab_initialize
                0x0000000000003518        0x0 /home/ajender/QemuV1/Docker/buildroot-2023.02.4/output/host/arm-buildroot-linux-gnueabi/sysroot/usr/lib/Scrt1.o
 .rel.text.get_prefix
                0x0000000000003518        0x0 /home/ajender/QemuV1/Docker/buildroot-2023.02.4/output/host/arm-buildroot-linux-gnueabi/sysroot/usr/lib/Scrt1.o
 .rel.text.invarg_1_to_2
                0x0000000000003518        0x0 /home/ajender/QemuV1/Docker/buildroot-2023.02.4/output/host/arm-buildroot-linux-gnueabi/sysroot/usr/lib/Scrt1.o
 .rel.text.add_client_options
                0x0000000000003518        0x0 /home/ajender/QemuV1/Docker/buildroot-2023.02.4/output/host/arm-buildroot-linux-gnueabi/sysroot/usr/lib/Scrt1.o
 .rel.text.raw_bcast_from_client_data_ifindex
                0x0000000000003518        0x0 /home/ajender/QemuV1/Docker/buildroot-2023.02.4/output/host/arm-buildroot-linux-gnueabi/sysroot/usr/lib/Scrt1.o
 .rel.text.client_background
                0x0000000000003518        0x0 /home/ajender/QemuV1/Docker/buildroot-2023.02.4/output/host/arm-buildroot-linux-gnueabi/sysroot/usr/lib/Scrt1.o
 .rel.text.d4_recv_raw_packet
                0x0000000000003518        0x0 /home/ajender/QemuV1/Docker/buildroot-2023.02.4/output/host/arm-buildroot-linux-gnueabi/sysroot/usr/lib/Scrt1.o
 .rel.text.xmalloc_optname_optval.isra.0
                0x0000000000003518        0x0 /home/ajender/QemuV1/Docker/buildroot-2023.02.4/output/host/arm-buildroot-linux-gnueabi/sysroot/usr/lib/Scrt1.o
 .rel.text.d4_run_script
                0x0000000000003518        0x0 /home/ajender/QemuV1/Docker/buildroot-2023.02.4/output/host/arm-buildroot-linux-gnueabi/sysroot/usr/lib/Scrt1.o
 .rel.text.udhcpc_main
                0x0000000000003518        0x0 /home/ajender/QemuV1/Docker/buildroot-2023.02.4/output/host/arm-buildroot-linux-gnueabi/sysroot/usr/lib/Scrt1.o
 .rel.text.signal_handler
                0x0000000000003518        0x0 /home/ajender/QemuV1/Docker/buildroot-2023.02.4/output/host/arm-buildroot-linux-gnueabi/sysroot/usr/lib/Scrt1.o
 .rel.text.arpping
                0x0000000000003518        0x0 /home/ajender/QemuV1/Docker/buildroot-2023.02.4/output/host/arm-buildroot-linux-gnueabi/sysroot/usr/lib/Scrt1.o
 .rel.text.attach_option
                0x0000000000003518        0x0 /home/ajender/QemuV1/Docker/buildroot-2023.02.4/output/host/arm-buildroot-linux-gnueabi/sysroot/usr/lib/Scrt1.o
 .rel.text.udhcp_str2optset
                0x0000000000003518        0x0 /home/ajender/QemuV1/Docker/buildroot-2023.02.4/output/host/arm-buildroot-linux-gnueabi/sysroot/usr/lib/Scrt1.o
 .rel.text.search_dev_inode
                0x0000000000003518        0x0 /home/ajender/QemuV1/Docker/buildroot-2023.02.4/output/host/arm-buildroot-linux-gnueabi/sysroot/usr/lib/Scrt1.o
 .rel.text.scan_proc_net_or_maps
                0x0000000000003518        0x0 /home/ajender/QemuV1/Docker/buildroot-2023.02.4/output/host/arm-buildroot-linux-gnueabi/sysroot/usr/lib/Scrt1.o
 .rel.text.scan_recursive
                0x0000000000003518        0x0 /home/ajender/QemuV1/Docker/buildroot-2023.02.4/output/host/arm-buildroot-linux-gnueabi/sysroot/usr/lib/Scrt1.o
 .rel.text.fuser_main
                0x0000000000003518        0x0 /home/ajender/QemuV1/Docker/buildroot-2023.02.4/output/host/arm-buildroot-linux-gnueabi/sysroot/usr/lib/Scrt1.o
 .rel.text.kill_main
                0x0000000000003518        0x0 /home/ajender/QemuV1/Docker/buildroot-2023.02.4/output/host/arm-buildroot-linux-gnueabi/sysroot/usr/lib/Scrt1.o
 .rel.text.sysctl_act_on_setting
                0x0000000000003518        0x0 /home/ajender/QemuV1/Docker/buildroot-2023.02.4/output/host/arm-buildroot-linux-gnueabi/sysroot/usr/lib/Scrt1.o
 .rel.text.sysctl_act_recursive
                0x0000000000003518        0x0 /home/ajender/QemuV1/Docker/buildroot-2023.02.4/output/host/arm-buildroot-linux-gnueabi/sysroot/usr/lib/Scrt1.o
 .rel.text.sysctl_main
                0x0000000000003518        0x0 /home/ajender/QemuV1/Docker/buildroot-2023.02.4/output/host/arm-buildroot-linux-gnueabi/sysroot/usr/lib/Scrt1.o
 .rel.text.mult_lvl_cmp
                0x0000000000003518        0x0 /home/ajender/QemuV1/Docker/buildroot-2023.02.4/output/host/arm-buildroot-linux-gnueabi/sysroot/usr/lib/Scrt1.o
 .rel.text.read_cpu_jiffy
                0x0000000000003518        0x0 /home/ajender/QemuV1/Docker/buildroot-2023.02.4/output/host/arm-buildroot-linux-gnueabi/sysroot/usr/lib/Scrt1.o
 .rel.text.do_stats
                0x0000000000003518        0x0 /home/ajender/QemuV1/Docker/buildroot-2023.02.4/output/host/arm-buildroot-linux-gnueabi/sysroot/usr/lib/Scrt1.o
 .rel.text.handle_input
                0x0000000000003518        0x0 /home/ajender/QemuV1/Docker/buildroot-2023.02.4/output/host/arm-buildroot-linux-gnueabi/sysroot/usr/lib/Scrt1.o
 .rel.text.clearmems
                0x0000000000003518        0x0 /home/ajender/QemuV1/Docker/buildroot-2023.02.4/output/host/arm-buildroot-linux-gnueabi/sysroot/usr/lib/Scrt1.o
 .rel.text.reset_term
                0x0000000000003518        0x0 /home/ajender/QemuV1/Docker/buildroot-2023.02.4/output/host/arm-buildroot-linux-gnueabi/sysroot/usr/lib/Scrt1.o
 .rel.text.display_process_list
                0x0000000000003518        0x0 /home/ajender/QemuV1/Docker/buildroot-2023.02.4/output/host/arm-buildroot-linux-gnueabi/sysroot/usr/lib/Scrt1.o
 .rel.text.top_main
                0x0000000000003518        0x0 /home/ajender/QemuV1/Docker/buildroot-2023.02.4/output/host/arm-buildroot-linux-gnueabi/sysroot/usr/lib/Scrt1.o
 .rel.text.out  0x0000000000003518        0x0 /home/ajender/QemuV1/Docker/buildroot-2023.02.4/output/host/arm-buildroot-linux-gnueabi/sysroot/usr/lib/Scrt1.o
 .rel.text.svstatus_print
                0x0000000000003518        0x0 /home/ajender/QemuV1/Docker/buildroot-2023.02.4/output/host/arm-buildroot-linux-gnueabi/sysroot/usr/lib/Scrt1.o
 .rel.text.checkscript
                0x0000000000003518        0x0 /home/ajender/QemuV1/Docker/buildroot-2023.02.4/output/host/arm-buildroot-linux-gnueabi/sysroot/usr/lib/Scrt1.o
 .rel.text.svstatus_get
                0x0000000000003518        0x0 /home/ajender/QemuV1/Docker/buildroot-2023.02.4/output/host/arm-buildroot-linux-gnueabi/sysroot/usr/lib/Scrt1.o
 .rel.text.status
                0x0000000000003518        0x0 /home/ajender/QemuV1/Docker/buildroot-2023.02.4/output/host/arm-buildroot-linux-gnueabi/sysroot/usr/lib/Scrt1.o
 .rel.text.control
                0x0000000000003518        0x0 /home/ajender/QemuV1/Docker/buildroot-2023.02.4/output/host/arm-buildroot-linux-gnueabi/sysroot/usr/lib/Scrt1.o
 .rel.text.svc_main
                0x0000000000003518        0x0 /home/ajender/QemuV1/Docker/buildroot-2023.02.4/output/host/arm-buildroot-linux-gnueabi/sysroot/usr/lib/Scrt1.o
 .rel.text.svok_main
                0x0000000000003518        0x0 /home/ajender/QemuV1/Docker/buildroot-2023.02.4/output/host/arm-buildroot-linux-gnueabi/sysroot/usr/lib/Scrt1.o
 .rel.text.dup_CLOEXEC
                0x0000000000003518        0x0 /home/ajender/QemuV1/Docker/buildroot-2023.02.4/output/host/arm-buildroot-linux-gnueabi/sysroot/usr/lib/Scrt1.o
 .rel.text.tryexec
                0x0000000000003518        0x0 /home/ajender/QemuV1/Docker/buildroot-2023.02.4/output/host/arm-buildroot-linux-gnueabi/sysroot/usr/lib/Scrt1.o
 .rel.text.dowait
                0x0000000000003518        0x0 /home/ajender/QemuV1/Docker/buildroot-2023.02.4/output/host/arm-buildroot-linux-gnueabi/sysroot/usr/lib/Scrt1.o
 .rel.text.growstackblock
                0x0000000000003518        0x0 /home/ajender/QemuV1/Docker/buildroot-2023.02.4/output/host/arm-buildroot-linux-gnueabi/sysroot/usr/lib/Scrt1.o
 .rel.text.setinputfile
                0x0000000000003518        0x0 /home/ajender/QemuV1/Docker/buildroot-2023.02.4/output/host/arm-buildroot-linux-gnueabi/sysroot/usr/lib/Scrt1.o
 .rel.text.xdup_CLOEXEC_and_close
                0x0000000000003518        0x0 /home/ajender/QemuV1/Docker/buildroot-2023.02.4/output/host/arm-buildroot-linux-gnueabi/sysroot/usr/lib/Scrt1.o
 .rel.text.shellexec
                0x0000000000003518        0x0 /home/ajender/QemuV1/Docker/buildroot-2023.02.4/output/host/arm-buildroot-linux-gnueabi/sysroot/usr/lib/Scrt1.o
 .rel.text.readcmd
                0x0000000000003518        0x0 /home/ajender/QemuV1/Docker/buildroot-2023.02.4/output/host/arm-buildroot-linux-gnueabi/sysroot/usr/lib/Scrt1.o
 .rel.text.init
                0x0000000000003518        0x0 /home/ajender/QemuV1/Docker/buildroot-2023.02.4/output/host/arm-buildroot-linux-gnueabi/sysroot/usr/lib/Scrt1.o
 .rel.text.__pgetc
                0x0000000000003518        0x0 /home/ajender/QemuV1/Docker/buildroot-2023.02.4/output/host/arm-buildroot-linux-gnueabi/sysroot/usr/lib/Scrt1.o
 .rel.text.expandarg
                0x0000000000003518        0x0 /home/ajender/QemuV1/Docker/buildroot-2023.02.4/output/host/arm-buildroot-linux-gnueabi/sysroot/usr/lib/Scrt1.o
 .rel.text.redirect
                0x0000000000003518        0x0 /home/ajender/QemuV1/Docker/buildroot-2023.02.4/output/host/arm-buildroot-linux-gnueabi/sysroot/usr/lib/Scrt1.o
 .rel.text.expredir
                0x0000000000003518        0x0 /home/ajender/QemuV1/Docker/buildroot-2023.02.4/output/host/arm-buildroot-linux-gnueabi/sysroot/usr/lib/Scrt1.o
 .rel.text.parsefname
                0x0000000000003518        0x0 /home/ajender/QemuV1/Docker/buildroot-2023.02.4/output/host/arm-buildroot-linux-gnueabi/sysroot/usr/lib/Scrt1.o
 .rel.text.find_command
                0x0000000000003518        0x0 /home/ajender/QemuV1/Docker/buildroot-2023.02.4/output/host/arm-buildroot-linux-gnueabi/sysroot/usr/lib/Scrt1.o
 .rel.text.commandcmd
                0x0000000000003518        0x0 /home/ajender/QemuV1/Docker/buildroot-2023.02.4/output/host/arm-buildroot-linux-gnueabi/sysroot/usr/lib/Scrt1.o
 .rel.text.evalcommand
                0x0000000000003518        0x0 /home/ajender/QemuV1/Docker/buildroot-2023.02.4/output/host/arm-buildroot-linux-gnueabi/sysroot/usr/lib/Scrt1.o
 .rel.text.ash_main
                0x0000000000003518        0x0 /home/ajender/QemuV1/Docker/buildroot-2023.02.4/output/host/arm-buildroot-linux-gnueabi/sysroot/usr/lib/Scrt1.o
 .rel.text.evaluate_string
                0x0000000000003518        0x0 /home/ajender/QemuV1/Docker/buildroot-2023.02.4/output/host/arm-buildroot-linux-gnueabi/sysroot/usr/lib/Scrt1.o
 .rel.text.shell_builtin_read
                0x0000000000003518        0x0 /home/ajender/QemuV1/Docker/buildroot-2023.02.4/output/host/arm-buildroot-linux-gnueabi/sysroot/usr/lib/Scrt1.o
 .rel.text.shell_builtin_ulimit
                0x0000000000003518        0x0 /home/ajender/QemuV1/Docker/buildroot-2023.02.4/output/host/arm-buildroot-linux-gnueabi/sysroot/usr/lib/Scrt1.o
 .rel.text.klogd_main
                0x0000000000003518        0x0 /home/ajender/QemuV1/Docker/buildroot-2023.02.4/output/host/arm-buildroot-linux-gnueabi/sysroot/usr/lib/Scrt1.o
 .rel.text.timestamp_and_log
                0x0000000000003518        0x0 /home/ajender/QemuV1/Docker/buildroot-2023.02.4/output/host/arm-buildroot-linux-gnueabi/sysroot/usr/lib/Scrt1.o
 .rel.text.timestamp_and_log_internal
                0x0000000000003518        0x0 /home/ajender/QemuV1/Docker/buildroot-2023.02.4/output/host/arm-buildroot-linux-gnueabi/sysroot/usr/lib/Scrt1.o
 .rel.text.syslogd_main
                0x0000000000003518        0x0 /home/ajender/QemuV1/Docker/buildroot-2023.02.4/output/host/arm-buildroot-linux-gnueabi/sysroot/usr/lib/Scrt1.o
 .rel.text.fallocate_main
                0x0000000000003518        0x0 /home/ajender/QemuV1/Docker/buildroot-2023.02.4/output/host/arm-buildroot-linux-gnueabi/sysroot/usr/lib/Scrt1.o
 .rel.text.set_hsc_start_end
                0x0000000000003518        0x0 /home/ajender/QemuV1/Docker/buildroot-2023.02.4/output/host/arm-buildroot-linux-gnueabi/sysroot/usr/lib/Scrt1.o
 .rel.text.update_units
                0x0000000000003518        0x0 /home/ajender/QemuV1/Docker/buildroot-2023.02.4/output/host/arm-buildroot-linux-gnueabi/sysroot/usr/lib/Scrt1.o
 .rel.text.list_disk_geometry
                0x0000000000003518        0x0 /home/ajender/QemuV1/Docker/buildroot-2023.02.4/output/host/arm-buildroot-linux-gnueabi/sysroot/usr/lib/Scrt1.o
 .rel.text.warn_cylinders
                0x0000000000003518        0x0 /home/ajender/QemuV1/Docker/buildroot-2023.02.4/output/host/arm-buildroot-linux-gnueabi/sysroot/usr/lib/Scrt1.o
 .rel.text.warn_geometry
                0x0000000000003518        0x0 /home/ajender/QemuV1/Docker/buildroot-2023.02.4/output/host/arm-buildroot-linux-gnueabi/sysroot/usr/lib/Scrt1.o
 .rel.text.menu
                0x0000000000003518        0x0 /home/ajender/QemuV1/Docker/buildroot-2023.02.4/output/host/arm-buildroot-linux-gnueabi/sysroot/usr/lib/Scrt1.o
 .rel.text.fdisk_fatal
                0x0000000000003518        0x0 /home/ajender/QemuV1/Docker/buildroot-2023.02.4/output/host/arm-buildroot-linux-gnueabi/sysroot/usr/lib/Scrt1.o
 .rel.text.seek_sector
                0x0000000000003518        0x0 /home/ajender/QemuV1/Docker/buildroot-2023.02.4/output/host/arm-buildroot-linux-gnueabi/sysroot/usr/lib/Scrt1.o
 .rel.text.read_pte
                0x0000000000003518        0x0 /home/ajender/QemuV1/Docker/buildroot-2023.02.4/output/host/arm-buildroot-linux-gnueabi/sysroot/usr/lib/Scrt1.o
 .rel.text.set_partition
                0x0000000000003518        0x0 /home/ajender/QemuV1/Docker/buildroot-2023.02.4/output/host/arm-buildroot-linux-gnueabi/sysroot/usr/lib/Scrt1.o
 .rel.text.read_line
                0x0000000000003518        0x0 /home/ajender/QemuV1/Docker/buildroot-2023.02.4/output/host/arm-buildroot-linux-gnueabi/sysroot/usr/lib/Scrt1.o
 .rel.text.read_nonempty
                0x0000000000003518        0x0 /home/ajender/QemuV1/Docker/buildroot-2023.02.4/output/host/arm-buildroot-linux-gnueabi/sysroot/usr/lib/Scrt1.o
 .rel.text.wrong_p_order
                0x0000000000003518        0x0 /home/ajender/QemuV1/Docker/buildroot-2023.02.4/output/host/arm-buildroot-linux-gnueabi/sysroot/usr/lib/Scrt1.o
 .rel.text.fill_bounds
                0x0000000000003518        0x0 /home/ajender/QemuV1/Docker/buildroot-2023.02.4/output/host/arm-buildroot-linux-gnueabi/sysroot/usr/lib/Scrt1.o
 .rel.text.write_table
                0x0000000000003518        0x0 /home/ajender/QemuV1/Docker/buildroot-2023.02.4/output/host/arm-buildroot-linux-gnueabi/sysroot/usr/lib/Scrt1.o
 .rel.text.read_int
                0x0000000000003518        0x0 /home/ajender/QemuV1/Docker/buildroot-2023.02.4/output/host/arm-buildroot-linux-gnueabi/sysroot/usr/lib/Scrt1.o
 .rel.text.get_partition
                0x0000000000003518        0x0 /home/ajender/QemuV1/Docker/buildroot-2023.02.4/output/host/arm-buildroot-linux-gnueabi/sysroot/usr/lib/Scrt1.o
 .rel.text.get_existing_partition
                0x0000000000003518        0x0 /home/ajender/QemuV1/Docker/buildroot-2023.02.4/output/host/arm-buildroot-linux-gnueabi/sysroot/usr/lib/Scrt1.o
 .rel.text.get_nonexisting_partition
                0x0000000000003518        0x0 /home/ajender/QemuV1/Docker/buildroot-2023.02.4/output/host/arm-buildroot-linux-gnueabi/sysroot/usr/lib/Scrt1.o
 .rel.text.add_partition
                0x0000000000003518        0x0 /home/ajender/QemuV1/Docker/buildroot-2023.02.4/output/host/arm-buildroot-linux-gnueabi/sysroot/usr/lib/Scrt1.o
 .rel.text.add_logical
                0x0000000000003518        0x0 /home/ajender/QemuV1/Docker/buildroot-2023.02.4/output/host/arm-buildroot-linux-gnueabi/sysroot/usr/lib/Scrt1.o
 .rel.text.check_consistency
                0x0000000000003518        0x0 /home/ajender/QemuV1/Docker/buildroot-2023.02.4/output/host/arm-buildroot-linux-gnueabi/sysroot/usr/lib/Scrt1.o
 .rel.text.x_list_table
                0x0000000000003518        0x0 /home/ajender/QemuV1/Docker/buildroot-2023.02.4/output/host/arm-buildroot-linux-gnueabi/sysroot/usr/lib/Scrt1.o
 .rel.text.verify
                0x0000000000003518        0x0 /home/ajender/QemuV1/Docker/buildroot-2023.02.4/output/host/arm-buildroot-linux-gnueabi/sysroot/usr/lib/Scrt1.o
 .rel.text.list_table.constprop.0
                0x0000000000003518        0x0 /home/ajender/QemuV1/Docker/buildroot-2023.02.4/output/host/arm-buildroot-linux-gnueabi/sysroot/usr/lib/Scrt1.o
 .rel.text.delete_partition
                0x0000000000003518        0x0 /home/ajender/QemuV1/Docker/buildroot-2023.02.4/output/host/arm-buildroot-linux-gnueabi/sysroot/usr/lib/Scrt1.o
 .rel.text.get_boot
                0x0000000000003518        0x0 /home/ajender/QemuV1/Docker/buildroot-2023.02.4/output/host/arm-buildroot-linux-gnueabi/sysroot/usr/lib/Scrt1.o
 .rel.text.create_doslabel
                0x0000000000003518        0x0 /home/ajender/QemuV1/Docker/buildroot-2023.02.4/output/host/arm-buildroot-linux-gnueabi/sysroot/usr/lib/Scrt1.o
 .rel.text.open_list_and_close
                0x0000000000003518        0x0 /home/ajender/QemuV1/Docker/buildroot-2023.02.4/output/host/arm-buildroot-linux-gnueabi/sysroot/usr/lib/Scrt1.o
 .rel.text.fdisk_main
                0x0000000000003518        0x0 /home/ajender/QemuV1/Docker/buildroot-2023.02.4/output/host/arm-buildroot-linux-gnueabi/sysroot/usr/lib/Scrt1.o
 .rel.text.flock_main
                0x0000000000003518        0x0 /home/ajender/QemuV1/Docker/buildroot-2023.02.4/output/host/arm-buildroot-linux-gnueabi/sysroot/usr/lib/Scrt1.o
 .rel.text.freeramdisk_main
                0x0000000000003518        0x0 /home/ajender/QemuV1/Docker/buildroot-2023.02.4/output/host/arm-buildroot-linux-gnueabi/sysroot/usr/lib/Scrt1.o
 .rel.text.fstrim_main
                0x0000000000003518        0x0 /home/ajender/QemuV1/Docker/buildroot-2023.02.4/output/host/arm-buildroot-linux-gnueabi/sysroot/usr/lib/Scrt1.o
 .rel.text.normalize
                0x0000000000003518        0x0 /home/ajender/QemuV1/Docker/buildroot-2023.02.4/output/host/arm-buildroot-linux-gnueabi/sysroot/usr/lib/Scrt1.o
 .rel.text.generate_output
                0x0000000000003518        0x0 /home/ajender/QemuV1/Docker/buildroot-2023.02.4/output/host/arm-buildroot-linux-gnueabi/sysroot/usr/lib/Scrt1.o
 .rel.text.getopt_main
                0x0000000000003518        0x0 /home/ajender/QemuV1/Docker/buildroot-2023.02.4/output/host/arm-buildroot-linux-gnueabi/sysroot/usr/lib/Scrt1.o
 .rel.text.hexdump_main
                0x0000000000003518        0x0 /home/ajender/QemuV1/Docker/buildroot-2023.02.4/output/host/arm-buildroot-linux-gnueabi/sysroot/usr/lib/Scrt1.o
 .rel.text.xxd_main
                0x0000000000003518        0x0 /home/ajender/QemuV1/Docker/buildroot-2023.02.4/output/host/arm-buildroot-linux-gnueabi/sysroot/usr/lib/Scrt1.o
 .rel.text.ipcrm_main
                0x0000000000003518        0x0 /home/ajender/QemuV1/Docker/buildroot-2023.02.4/output/host/arm-buildroot-linux-gnueabi/sysroot/usr/lib/Scrt1.o
 .rel.text.last_main
                0x0000000000003518        0x0 /home/ajender/QemuV1/Docker/buildroot-2023.02.4/output/host/arm-buildroot-linux-gnueabi/sysroot/usr/lib/Scrt1.o
 .rel.text.fileAction
                0x0000000000003518        0x0 /home/ajender/QemuV1/Docker/buildroot-2023.02.4/output/host/arm-buildroot-linux-gnueabi/sysroot/usr/lib/Scrt1.o
 .rel.text.make_device
                0x0000000000003518        0x0 /home/ajender/QemuV1/Docker/buildroot-2023.02.4/output/host/arm-buildroot-linux-gnueabi/sysroot/usr/lib/Scrt1.o
 .rel.text.process_action
                0x0000000000003518        0x0 /home/ajender/QemuV1/Docker/buildroot-2023.02.4/output/host/arm-buildroot-linux-gnueabi/sysroot/usr/lib/Scrt1.o
 .rel.text.daemon_loop
                0x0000000000003518        0x0 /home/ajender/QemuV1/Docker/buildroot-2023.02.4/output/host/arm-buildroot-linux-gnueabi/sysroot/usr/lib/Scrt1.o
 .rel.text.mdev_main
                0x0000000000003518        0x0 /home/ajender/QemuV1/Docker/buildroot-2023.02.4/output/host/arm-buildroot-linux-gnueabi/sysroot/usr/lib/Scrt1.o
 .rel.text.mkfs_ext2_main
                0x0000000000003518        0x0 /home/ajender/QemuV1/Docker/buildroot-2023.02.4/output/host/arm-buildroot-linux-gnueabi/sysroot/usr/lib/Scrt1.o
 .rel.text.cut_out_ull_opt
                0x0000000000003518        0x0 /home/ajender/QemuV1/Docker/buildroot-2023.02.4/output/host/arm-buildroot-linux-gnueabi/sysroot/usr/lib/Scrt1.o
 .rel.text.mount_it_now
                0x0000000000003518        0x0 /home/ajender/QemuV1/Docker/buildroot-2023.02.4/output/host/arm-buildroot-linux-gnueabi/sysroot/usr/lib/Scrt1.o
 .rel.text.singlemount
                0x0000000000003518        0x0 /home/ajender/QemuV1/Docker/buildroot-2023.02.4/output/host/arm-buildroot-linux-gnueabi/sysroot/usr/lib/Scrt1.o
 .rel.text.mount_main
                0x0000000000003518        0x0 /home/ajender/QemuV1/Docker/buildroot-2023.02.4/output/host/arm-buildroot-linux-gnueabi/sysroot/usr/lib/Scrt1.o
 .rel.text.mountpoint_main
                0x0000000000003518        0x0 /home/ajender/QemuV1/Docker/buildroot-2023.02.4/output/host/arm-buildroot-linux-gnueabi/sysroot/usr/lib/Scrt1.o
 .rel.text.renice_main
                0x0000000000003518        0x0 /home/ajender/QemuV1/Docker/buildroot-2023.02.4/output/host/arm-buildroot-linux-gnueabi/sysroot/usr/lib/Scrt1.o
 .rel.text.setarch_main
                0x0000000000003518        0x0 /home/ajender/QemuV1/Docker/buildroot-2023.02.4/output/host/arm-buildroot-linux-gnueabi/sysroot/usr/lib/Scrt1.o
 .rel.text.swap_enable_disable
                0x0000000000003518        0x0 /home/ajender/QemuV1/Docker/buildroot-2023.02.4/output/host/arm-buildroot-linux-gnueabi/sysroot/usr/lib/Scrt1.o
 .rel.text.swap_on_off_main
                0x0000000000003518        0x0 /home/ajender/QemuV1/Docker/buildroot-2023.02.4/output/host/arm-buildroot-linux-gnueabi/sysroot/usr/lib/Scrt1.o
 .rel.text.switch_root_main
                0x0000000000003518        0x0 /home/ajender/QemuV1/Docker/buildroot-2023.02.4/output/host/arm-buildroot-linux-gnueabi/sysroot/usr/lib/Scrt1.o
 .rel.text.uevent_main
                0x0000000000003518        0x0 /home/ajender/QemuV1/Docker/buildroot-2023.02.4/output/host/arm-buildroot-linux-gnueabi/sysroot/usr/lib/Scrt1.o
 .rel.text.umount_main
                0x0000000000003518        0x0 /home/ajender/QemuV1/Docker/buildroot-2023.02.4/output/host/arm-buildroot-linux-gnueabi/sysroot/usr/lib/Scrt1.o
 .rel.text.ar_main
                0x0000000000003518        0x0 /home/ajender/QemuV1/Docker/buildroot-2023.02.4/output/host/arm-buildroot-linux-gnueabi/sysroot/usr/lib/Scrt1.o
 .rel.text.bbunpack
                0x0000000000003518        0x0 /home/ajender/QemuV1/Docker/buildroot-2023.02.4/output/host/arm-buildroot-linux-gnueabi/sysroot/usr/lib/Scrt1.o
 .rel.text.gunzip_main
                0x0000000000003518        0x0 /home/ajender/QemuV1/Docker/buildroot-2023.02.4/output/host/arm-buildroot-linux-gnueabi/sysroot/usr/lib/Scrt1.o
 .rel.text.bunzip2_main
                0x0000000000003518        0x0 /home/ajender/QemuV1/Docker/buildroot-2023.02.4/output/host/arm-buildroot-linux-gnueabi/sysroot/usr/lib/Scrt1.o
 .rel.text.unlzma_main
                0x0000000000003518        0x0 /home/ajender/QemuV1/Docker/buildroot-2023.02.4/output/host/arm-buildroot-linux-gnueabi/sysroot/usr/lib/Scrt1.o
 .rel.text.unxz_main
                0x0000000000003518        0x0 /home/ajender/QemuV1/Docker/buildroot-2023.02.4/output/host/arm-buildroot-linux-gnueabi/sysroot/usr/lib/Scrt1.o
 .rel.text.cpio_main
                0x0000000000003518        0x0 /home/ajender/QemuV1/Docker/buildroot-2023.02.4/output/host/arm-buildroot-linux-gnueabi/sysroot/usr/lib/Scrt1.o
 .rel.text.init_block
                0x0000000000003518        0x0 /home/ajender/QemuV1/Docker/buildroot-2023.02.4/output/host/arm-buildroot-linux-gnueabi/sysroot/usr/lib/Scrt1.o
 .rel.text.pqdownheap
                0x0000000000003518        0x0 /home/ajender/QemuV1/Docker/buildroot-2023.02.4/output/host/arm-buildroot-linux-gnueabi/sysroot/usr/lib/Scrt1.o
 .rel.text.gen_codes
                0x0000000000003518        0x0 /home/ajender/QemuV1/Docker/buildroot-2023.02.4/output/host/arm-buildroot-linux-gnueabi/sysroot/usr/lib/Scrt1.o
 .rel.text.build_tree
                0x0000000000003518        0x0 /home/ajender/QemuV1/Docker/buildroot-2023.02.4/output/host/arm-buildroot-linux-gnueabi/sysroot/usr/lib/Scrt1.o
 .rel.text.scan_tree
                0x0000000000003518        0x0 /home/ajender/QemuV1/Docker/buildroot-2023.02.4/output/host/arm-buildroot-linux-gnueabi/sysroot/usr/lib/Scrt1.o
 .rel.text.ct_tally
                0x0000000000003518        0x0 /home/ajender/QemuV1/Docker/buildroot-2023.02.4/output/host/arm-buildroot-linux-gnueabi/sysroot/usr/lib/Scrt1.o
 .rel.text.file_read
                0x0000000000003518        0x0 /home/ajender/QemuV1/Docker/buildroot-2023.02.4/output/host/arm-buildroot-linux-gnueabi/sysroot/usr/lib/Scrt1.o
 .rel.text.fill_window_if_needed
                0x0000000000003518        0x0 /home/ajender/QemuV1/Docker/buildroot-2023.02.4/output/host/arm-buildroot-linux-gnueabi/sysroot/usr/lib/Scrt1.o
 .rel.text.flush_outbuf
                0x0000000000003518        0x0 /home/ajender/QemuV1/Docker/buildroot-2023.02.4/output/host/arm-buildroot-linux-gnueabi/sysroot/usr/lib/Scrt1.o
 .rel.text.put_16bit
                0x0000000000003518        0x0 /home/ajender/QemuV1/Docker/buildroot-2023.02.4/output/host/arm-buildroot-linux-gnueabi/sysroot/usr/lib/Scrt1.o
 .rel.text.send_bits
                0x0000000000003518        0x0 /home/ajender/QemuV1/Docker/buildroot-2023.02.4/output/host/arm-buildroot-linux-gnueabi/sysroot/usr/lib/Scrt1.o
 .rel.text.send_tree
                0x0000000000003518        0x0 /home/ajender/QemuV1/Docker/buildroot-2023.02.4/output/host/arm-buildroot-linux-gnueabi/sysroot/usr/lib/Scrt1.o
 .rel.text.compress_block
                0x0000000000003518        0x0 /home/ajender/QemuV1/Docker/buildroot-2023.02.4/output/host/arm-buildroot-linux-gnueabi/sysroot/usr/lib/Scrt1.o
 .rel.text.bi_windup
                0x0000000000003518        0x0 /home/ajender/QemuV1/Docker/buildroot-2023.02.4/output/host/arm-buildroot-linux-gnueabi/sysroot/usr/lib/Scrt1.o
 .rel.text.flush_block
                0x0000000000003518        0x0 /home/ajender/QemuV1/Docker/buildroot-2023.02.4/output/host/arm-buildroot-linux-gnueabi/sysroot/usr/lib/Scrt1.o
 .rel.text.deflate
                0x0000000000003518        0x0 /home/ajender/QemuV1/Docker/buildroot-2023.02.4/output/host/arm-buildroot-linux-gnueabi/sysroot/usr/lib/Scrt1.o
 .rel.text.pack_gzip
                0x0000000000003518        0x0 /home/ajender/QemuV1/Docker/buildroot-2023.02.4/output/host/arm-buildroot-linux-gnueabi/sysroot/usr/lib/Scrt1.o
 .rel.text.gzip_main
                0x0000000000003518        0x0 /home/ajender/QemuV1/Docker/buildroot-2023.02.4/output/host/arm-buildroot-linux-gnueabi/sysroot/usr/lib/Scrt1.o
 .rel.text.make_new_name_lzop
                0x0000000000003518        0x0 /home/ajender/QemuV1/Docker/buildroot-2023.02.4/output/host/arm-buildroot-linux-gnueabi/sysroot/usr/lib/Scrt1.o
 .rel.text.lzo_crc32
                0x0000000000003518        0x0 /home/ajender/QemuV1/Docker/buildroot-2023.02.4/output/host/arm-buildroot-linux-gnueabi/sysroot/usr/lib/Scrt1.o
 .rel.text.lzo_decompress
                0x0000000000003518        0x0 /home/ajender/QemuV1/Docker/buildroot-2023.02.4/output/host/arm-buildroot-linux-gnueabi/sysroot/usr/lib/Scrt1.o
 .rel.text.do_lzo_compress
                0x0000000000003518        0x0 /home/ajender/QemuV1/Docker/buildroot-2023.02.4/output/host/arm-buildroot-linux-gnueabi/sysroot/usr/lib/Scrt1.o
 .rel.text.pack_lzop
                0x0000000000003518        0x0 /home/ajender/QemuV1/Docker/buildroot-2023.02.4/output/host/arm-buildroot-linux-gnueabi/sysroot/usr/lib/Scrt1.o
 .rel.text.lzop_main
                0x0000000000003518        0x0 /home/ajender/QemuV1/Docker/buildroot-2023.02.4/output/host/arm-buildroot-linux-gnueabi/sysroot/usr/lib/Scrt1.o
 .rel.text.tar_main
                0x0000000000003518        0x0 /home/ajender/QemuV1/Docker/buildroot-2023.02.4/output/host/arm-buildroot-linux-gnueabi/sysroot/usr/lib/Scrt1.o
 .rel.text.get_lstat_mode
                0x0000000000003518        0x0 /home/ajender/QemuV1/Docker/buildroot-2023.02.4/output/host/arm-buildroot-linux-gnueabi/sysroot/usr/lib/Scrt1.o
 .rel.text.data_extract_all
                0x0000000000003518        0x0 /home/ajender/QemuV1/Docker/buildroot-2023.02.4/output/host/arm-buildroot-linux-gnueabi/sysroot/usr/lib/Scrt1.o
 .rel.text.xz_crc32
                0x0000000000003518        0x0 /home/ajender/QemuV1/Docker/buildroot-2023.02.4/output/host/arm-buildroot-linux-gnueabi/sysroot/usr/lib/Scrt1.o
 .rel.text.unpack_xz_stream
                0x0000000000003518        0x0 /home/ajender/QemuV1/Docker/buildroot-2023.02.4/output/host/arm-buildroot-linux-gnueabi/sysroot/usr/lib/Scrt1.o
 .rel.text.get_header_cpio
                0x0000000000003518        0x0 /home/ajender/QemuV1/Docker/buildroot-2023.02.4/output/host/arm-buildroot-linux-gnueabi/sysroot/usr/lib/Scrt1.o
 .rel.text.get_header_tar
                0x0000000000003518        0x0 /home/ajender/QemuV1/Docker/buildroot-2023.02.4/output/host/arm-buildroot-linux-gnueabi/sysroot/usr/lib/Scrt1.o
 .rel.text.init_handle
                0x0000000000003518        0x0 /home/ajender/QemuV1/Docker/buildroot-2023.02.4/output/host/arm-buildroot-linux-gnueabi/sysroot/usr/lib/Scrt1.o
 .rel.text.seek_by_jump
                0x0000000000003518        0x0 /home/ajender/QemuV1/Docker/buildroot-2023.02.4/output/host/arm-buildroot-linux-gnueabi/sysroot/usr/lib/Scrt1.o
 .rel.text.openvt_main
                0x0000000000003518        0x0 /home/ajender/QemuV1/Docker/buildroot-2023.02.4/output/host/arm-buildroot-linux-gnueabi/sysroot/usr/lib/Scrt1.o
 .rel.text.chmod_main
                0x0000000000003518        0x0 /home/ajender/QemuV1/Docker/buildroot-2023.02.4/output/host/arm-buildroot-linux-gnueabi/sysroot/usr/lib/Scrt1.o
 .rel.text.cksum_main
                0x0000000000003518        0x0 /home/ajender/QemuV1/Docker/buildroot-2023.02.4/output/host/arm-buildroot-linux-gnueabi/sysroot/usr/lib/Scrt1.o
 .rel.text.cut_main
                0x0000000000003518        0x0 /home/ajender/QemuV1/Docker/buildroot-2023.02.4/output/host/arm-buildroot-linux-gnueabi/sysroot/usr/lib/Scrt1.o
 .rel.text.date_main
                0x0000000000003518        0x0 /home/ajender/QemuV1/Docker/buildroot-2023.02.4/output/host/arm-buildroot-linux-gnueabi/sysroot/usr/lib/Scrt1.o
 .rel.text.parse_comma_flags
                0x0000000000003518        0x0 /home/ajender/QemuV1/Docker/buildroot-2023.02.4/output/host/arm-buildroot-linux-gnueabi/sysroot/usr/lib/Scrt1.o
 .rel.text.clear_O_DIRECT
                0x0000000000003518        0x0 /home/ajender/QemuV1/Docker/buildroot-2023.02.4/output/host/arm-buildroot-linux-gnueabi/sysroot/usr/lib/Scrt1.o
 .rel.text.dd_main
                0x0000000000003518        0x0 /home/ajender/QemuV1/Docker/buildroot-2023.02.4/output/host/arm-buildroot-linux-gnueabi/sysroot/usr/lib/Scrt1.o
 .rel.text.dos2unix_main
                0x0000000000003518        0x0 /home/ajender/QemuV1/Docker/buildroot-2023.02.4/output/host/arm-buildroot-linux-gnueabi/sysroot/usr/lib/Scrt1.o
 .rel.text.print
                0x0000000000003518        0x0 /home/ajender/QemuV1/Docker/buildroot-2023.02.4/output/host/arm-buildroot-linux-gnueabi/sysroot/usr/lib/Scrt1.o
 .rel.text.du   0x0000000000003518        0x0 /home/ajender/QemuV1/Docker/buildroot-2023.02.4/output/host/arm-buildroot-linux-gnueabi/sysroot/usr/lib/Scrt1.o
 .rel.text.echo_main
                0x0000000000003518        0x0 /home/ajender/QemuV1/Docker/buildroot-2023.02.4/output/host/arm-buildroot-linux-gnueabi/sysroot/usr/lib/Scrt1.o
 .rel.text.expr_main
                0x0000000000003518        0x0 /home/ajender/QemuV1/Docker/buildroot-2023.02.4/output/host/arm-buildroot-linux-gnueabi/sysroot/usr/lib/Scrt1.o
 .rel.text.factorize_numstr
                0x0000000000003518        0x0 /home/ajender/QemuV1/Docker/buildroot-2023.02.4/output/host/arm-buildroot-linux-gnueabi/sysroot/usr/lib/Scrt1.o
 .rel.text.adjust_column
                0x0000000000003518        0x0 /home/ajender/QemuV1/Docker/buildroot-2023.02.4/output/host/arm-buildroot-linux-gnueabi/sysroot/usr/lib/Scrt1.o
 .rel.text.fold_main
                0x0000000000003518        0x0 /home/ajender/QemuV1/Docker/buildroot-2023.02.4/output/host/arm-buildroot-linux-gnueabi/sysroot/usr/lib/Scrt1.o
 .rel.text.head_main
                0x0000000000003518        0x0 /home/ajender/QemuV1/Docker/buildroot-2023.02.4/output/host/arm-buildroot-linux-gnueabi/sysroot/usr/lib/Scrt1.o
 .rel.text.get_groups
                0x0000000000003518        0x0 /home/ajender/QemuV1/Docker/buildroot-2023.02.4/output/host/arm-buildroot-linux-gnueabi/sysroot/usr/lib/Scrt1.o
 .rel.text.print_common
                0x0000000000003518        0x0 /home/ajender/QemuV1/Docker/buildroot-2023.02.4/output/host/arm-buildroot-linux-gnueabi/sysroot/usr/lib/Scrt1.o
 .rel.text.install_main
                0x0000000000003518        0x0 /home/ajender/QemuV1/Docker/buildroot-2023.02.4/output/host/arm-buildroot-linux-gnueabi/sysroot/usr/lib/Scrt1.o
 .rel.text.ln_main
                0x0000000000003518        0x0 /home/ajender/QemuV1/Docker/buildroot-2023.02.4/output/host/arm-buildroot-linux-gnueabi/sysroot/usr/lib/Scrt1.o
 .rel.text.append_char
                0x0000000000003518        0x0 /home/ajender/QemuV1/Docker/buildroot-2023.02.4/output/host/arm-buildroot-linux-gnueabi/sysroot/usr/lib/Scrt1.o
 .rel.text.my_stat
                0x0000000000003518        0x0 /home/ajender/QemuV1/Docker/buildroot-2023.02.4/output/host/arm-buildroot-linux-gnueabi/sysroot/usr/lib/Scrt1.o
 .rel.text.print_name
                0x0000000000003518        0x0 /home/ajender/QemuV1/Docker/buildroot-2023.02.4/output/host/arm-buildroot-linux-gnueabi/sysroot/usr/lib/Scrt1.o
 .rel.text.sortcmp
                0x0000000000003518        0x0 /home/ajender/QemuV1/Docker/buildroot-2023.02.4/output/host/arm-buildroot-linux-gnueabi/sysroot/usr/lib/Scrt1.o
 .rel.text.display_single
                0x0000000000003518        0x0 /home/ajender/QemuV1/Docker/buildroot-2023.02.4/output/host/arm-buildroot-linux-gnueabi/sysroot/usr/lib/Scrt1.o
 .rel.text.display_files
                0x0000000000003518        0x0 /home/ajender/QemuV1/Docker/buildroot-2023.02.4/output/host/arm-buildroot-linux-gnueabi/sysroot/usr/lib/Scrt1.o
 .rel.text.scan_and_display_dirs_recur
                0x0000000000003518        0x0 /home/ajender/QemuV1/Docker/buildroot-2023.02.4/output/host/arm-buildroot-linux-gnueabi/sysroot/usr/lib/Scrt1.o
 .rel.text.ls_main
                0x0000000000003518        0x0 /home/ajender/QemuV1/Docker/buildroot-2023.02.4/output/host/arm-buildroot-linux-gnueabi/sysroot/usr/lib/Scrt1.o
 .rel.text.hash_file
                0x0000000000003518        0x0 /home/ajender/QemuV1/Docker/buildroot-2023.02.4/output/host/arm-buildroot-linux-gnueabi/sysroot/usr/lib/Scrt1.o
 .rel.text.md5_sha1_sum_main
                0x0000000000003518        0x0 /home/ajender/QemuV1/Docker/buildroot-2023.02.4/output/host/arm-buildroot-linux-gnueabi/sysroot/usr/lib/Scrt1.o
 .rel.text.mv_main
                0x0000000000003518        0x0 /home/ajender/QemuV1/Docker/buildroot-2023.02.4/output/host/arm-buildroot-linux-gnueabi/sysroot/usr/lib/Scrt1.o
 .rel.text.nohup_main
                0x0000000000003518        0x0 /home/ajender/QemuV1/Docker/buildroot-2023.02.4/output/host/arm-buildroot-linux-gnueabi/sysroot/usr/lib/Scrt1.o
 .rel.text.decode_one_format
                0x0000000000003518        0x0 /home/ajender/QemuV1/Docker/buildroot-2023.02.4/output/host/arm-buildroot-linux-gnueabi/sysroot/usr/lib/Scrt1.o
 .rel.text.open_next_file
                0x0000000000003518        0x0 /home/ajender/QemuV1/Docker/buildroot-2023.02.4/output/host/arm-buildroot-linux-gnueabi/sysroot/usr/lib/Scrt1.o
 .rel.text.check_and_close
                0x0000000000003518        0x0 /home/ajender/QemuV1/Docker/buildroot-2023.02.4/output/host/arm-buildroot-linux-gnueabi/sysroot/usr/lib/Scrt1.o
 .rel.text.write_block
                0x0000000000003518        0x0 /home/ajender/QemuV1/Docker/buildroot-2023.02.4/output/host/arm-buildroot-linux-gnueabi/sysroot/usr/lib/Scrt1.o
 .rel.text.od_main
                0x0000000000003518        0x0 /home/ajender/QemuV1/Docker/buildroot-2023.02.4/output/host/arm-buildroot-linux-gnueabi/sysroot/usr/lib/Scrt1.o
 .rel.text.get_width_prec
                0x0000000000003518        0x0 /home/ajender/QemuV1/Docker/buildroot-2023.02.4/output/host/arm-buildroot-linux-gnueabi/sysroot/usr/lib/Scrt1.o
 .rel.text.multiconvert
                0x0000000000003518        0x0 /home/ajender/QemuV1/Docker/buildroot-2023.02.4/output/host/arm-buildroot-linux-gnueabi/sysroot/usr/lib/Scrt1.o
 .rel.text.print_direc
                0x0000000000003518        0x0 /home/ajender/QemuV1/Docker/buildroot-2023.02.4/output/host/arm-buildroot-linux-gnueabi/sysroot/usr/lib/Scrt1.o
 .rel.text.conv_strtoull
                0x0000000000003518        0x0 /home/ajender/QemuV1/Docker/buildroot-2023.02.4/output/host/arm-buildroot-linux-gnueabi/sysroot/usr/lib/Scrt1.o
 .rel.text.conv_strtod
                0x0000000000003518        0x0 /home/ajender/QemuV1/Docker/buildroot-2023.02.4/output/host/arm-buildroot-linux-gnueabi/sysroot/usr/lib/Scrt1.o
 .rel.text.printf_main
                0x0000000000003518        0x0 /home/ajender/QemuV1/Docker/buildroot-2023.02.4/output/host/arm-buildroot-linux-gnueabi/sysroot/usr/lib/Scrt1.o
 .rel.text.readlink_main
                0x0000000000003518        0x0 /home/ajender/QemuV1/Docker/buildroot-2023.02.4/output/host/arm-buildroot-linux-gnueabi/sysroot/usr/lib/Scrt1.o
 .rel.text.rmdir_main
                0x0000000000003518        0x0 /home/ajender/QemuV1/Docker/buildroot-2023.02.4/output/host/arm-buildroot-linux-gnueabi/sysroot/usr/lib/Scrt1.o
 .rel.text.seq_main
                0x0000000000003518        0x0 /home/ajender/QemuV1/Docker/buildroot-2023.02.4/output/host/arm-buildroot-linux-gnueabi/sysroot/usr/lib/Scrt1.o
 .rel.text.shred_main
                0x0000000000003518        0x0 /home/ajender/QemuV1/Docker/buildroot-2023.02.4/output/host/arm-buildroot-linux-gnueabi/sysroot/usr/lib/Scrt1.o
 .rel.text.sleep_main
                0x0000000000003518        0x0 /home/ajender/QemuV1/Docker/buildroot-2023.02.4/output/host/arm-buildroot-linux-gnueabi/sysroot/usr/lib/Scrt1.o
 .rel.text.compare_keys
                0x0000000000003518        0x0 /home/ajender/QemuV1/Docker/buildroot-2023.02.4/output/host/arm-buildroot-linux-gnueabi/sysroot/usr/lib/Scrt1.o
 .rel.text.sort_main
                0x0000000000003518        0x0 /home/ajender/QemuV1/Docker/buildroot-2023.02.4/output/host/arm-buildroot-linux-gnueabi/sysroot/usr/lib/Scrt1.o
 .rel.text.display_window_size
                0x0000000000003518        0x0 /home/ajender/QemuV1/Docker/buildroot-2023.02.4/output/host/arm-buildroot-linux-gnueabi/sysroot/usr/lib/Scrt1.o
 .rel.text.set_window_size
                0x0000000000003518        0x0 /home/ajender/QemuV1/Docker/buildroot-2023.02.4/output/host/arm-buildroot-linux-gnueabi/sysroot/usr/lib/Scrt1.o
 .rel.text.stty_main
                0x0000000000003518        0x0 /home/ajender/QemuV1/Docker/buildroot-2023.02.4/output/host/arm-buildroot-linux-gnueabi/sysroot/usr/lib/Scrt1.o
 .rel.text.eat_num
                0x0000000000003518        0x0 /home/ajender/QemuV1/Docker/buildroot-2023.02.4/output/host/arm-buildroot-linux-gnueabi/sysroot/usr/lib/Scrt1.o
 .rel.text.tail_main
                0x0000000000003518        0x0 /home/ajender/QemuV1/Docker/buildroot-2023.02.4/output/host/arm-buildroot-linux-gnueabi/sysroot/usr/lib/Scrt1.o
 .rel.text.tee_main
                0x0000000000003518        0x0 /home/ajender/QemuV1/Docker/buildroot-2023.02.4/output/host/arm-buildroot-linux-gnueabi/sysroot/usr/lib/Scrt1.o
 .rel.text.getn
                0x0000000000003518        0x0 /home/ajender/QemuV1/Docker/buildroot-2023.02.4/output/host/arm-buildroot-linux-gnueabi/sysroot/usr/lib/Scrt1.o
 .rel.text.touch_main
                0x0000000000003518        0x0 /home/ajender/QemuV1/Docker/buildroot-2023.02.4/output/host/arm-buildroot-linux-gnueabi/sysroot/usr/lib/Scrt1.o
 .rel.text.truncate_main
                0x0000000000003518        0x0 /home/ajender/QemuV1/Docker/buildroot-2023.02.4/output/host/arm-buildroot-linux-gnueabi/sysroot/usr/lib/Scrt1.o
 .rel.text.tty_main
                0x0000000000003518        0x0 /home/ajender/QemuV1/Docker/buildroot-2023.02.4/output/host/arm-buildroot-linux-gnueabi/sysroot/usr/lib/Scrt1.o
 .rel.text.uname_main
                0x0000000000003518        0x0 /home/ajender/QemuV1/Docker/buildroot-2023.02.4/output/host/arm-buildroot-linux-gnueabi/sysroot/usr/lib/Scrt1.o
 .rel.text.uudecode_main
                0x0000000000003518        0x0 /home/ajender/QemuV1/Docker/buildroot-2023.02.4/output/host/arm-buildroot-linux-gnueabi/sysroot/usr/lib/Scrt1.o
 .rel.text.baseNUM_main
                0x0000000000003518        0x0 /home/ajender/QemuV1/Docker/buildroot-2023.02.4/output/host/arm-buildroot-linux-gnueabi/sysroot/usr/lib/Scrt1.o
 .rel.text.uuencode_main
                0x0000000000003518        0x0 /home/ajender/QemuV1/Docker/buildroot-2023.02.4/output/host/arm-buildroot-linux-gnueabi/sysroot/usr/lib/Scrt1.o
 .rel.text.wc_main
                0x0000000000003518        0x0 /home/ajender/QemuV1/Docker/buildroot-2023.02.4/output/host/arm-buildroot-linux-gnueabi/sysroot/usr/lib/Scrt1.o
 .rel.text.who_main
                0x0000000000003518        0x0 /home/ajender/QemuV1/Docker/buildroot-2023.02.4/output/host/arm-buildroot-linux-gnueabi/sysroot/usr/lib/Scrt1.o
 .rel.text.cp_mv_stat2
                0x0000000000003518        0x0 /home/ajender/QemuV1/Docker/buildroot-2023.02.4/output/host/arm-buildroot-linux-gnueabi/sysroot/usr/lib/Scrt1.o
 .rel.text.bb_alphasort
                0x0000000000003518        0x0 /home/ajender/QemuV1/Docker/buildroot-2023.02.4/output/host/arm-buildroot-linux-gnueabi/sysroot/usr/lib/Scrt1.o
 .rel.text.run_parts_main
                0x0000000000003518        0x0 /home/ajender/QemuV1/Docker/buildroot-2023.02.4/output/host/arm-buildroot-linux-gnueabi/sysroot/usr/lib/Scrt1.o
 .rel.text.start_stop_daemon_main
                0x0000000000003518        0x0 /home/ajender/QemuV1/Docker/buildroot-2023.02.4/output/host/arm-buildroot-linux-gnueabi/sysroot/usr/lib/Scrt1.o
 .rel.text.which_main
                0x0000000000003518        0x0 /home/ajender/QemuV1/Docker/buildroot-2023.02.4/output/host/arm-buildroot-linux-gnueabi/sysroot/usr/lib/Scrt1.o
 .rel.text.resume_main
                0x0000000000003518        0x0 /home/ajender/QemuV1/Docker/buildroot-2023.02.4/output/host/arm-buildroot-linux-gnueabi/sysroot/usr/lib/Scrt1.o
 .rel.text.chattr_main
                0x0000000000003518        0x0 /home/ajender/QemuV1/Docker/buildroot-2023.02.4/output/host/arm-buildroot-linux-gnueabi/sysroot/usr/lib/Scrt1.o
 .rel.text.kill_all_if_got_signal
                0x0000000000003518        0x0 /home/ajender/QemuV1/Docker/buildroot-2023.02.4/output/host/arm-buildroot-linux-gnueabi/sysroot/usr/lib/Scrt1.o
 .rel.text.wait_one
                0x0000000000003518        0x0 /home/ajender/QemuV1/Docker/buildroot-2023.02.4/output/host/arm-buildroot-linux-gnueabi/sysroot/usr/lib/Scrt1.o
 .rel.text.fsck_main
                0x0000000000003518        0x0 /home/ajender/QemuV1/Docker/buildroot-2023.02.4/output/host/arm-buildroot-linux-gnueabi/sysroot/usr/lib/Scrt1.o
 .rel.text.list_attributes
                0x0000000000003518        0x0 /home/ajender/QemuV1/Docker/buildroot-2023.02.4/output/host/arm-buildroot-linux-gnueabi/sysroot/usr/lib/Scrt1.o
 .rel.text.lsattr_dir_proc
                0x0000000000003518        0x0 /home/ajender/QemuV1/Docker/buildroot-2023.02.4/output/host/arm-buildroot-linux-gnueabi/sysroot/usr/lib/Scrt1.o
 .rel.text.lsattr_main
                0x0000000000003518        0x0 /home/ajender/QemuV1/Docker/buildroot-2023.02.4/output/host/arm-buildroot-linux-gnueabi/sysroot/usr/lib/Scrt1.o
 .rel.text.skip_spaces
                0x0000000000003518        0x0 /home/ajender/QemuV1/Docker/buildroot-2023.02.4/output/host/arm-buildroot-linux-gnueabi/sysroot/usr/lib/Scrt1.o
 .rel.text.new_node
                0x0000000000003518        0x0 /home/ajender/QemuV1/Docker/buildroot-2023.02.4/output/host/arm-buildroot-linux-gnueabi/sysroot/usr/lib/Scrt1.o
 .rel.text.chain_node
                0x0000000000003518        0x0 /home/ajender/QemuV1/Docker/buildroot-2023.02.4/output/host/arm-buildroot-linux-gnueabi/sysroot/usr/lib/Scrt1.o
 .rel.text.syntax_error
                0x0000000000003518        0x0 /home/ajender/QemuV1/Docker/buildroot-2023.02.4/output/host/arm-buildroot-linux-gnueabi/sysroot/usr/lib/Scrt1.o
 .rel.text.fmt_num
                0x0000000000003518        0x0 /home/ajender/QemuV1/Docker/buildroot-2023.02.4/output/host/arm-buildroot-linux-gnueabi/sysroot/usr/lib/Scrt1.o
 .rel.text.getvar_s
                0x0000000000003518        0x0 /home/ajender/QemuV1/Docker/buildroot-2023.02.4/output/host/arm-buildroot-linux-gnueabi/sysroot/usr/lib/Scrt1.o
 .rel.text.awk_split
                0x0000000000003518        0x0 /home/ajender/QemuV1/Docker/buildroot-2023.02.4/output/host/arm-buildroot-linux-gnueabi/sysroot/usr/lib/Scrt1.o
 .rel.text.next_token
                0x0000000000003518        0x0 /home/ajender/QemuV1/Docker/buildroot-2023.02.4/output/host/arm-buildroot-linux-gnueabi/sysroot/usr/lib/Scrt1.o
 .rel.text.fsrealloc