Archive member included to satisfy reference by file (symbol)

/home/ajender/QemuV1/Docker/buildroot-2023.02.4/output/build/glibc-2.36-81-g4f4d7a13edfd2fdc57c9d76e1fd6d017fb47550c/build/elf/rtld-libc.a(rtld-check_fds.os)
                              /home/ajender/QemuV1/Docker/buildroot-2023.02.4/output/build/glibc-2.36-81-g4f4d7a13edfd2fdc57c9d76e1fd6d017fb47550c/build/elf/dl-allobjs.os (__libc_check_standard_fds)
/home/ajender/QemuV1/Docker/buildroot-2023.02.4/output/build/glibc-2.36-81-g4f4d7a13edfd2fdc57c9d76e1fd6d017fb47550c/build/elf/rtld-libc.a(rtld-errno.os)
                              /home/ajender/QemuV1/Docker/buildroot-2023.02.4/output/build/glibc-2.36-81-g4f4d7a13edfd2fdc57c9d76e1fd6d017fb47550c/build/elf/dl-allobjs.os (rtld_errno)
/home/ajender/QemuV1/Docker/buildroot-2023.02.4/output/build/glibc-2.36-81-g4f4d7a13edfd2fdc57c9d76e1fd6d017fb47550c/build/elf/rtld-libc.a(rtld-closedir.os)
                              /home/ajender/QemuV1/Docker/buildroot-2023.02.4/output/build/glibc-2.36-81-g4f4d7a13edfd2fdc57c9d76e1fd6d017fb47550c/build/elf/dl-allobjs.os (__closedir)
/home/ajender/QemuV1/Docker/buildroot-2023.02.4/output/build/glibc-2.36-81-g4f4d7a13edfd2fdc57c9d76e1fd6d017fb47550c/build/elf/rtld-libc.a(rtld-rewinddir.os)
                              /home/ajender/QemuV1/Docker/buildroot-2023.02.4/output/build/glibc-2.36-81-g4f4d7a13edfd2fdc57c9d76e1fd6d017fb47550c/build/elf/dl-allobjs.os (__rewinddir)
/home/ajender/QemuV1/Docker/buildroot-2023.02.4/output/build/glibc-2.36-81-g4f4d7a13edfd2fdc57c9d76e1fd6d017fb47550c/build/elf/rtld-libc.a(rtld-readdir64.os)
                              /home/ajender/QemuV1/Docker/buildroot-2023.02.4/output/build/glibc-2.36-81-g4f4d7a13edfd2fdc57c9d76e1fd6d017fb47550c/build/elf/dl-allobjs.os (__readdir64)
/home/ajender/QemuV1/Docker/buildroot-2023.02.4/output/build/glibc-2.36-81-g4f4d7a13edfd2fdc57c9d76e1fd6d017fb47550c/build/elf/rtld-libc.a(rtld-fdopendir.os)
                              /home/ajender/QemuV1/Docker/buildroot-2023.02.4/output/build/glibc-2.36-81-g4f4d7a13edfd2fdc57c9d76e1fd6d017fb47550c/build/elf/dl-allobjs.os (__fdopendir)
/home/ajender/QemuV1/Docker/buildroot-2023.02.4/output/build/glibc-2.36-81-g4f4d7a13edfd2fdc57c9d76e1fd6d017fb47550c/build/elf/rtld-libc.a(rtld-getdents64.os)
                              /home/ajender/QemuV1/Docker/buildroot-2023.02.4/output/build/glibc-2.36-81-g4f4d7a13edfd2fdc57c9d76e1fd6d017fb47550c/build/elf/rtld-libc.a(rtld-readdir64.os) (__getdents64)
/home/ajender/QemuV1/Docker/buildroot-2023.02.4/output/build/glibc-2.36-81-g4f4d7a13edfd2fdc57c9d76e1fd6d017fb47550c/build/elf/rtld-libc.a(rtld-dl-addr-obj.os)
                              /home/ajender/QemuV1/Docker/buildroot-2023.02.4/output/build/glibc-2.36-81-g4f4d7a13edfd2fdc57c9d76e1fd6d017fb47550c/build/elf/dl-allobjs.os (_dl_addr_inside_object)
/home/ajender/QemuV1/Docker/buildroot-2023.02.4/output/build/glibc-2.36-81-g4f4d7a13edfd2fdc57c9d76e1fd6d017fb47550c/build/elf/rtld-libc.a(rtld-profil.os)
                              /home/ajender/QemuV1/Docker/buildroot-2023.02.4/output/build/glibc-2.36-81-g4f4d7a13edfd2fdc57c9d76e1fd6d017fb47550c/build/elf/dl-allobjs.os (__profil)
/home/ajender/QemuV1/Docker/buildroot-2023.02.4/output/build/glibc-2.36-81-g4f4d7a13edfd2fdc57c9d76e1fd6d017fb47550c/build/elf/rtld-libc.a(rtld-prof-freq.os)
                              /home/ajender/QemuV1/Docker/buildroot-2023.02.4/output/build/glibc-2.36-81-g4f4d7a13edfd2fdc57c9d76e1fd6d017fb47550c/build/elf/dl-allobjs.os (__profile_frequency)
/home/ajender/QemuV1/Docker/buildroot-2023.02.4/output/build/glibc-2.36-81-g4f4d7a13edfd2fdc57c9d76e1fd6d017fb47550c/build/elf/rtld-libc.a(rtld-stat64.os)
                              /home/ajender/QemuV1/Docker/buildroot-2023.02.4/output/build/glibc-2.36-81-g4f4d7a13edfd2fdc57c9d76e1fd6d017fb47550c/build/elf/dl-allobjs.os (__GI___stat64_time64)
/home/ajender/QemuV1/Docker/buildroot-2023.02.4/output/build/glibc-2.36-81-g4f4d7a13edfd2fdc57c9d76e1fd6d017fb47550c/build/elf/rtld-libc.a(rtld-fstat64.os)
                              /home/ajender/QemuV1/Docker/buildroot-2023.02.4/output/build/glibc-2.36-81-g4f4d7a13edfd2fdc57c9d76e1fd6d017fb47550c/build/elf/dl-allobjs.os (__GI___fstat64_time64)
/home/ajender/QemuV1/Docker/buildroot-2023.02.4/output/build/glibc-2.36-81-g4f4d7a13edfd2fdc57c9d76e1fd6d017fb47550c/build/elf/rtld-libc.a(rtld-lstat64.os)
                              /home/ajender/QemuV1/Docker/buildroot-2023.02.4/output/build/glibc-2.36-81-g4f4d7a13edfd2fdc57c9d76e1fd6d017fb47550c/build/elf/dl-allobjs.os (__GI___lstat64_time64)
/home/ajender/QemuV1/Docker/buildroot-2023.02.4/output/build/glibc-2.36-81-g4f4d7a13edfd2fdc57c9d76e1fd6d017fb47550c/build/elf/rtld-libc.a(rtld-fstatat64.os)
                              /home/ajender/QemuV1/Docker/buildroot-2023.02.4/output/build/glibc-2.36-81-g4f4d7a13edfd2fdc57c9d76e1fd6d017fb47550c/build/elf/dl-allobjs.os (__GI___fstatat64_time64)
[...]
Memory Configuration

Name             Origin             Length             Attributes
*default*        0x0000000000000000 0xffffffffffffffff

Linker script and memory map

START GROUP
LOAD /home/ajender/QemuV1/Docker/buildroot-2023.02.4/output/build/glibc-2.36-81-g4f4d7a13edfd2fdc57c9d76e1fd6d017fb47550c/build/elf/dl-allobjs.os
LOAD /home/ajender/QemuV1/Docker/buildroot-2023.02.4/output/build/glibc-2.36-81-g4f4d7a13edfd2fdc57c9d76e1fd6d017fb47550c/build/elf/rtld-libc.a
LOAD /home/ajender/QemuV1/Docker/buildroot-2023.02.4/output/host/lib/gcc/arm-buildroot-linux-gnueabi/11.4.0/libgcc.a
END GROUP

.interp
 *(.interp)

.note.gnu.build-id
 *(.note.gnu.build-id)

.hash
 *(.hash)

.gnu.hash
 *(.gnu.hash)

.dynsym
 *(.dynsym)

.dynstr
 *(.dynstr)

.gnu.version
 *(.gnu.version)

.gnu.version_d
 *(.gnu.version_d)

.gnu.version_r
 *(.gnu.version_r)

.rel.init
 *(.rel.init)

.rela.init
 *(.rela.init)

.rel.text
 *(.rel.text)

.rela.text
 *(.rela.text)

.rel.fini
 *(.rel.fini)

.rela.fini
 *(.rela.fini)

.rel.rodata
 *(.rel.rodata)

.rela.rodata
 *(.rela.rodata)

.rel.data.rel.ro
 *(.rel.data.rel.ro)

.rela.data.rel.ro
 *(.rela.data.rel.ro)

.rel.data
 *(.rel.data)

.rela.data
 *(.rela.data)

.rel.tdata
 *(.rel.tdata)

.rela.tdata
 *(.rela.tdata)

.rel.tbss
 *(.rel.tbss)

.rela.tbss
 *(.rela.tbss)

.rel.ctors
 *(.rel.ctors)

.rela.ctors
 *(.rela.ctors)

.rel.dtors
 *(.rel.dtors)

.rela.dtors
 *(.rela.dtors)

.rel.got
 *(.rel.got)

.rela.got
 *(.rela.got)

.rel.bss
 *(.rel.bss)

.rela.bss
 *(.rela.bss)

.rel.iplt
 *(.rel.iplt)

.rela.iplt
 *(.rela.iplt)

.rel.plt
 *(.rel.plt)

.rela.plt
 *(.rela.plt)

.init
 *(SORT_NONE(.init))

.plt
 *(.plt)

.iplt
 *(.iplt)

.text           0x0000000000000000    0x1c76c
 *(.text .stub)
 .text          0x0000000000000000    0x19d98 /home/ajender/QemuV1/Docker/buildroot-2023.02.4/output/build/glibc-2.36-81-g4f4d7a13edfd2fdc57c9d76e1fd6d017fb47550c/build/elf/dl-allobjs.os
                0x0000000000000000                _dl_call_libc_early_init
                0x0000000000000244                _dl_close_worker
                0x0000000000000fec                _dl_close
                0x00000000000010a0                _dl_debug_state
                0x00000000000010a0                __GI__dl_debug_state
                0x00000000000010a4                _dl_debug_update
                0x0000000000001114                _dl_debug_initialize
                0x00000000000012c4                _dl_map_object_deps
                0x0000000000001f20                _dl_error_free
                0x0000000000001f48                _dl_exception_create
                0x0000000000001f48                __GI__dl_exception_create
                0x0000000000001fec                __GI__dl_exception_create_format
                0x0000000000001fec                _dl_exception_create_format
                0x00000000000022b8                _dl_exception_free
                0x00000000000022b8                __GI__dl_exception_free
                0x00000000000022ec                __GI___nptl_change_stack_perm
                0x00000000000022ec                __nptl_change_stack_perm
                0x0000000000002320                _dl_make_stacks_executable
                0x00000000000027ac                __GI__dl_find_object
                0x00000000000027ac                _dl_find_object
                0x0000000000002a7c                _dlfo_sort_mappings
                0x0000000000002b30                _dl_find_object_init
                0x0000000000002cb4                _dl_find_object_update
                0x00000000000031c8                _dl_find_object_dlclose
                0x000000000000323c                _dl_find_object_freeres
                0x00000000000032d0                _dl_fini
                0x000000000000380c                _dl_init
                0x0000000000004650                _dl_dst_count
                0x00000000000046f0                _dl_dst_substitute
                0x0000000000004e48                _dl_init_paths
                0x000000000000524c                _dl_process_pt_gnu_property
                0x00000000000067fc                _dl_map_object
                0x00000000000071d8                _dl_rtld_di_serinfo
                0x0000000000007da8                _dl_lookup_symbol_x
                0x0000000000008870                _dl_lookup_direct
                0x00000000000089c4                __minimal_malloc
                0x0000000000008b0c                __minimal_calloc
                0x0000000000008b6c                __minimal_free
                0x0000000000008ba0                __minimal_realloc
                0x0000000000008c40                _dl_sysdep_read_whole_file
                0x0000000000008cbc                _dl_name_match_p
                0x0000000000008d18                _dl_higher_prime_number
                0x0000000000008d60                _dl_strtoul
                0x0000000000008ecc                _dl_add_to_namespace_list
                0x0000000000008f94                _dl_new_object
                0x0000000000009784                __GI__dl_find_dso_for_object
                0x0000000000009784                _dl_find_dso_for_object
                0x0000000000009844                _dl_open
                0x0000000000009b64                _dl_show_scope
                0x000000000000a4fc                _dl_get_origin
                0x000000000000aa50                _dl_debug_printf
                0x000000000000aa8c                _dl_debug_printf_c
                0x000000000000aac8                _dl_dprintf
                0x000000000000aaf4                _dl_printf
                0x000000000000ab24                _dl_error_printf
                0x000000000000ab54                _dl_fatal_printf
                0x000000000000ab54                __GI__dl_fatal_printf
                0x000000000000ab7c                _dl_start_profile
                0x000000000000b1d8                __GI__dl_mcount
                0x000000000000b1d8                _dl_mcount
                0x000000000000b72c                _dl_try_allocate_static_tls
                0x000000000000b830                _dl_allocate_static_tls
                0x000000000000b874                _dl_protect_relro
                0x000000000000b8f0                _dl_reloc_bad_type
                0x000000000000b95c                _dl_relocate_object
                0x000000000000dc04                _dl_fixup
                0x000000000000def0                _dl_profile_fixup
                0x000000000000e24c                _dl_scope_free
                0x000000000000e34c                _dl_setup_hash
                0x000000000000e4e8                _dl_sort_maps_init
                0x000000000000e520                _dl_sort_maps
                0x000000000000e950                __thread_gscope_wait
                0x000000000000ee84                _dl_tls_static_surplus_init
                0x000000000000ef20                _dl_assign_tls_modid
                0x000000000000f040                _dl_count_modids
                0x000000000000f0c0                _dl_determine_tlsoffset
                0x000000000000f2ac                _dl_get_tls_static_info
                0x000000000000f2cc                _dl_allocate_tls_storage
                0x000000000000f370                __GI__dl_allocate_tls_init
                0x000000000000f370                _dl_allocate_tls_init
                0x000000000000f5e8                __GI__dl_allocate_tls
                0x000000000000f5e8                _dl_allocate_tls
                0x000000000000f60c                _dl_deallocate_tls
                0x000000000000f60c                __GI__dl_deallocate_tls
                0x000000000000f6a4                _dl_update_slotinfo
                0x000000000000f8ec                __GI___tls_get_addr
                0x000000000000f8ec                __tls_get_addr
                0x000000000000f950                _dl_tls_get_addr_soft
                0x000000000000f9dc                _dl_add_to_slotinfo
                0x000000000000faf4                _dl_init_static_tls
                0x000000000000fc5c                __tls_pre_init_tp
                0x000000000000fcc0                __tls_init_tp
                0x000000000000fdec                _dl_runtime_resolve
                0x000000000000fe10                _dl_runtime_profile
                0x000000000000fed0                _dl_check_map_versions
                0x000000000001078c                _dl_check_all_versions
                0x00000000000107e4                _dl_write
                0x00000000000107f4                _dl_cache_libcmp
                0x0000000000010e9c                _dl_load_cache_lookup
                0x00000000000111b8                _dl_unload_cache
                0x0000000000011374                __GI___tunable_set_val
                0x0000000000011394                __GI___tunables_init
                0x0000000000011810                __GI___tunables_print
                0x000000000001190c                __tunable_get_val
                0x000000000001190c                __GI___tunable_get_val
                0x00000000000119e0                _dl_make_tlsdesc_dynamic
                0x0000000000011cb8                _dl_unmap
                0x0000000000011d34                _dl_tlsdesc_return
                0x0000000000011d3c                _dl_tlsdesc_undefweak
                0x0000000000011d58                _dl_tlsdesc_dynamic
                0x0000000000011dd8                _dl_audit_activity_map
                0x0000000000011e30                _dl_audit_activity_nsid
                0x0000000000011e74                _dl_audit_objsearch
                0x0000000000011f00                _dl_audit_objopen
                0x0000000000011f94                _dl_audit_objclose
                0x0000000000012014                _dl_audit_preinit
                0x0000000000012070                _dl_audit_symbind_alt
                0x0000000000012070                __GI__dl_audit_symbind_alt
                0x00000000000121bc                _dl_audit_symbind
                0x0000000000012394                _dl_audit_pltenter
                0x000000000001258c                _dl_audit_pltexit
                0x000000000001276c                _dl_diagnostics_print_string
                0x00000000000127b8                _dl_diagnostics_print_labeled_string
                0x00000000000127e8                _dl_diagnostics_print_labeled_value
                0x000000000001281c                _dl_print_diagnostics
                0x0000000000012bcc                _dl_diagnostics_cpu
                0x0000000000012c9c                _dl_diagnostics_kernel
                0x0000000000012d40                _dl_next_ld_env_entry
                0x0000000000012d8c                unsetenv
                0x0000000000012ed8                _dl_signal_exception
                0x0000000000012f20                _dl_signal_error
                0x0000000000012f74                _dl_signal_cexception
                0x0000000000013028                _dl_signal_cerror
                0x00000000000130ec                _dl_catch_exception
                0x00000000000131bc                _dl_catch_error
                0x0000000000013208                _dl_receive_error
                0x0000000000013240                _rtld_catch_error
                0x0000000000013348                _dl_important_hwcaps
                0x0000000000013b4c                _dl_hwcaps_subdirs_active
                0x0000000000013b54                _dl_hwcaps_split
                0x0000000000013bc0                _dl_hwcaps_contains
                0x0000000000013c28                _dl_hwcaps_split_masked
                0x0000000000013c6c                __rtld_libc_freeres
                0x0000000000013c70                __rtld_malloc_init_stubs
                0x0000000000013cc0                __sigjmp_save
                0x0000000000013cd0                __GI___libc_fatal
                0x0000000000013cd0                __libc_fatal
                0x0000000000013ce8                __GI___chk_fail
                0x0000000000013ce8                __chk_fail
                0x0000000000013cf4                __GI___assert_fail
                0x0000000000013cf4                __assert_fail
                0x0000000000013d38                __rtld_malloc_is_complete
                0x0000000000013e94                __rtld_malloc_init_real
                0x0000000000013f80                _itoa
                0x0000000000014018                __strerror_r
                0x000000000001411c                __GI___assert_perror_fail
                0x000000000001411c                __assert_perror_fail
                0x0000000000014184                __strsep
                0x0000000000014184                strsep
                0x0000000000014184                __strsep_g
                0x0000000000014218                __rtld_mutex_init
                0x000000000001436c                _dl_sysdep_start
                0x0000000000014598                _dl_sysdep_start_cleanup
                0x000000000001459c                _dl_show_auxv
                0x000000000001491c                _dl_usage
                0x0000000000014970                _dl_version
                0x000000000001498c                _dl_help
                0x0000000000014d68                _start
                0x0000000000014d74                _dl_start_user
                0x000000000001629c                handle_preload_list
                0x00000000000194f0                __aeabi_read_tp
                0x00000000000194f8                __brk
                0x00000000000194f8                brk
                0x0000000000019544                sbrk
                0x0000000000019544                __sbrk
                0x00000000000195d4                __getcwd
                0x00000000000195d4                getcwd
                0x0000000000019bb8                openat64
                0x0000000000019c44                __alloc_dir
                0x0000000000019ce0                __opendir
                0x0000000000019ce0                opendir
                0x0000000000019d8c                __aeabi_unwind_cpp_pr0
                0x0000000000019d90                __aeabi_unwind_cpp_pr1
                0x0000000000019d94                __aeabi_unwind_cpp_pr2
 .text          0x0000000000019d98      0x104 /home/ajender/QemuV1/Docker/buildroot-2023.02.4/output/build/glibc-2.36-81-g4f4d7a13edfd2fdc57c9d76e1fd6d017fb47550c/build/elf/rtld-libc.a(rtld-check_fds.os)
                0x0000000000019e6c                __libc_check_standard_fds
 .text          0x0000000000019e9c        0x0 /home/ajender/QemuV1/Docker/buildroot-2023.02.4/output/build/glibc-2.36-81-g4f4d7a13edfd2fdc57c9d76e1fd6d017fb47550c/build/elf/rtld-libc.a(rtld-errno.os)
 .text          0x0000000000019e9c       0x4c /home/ajender/QemuV1/Docker/buildroot-2023.02.4/output/build/glibc-2.36-81-g4f4d7a13edfd2fdc57c9d76e1fd6d017fb47550c/build/elf/rtld-libc.a(rtld-closedir.os)
                0x0000000000019e9c                __closedir
                0x0000000000019e9c                closedir
 .text          0x0000000000019ee8       0x30 /home/ajender/QemuV1/Docker/buildroot-2023.02.4/output/build/glibc-2.36-81-g4f4d7a13edfd2fdc57c9d76e1fd6d017fb47550c/build/elf/rtld-libc.a(rtld-rewinddir.os)
                0x0000000000019ee8                rewinddir
                0x0000000000019ee8                __rewinddir
 .text          0x0000000000019f18       0xb4 /home/ajender/QemuV1/Docker/buildroot-2023.02.4/output/build/glibc-2.36-81-g4f4d7a13edfd2fdc57c9d76e1fd6d017fb47550c/build/elf/rtld-libc.a(rtld-readdir64.os)
                0x0000000000019f18                __readdir64
                0x0000000000019f18                readdir64
 .text          0x0000000000019fcc       0xa0 /home/ajender/QemuV1/Docker/buildroot-2023.02.4/output/build/glibc-2.36-81-g4f4d7a13edfd2fdc57c9d76e1fd6d017fb47550c/build/elf/rtld-libc.a(rtld-fdopendir.os)
                0x0000000000019fcc                fdopendir
                0x0000000000019fcc                __fdopendir
 .text          0x000000000001a06c       0x3c /home/ajender/QemuV1/Docker/buildroot-2023.02.4/output/build/glibc-2.36-81-g4f4d7a13edfd2fdc57c9d76e1fd6d017fb47550c/build/elf/rtld-libc.a(rtld-getdents64.os)
                0x000000000001a06c                getdents64
                0x000000000001a06c                __getdents64
 .text          0x000000000001a0a8       0x60 /home/ajender/QemuV1/Docker/buildroot-2023.02.4/output/build/glibc-2.36-81-g4f4d7a13edfd2fdc57c9d76e1fd6d017fb47550c/build/elf/rtld-libc.a(rtld-dl-addr-obj.os)
                0x000000000001a0a8                _dl_addr_inside_object
 .text          0x000000000001a108      0x108 /home/ajender/QemuV1/Docker/buildroot-2023.02.4/output/build/glibc-2.36-81-g4f4d7a13edfd2fdc57c9d76e1fd6d017fb47550c/build/elf/rtld-libc.a(rtld-profil.os)
                0x000000000001a108                __profil_counter
                0x000000000001a158                __profil
                0x000000000001a158                profil
 .text          0x000000000001a210       0x14 /home/ajender/QemuV1/Docker/buildroot-2023.02.4/output/build/glibc-2.36-81-g4f4d7a13edfd2fdc57c9d76e1fd6d017fb47550c/build/elf/rtld-libc.a(rtld-prof-freq.os)
                0x000000000001a210                __profile_frequency
 .text          0x000000000001a224       0x48 /home/ajender/QemuV1/Docker/buildroot-2023.02.4/output/build/glibc-2.36-81-g4f4d7a13edfd2fdc57c9d76e1fd6d017fb47550c/build/elf/rtld-libc.a(rtld-stat64.os)
                0x000000000001a224                __stat64_time64
                0x000000000001a224                __GI___stat64_time64
                0x000000000001a238                stat64
                0x000000000001a238                __stat64
                0x000000000001a238                __GI___stat64
 .text          0x000000000001a26c       0x94 /home/ajender/QemuV1/Docker/buildroot-2023.02.4/output/build/glibc-2.36-81-g4f4d7a13edfd2fdc57c9d76e1fd6d017fb47550c/build/elf/rtld-libc.a(rtld-fstat64.os)
                0x000000000001a26c                __GI___fstat64_time64
                0x000000000001a26c                __fstat64_time64
                0x000000000001a2a8                __GI___fstat64
                0x000000000001a2a8                fstat64
                0x000000000001a2a8                __fstat64
 .text          0x000000000001a300       0x48 /home/ajender/QemuV1/Docker/buildroot-2023.02.4/output/build/glibc-2.36-81-g4f4d7a13edfd2fdc57c9d76e1fd6d017fb47550c/build/elf/rtld-libc.a(rtld-lstat64.os)
                0x000000000001a300                __GI___lstat64_time64
                0x000000000001a300                __lstat64_time64
                0x000000000001a314                __lstat64
                0x000000000001a314                lstat64
                0x000000000001a314                __GI___lstat64
 .text          0x000000000001a348      0x19c /home/ajender/QemuV1/Docker/buildroot-2023.02.4/output/build/glibc-2.36-81-g4f4d7a13edfd2fdc57c9d76e1fd6d017fb47550c/build/elf/rtld-libc.a(rtld-fstatat64.os)
                0x000000000001a348                __fstatat64_time64
                0x000000000001a348                __GI___fstatat64_time64
                0x000000000001a4b0                fstatat64
                0x000000000001a4b0                __fstatat64
                0x000000000001a4b0                __GI___fstatat64
 .text          0x000000000001a4e4       0x70 /home/ajender/QemuV1/Docker/buildroot-2023.02.4/output/build/glibc-2.36-81-g4f4d7a13edfd2fdc57c9d76e1fd6d017fb47550c/build/elf/rtld-libc.a(rtld-openat64.os)
                0x000000000001a4e4                __openat64
                0x000000000001a4e4                __libc_openat64
 .text          0x000000000001a554       0x74 /home/ajender/QemuV1/Docker/buildroot-2023.02.4/output/build/glibc-2.36-81-g4f4d7a13edfd2fdc57c9d76e1fd6d017fb47550c/build/elf/rtld-libc.a(rtld-lseek.os)
                0x000000000001a554                lseek
                0x000000000001a554                __lseek
                0x000000000001a554                __libc_lseek
 .text          0x000000000001a5c8       0x30 /home/ajender/QemuV1/Docker/buildroot-2023.02.4/output/build/glibc-2.36-81-g4f4d7a13edfd2fdc57c9d76e1fd6d017fb47550c/build/elf/rtld-libc.a(rtld-access.os)
                0x000000000001a5c8                access
                0x000000000001a5c8                __access
 .text          0x000000000001a5f8       0x30 /home/ajender/QemuV1/Docker/buildroot-2023.02.4/output/build/glibc-2.36-81-g4f4d7a13edfd2fdc57c9d76e1fd6d017fb47550c/build/elf/rtld-libc.a(rtld-close_nocancel.os)
                0x000000000001a5f8                __GI___close_nocancel
 .text          0x000000000001a628       0xa8 /home/ajender/QemuV1/Docker/buildroot-2023.02.4/output/build/glibc-2.36-81-g4f4d7a13edfd2fdc57c9d76e1fd6d017fb47550c/build/elf/rtld-libc.a(rtld-fcntl_nocancel.os)
                0x000000000001a628                __fcntl64_nocancel_adjusted
                0x000000000001a6a4                __fcntl64_nocancel
                0x000000000001a6a4                __GI___fcntl64_nocancel
 .text          0x000000000001a6d0       0x74 /home/ajender/QemuV1/Docker/buildroot-2023.02.4/output/build/glibc-2.36-81-g4f4d7a13edfd2fdc57c9d76e1fd6d017fb47550c/build/elf/rtld-libc.a(rtld-open_nocancel.os)
                0x000000000001a6d0                __GI___open_nocancel
                0x000000000001a6d0                __open_nocancel
 .text          0x000000000001a744       0x78 /home/ajender/QemuV1/Docker/buildroot-2023.02.4/output/build/glibc-2.36-81-g4f4d7a13edfd2fdc57c9d76e1fd6d017fb47550c/build/elf/rtld-libc.a(rtld-open64_nocancel.os)
                0x000000000001a744                __GI___open64_nocancel
                0x000000000001a744                __open64_nocancel
 .text          0x000000000001a7bc       0x30 /home/ajender/QemuV1/Docker/buildroot-2023.02.4/output/build/glibc-2.36-81-g4f4d7a13edfd2fdc57c9d76e1fd6d017fb47550c/build/elf/rtld-libc.a(rtld-read_nocancel.os)
                0x000000000001a7bc                __read_nocancel
                0x000000000001a7bc                __GI___read_nocancel
 .text          0x000000000001a7ec       0x38 /home/ajender/QemuV1/Docker/buildroot-2023.02.4/output/build/glibc-2.36-81-g4f4d7a13edfd2fdc57c9d76e1fd6d017fb47550c/build/elf/rtld-libc.a(rtld-pread64_nocancel.os)
                0x000000000001a7ec                __GI___pread64_nocancel
                0x000000000001a7ec                __pread64_nocancel
 .text          0x000000000001a824       0x30 /home/ajender/QemuV1/Docker/buildroot-2023.02.4/output/build/glibc-2.36-81-g4f4d7a13edfd2fdc57c9d76e1fd6d017fb47550c/build/elf/rtld-libc.a(rtld-write_nocancel.os)
                0x000000000001a824                __GI___write_nocancel
                0x000000000001a824                __write_nocancel
 .text          0x000000000001a854       0xf4 /home/ajender/QemuV1/Docker/buildroot-2023.02.4/output/build/glibc-2.36-81-g4f4d7a13edfd2fdc57c9d76e1fd6d017fb47550c/build/elf/rtld-libc.a(rtld-stat_t64_cp.os)
                0x000000000001a854                __cp_stat64_t64_stat64
 .text          0x000000000001a948       0xe0 /home/ajender/QemuV1/Docker/buildroot-2023.02.4/output/build/glibc-2.36-81-g4f4d7a13edfd2fdc57c9d76e1fd6d017fb47550c/build/elf/rtld-libc.a(rtld-scratch_buffer_set_array_size.os)
                0x000000000001a96c                __libc_scratch_buffer_set_array_size
 .text          0x000000000001aa28       0x64 /home/ajender/QemuV1/Docker/buildroot-2023.02.4/output/build/glibc-2.36-81-g4f4d7a13edfd2fdc57c9d76e1fd6d017fb47550c/build/elf/rtld-libc.a(rtld-mmap.os)
                0x000000000001aa28                __mmap
                0x000000000001aa28                mmap
 *fill*         0x000000000001aa8c        0x4 
 .text          0x000000000001aa90       0x34 /home/ajender/QemuV1/Docker/buildroot-2023.02.4/output/build/glibc-2.36-81-g4f4d7a13edfd2fdc57c9d76e1fd6d017fb47550c/build/elf/rtld-libc.a(rtld-munmap.os)
                0x000000000001aa90                munmap
                0x000000000001aa90                __GI___munmap
                0x000000000001aa90                __GI_munmap
                0x000000000001aa90                __munmap
 *fill*         0x000000000001aac4        0xc 
 .text          0x000000000001aad0       0x34 /home/ajender/QemuV1/Docker/buildroot-2023.02.4/output/build/glibc-2.36-81-g4f4d7a13edfd2fdc57c9d76e1fd6d017fb47550c/build/elf/rtld-libc.a(rtld-mprotect.os)
                0x000000000001aad0                __mprotect
                0x000000000001aad0                __GI___mprotect
                0x000000000001aad0                __GI_mprotect
                0x000000000001aad0                mprotect
 .text          0x000000000001ab04       0x60 /home/ajender/QemuV1/Docker/buildroot-2023.02.4/output/build/glibc-2.36-81-g4f4d7a13edfd2fdc57c9d76e1fd6d017fb47550c/build/elf/rtld-libc.a(rtld-makedev.os)
                0x000000000001ab04                gnu_dev_major
                0x000000000001ab04                __gnu_dev_major
                0x000000000001ab18                gnu_dev_minor
                0x000000000001ab18                __gnu_dev_minor
                0x000000000001ab30                gnu_dev_makedev
                0x000000000001ab30                __gnu_dev_makedev
 .text          0x000000000001ab64       0xe8 /home/ajender/QemuV1/Docker/buildroot-2023.02.4/output/build/glibc-2.36-81-g4f4d7a13edfd2fdc57c9d76e1fd6d017fb47550c/build/elf/rtld-libc.a(rtld-atomic_wide_counter.os)
                0x000000000001ab64                __atomic_wide_counter_fetch_add_relaxed
                0x000000000001abfc                __atomic_wide_counter_load_relaxed
 .text          0x000000000001ac4c      0x16c /home/ajender/QemuV1/Docker/buildroot-2023.02.4/output/build/glibc-2.36-81-g4f4d7a13edfd2fdc57c9d76e1fd6d017fb47550c/build/elf/rtld-libc.a(rtld-lowlevellock.os)
                0x000000000001ac4c                __lll_lock_wait_private
                0x000000000001ace4                __lll_lock_wait
                0x000000000001ad80                __lll_lock_wake_private
                0x000000000001ad9c                __lll_lock_wake
 *fill*         0x000000000001adb8        0x8 
 .text          0x000000000001adc0       0x34 /home/ajender/QemuV1/Docker/buildroot-2023.02.4/output/build/glibc-2.36-81-g4f4d7a13edfd2fdc57c9d76e1fd6d017fb47550c/build/elf/rtld-libc.a(rtld-uname.os)
                0x000000000001adc0                uname
                0x000000000001adc0                __GI_uname
                0x000000000001adc0                __uname
                0x000000000001adc0                __GI___uname
 .text          0x000000000001adf4       0x58 /home/ajender/QemuV1/Docker/buildroot-2023.02.4/output/build/glibc-2.36-81-g4f4d7a13edfd2fdc57c9d76e1fd6d017fb47550c/build/elf/rtld-libc.a(rtld-_exit.os)
                0x000000000001adf4                _Exit
                0x000000000001adf4                __GI__exit
                0x000000000001adf4                _exit
 *fill*         0x000000000001ae4c        0x4 
 .text          0x000000000001ae50       0x14 /home/ajender/QemuV1/Docker/buildroot-2023.02.4/output/build/glibc-2.36-81-g4f4d7a13edfd2fdc57c9d76e1fd6d017fb47550c/build/elf/rtld-libc.a(rtld-getpid.os)
                0x000000000001ae50                __getpid
                0x000000000001ae50                getpid
                0x000000000001ae50                __GI_getpid
                0x000000000001ae50                __GI___getpid
 .text          0x000000000001ae64        0x0 /home/ajender/QemuV1/Docker/buildroot-2023.02.4/output/build/glibc-2.36-81-g4f4d7a13edfd2fdc57c9d76e1fd6d017fb47550c/build/elf/rtld-libc.a(rtld-environ.os)
 *fill*         0x000000000001ae64        0xc 
 .text          0x000000000001ae70       0x64 /home/ajender/QemuV1/Docker/buildroot-2023.02.4/output/build/glibc-2.36-81-g4f4d7a13edfd2fdc57c9d76e1fd6d017fb47550c/build/elf/rtld-libc.a(rtld-setjmp.os)
                0x000000000001ae70                __sigsetjmp
                0x000000000001ae70                __GI___sigsetjmp
 *fill*         0x000000000001aed4        0xc 
 .text          0x000000000001aee0       0x70 /home/ajender/QemuV1/Docker/buildroot-2023.02.4/output/build/glibc-2.36-81-g4f4d7a13edfd2fdc57c9d76e1fd6d017fb47550c/build/elf/rtld-libc.a(rtld-__longjmp.os)
                0x000000000001aee0                __longjmp
 .text          0x000000000001af50       0x38 /home/ajender/QemuV1/Docker/buildroot-2023.02.4/output/build/glibc-2.36-81-g4f4d7a13edfd2fdc57c9d76e1fd6d017fb47550c/build/elf/rtld-libc.a(rtld-sigaction.os)
                0x000000000001af50                sigaction
                0x000000000001af50                __sigaction
 .text          0x000000000001af88      0x12c /home/ajender/QemuV1/Docker/buildroot-2023.02.4/output/build/glibc-2.36-81-g4f4d7a13edfd2fdc57c9d76e1fd6d017fb47550c/build/elf/rtld-libc.a(rtld-libc_sigaction.os)
                0x000000000001af88                __libc_sigaction
 *fill*         0x000000000001b0b4        0xc 
 .text          0x000000000001b0c0       0x28 /home/ajender/QemuV1/Docker/buildroot-2023.02.4/output/build/glibc-2.36-81-g4f4d7a13edfd2fdc57c9d76e1fd6d017fb47550c/build/elf/rtld-libc.a(rtld-sigrestorer.os)
                0x000000000001b0d0                __default_sa_restorer
                0x000000000001b0e0                __default_rt_sa_restorer
 .text          0x000000000001b0e8       0xac /home/ajender/QemuV1/Docker/buildroot-2023.02.4/output/build/glibc-2.36-81-g4f4d7a13edfd2fdc57c9d76e1fd6d017fb47550c/build/elf/rtld-libc.a(rtld-memchr.os)
                0x000000000001b0e8                memchr
                0x000000000001b0e8                __memchr
 .text          0x000000000001b194      0x268 /home/ajender/QemuV1/Docker/buildroot-2023.02.4/output/build/glibc-2.36-81-g4f4d7a13edfd2fdc57c9d76e1fd6d017fb47550c/build/elf/rtld-libc.a(rtld-memcmp.os)
                0x000000000001b1c4                bcmp
                0x000000000001b1c4                __memcmpeq
                0x000000000001b1c4                memcmp
 *fill*         0x000000000001b3fc        0x4 
 .text          0x000000000001b400      0x310 /home/ajender/QemuV1/Docker/buildroot-2023.02.4/output/build/glibc-2.36-81-g4f4d7a13edfd2fdc57c9d76e1fd6d017fb47550c/build/elf/rtld-libc.a(rtld-memcpy.os)
                0x000000000001b400                memcpy
 .text          0x000000000001b710      0x320 /home/ajender/QemuV1/Docker/buildroot-2023.02.4/output/build/glibc-2.36-81-g4f4d7a13edfd2fdc57c9d76e1fd6d017fb47550c/build/elf/rtld-libc.a(rtld-memmove.os)
                0x000000000001b710                memmove
 .text          0x000000000001ba30       0x7c /home/ajender/QemuV1/Docker/buildroot-2023.02.4/output/build/glibc-2.36-81-g4f4d7a13edfd2fdc57c9d76e1fd6d017fb47550c/build/elf/rtld-libc.a(rtld-memset.os)
                0x000000000001ba30                memset
 .text          0x000000000001baac       0x24 /home/ajender/QemuV1/Docker/buildroot-2023.02.4/output/build/glibc-2.36-81-g4f4d7a13edfd2fdc57c9d76e1fd6d017fb47550c/build/elf/rtld-libc.a(rtld-rawmemchr.os)
                0x000000000001baac                __rawmemchr
                0x000000000001baac                rawmemchr
 .text          0x000000000001bad0       0x30 /home/ajender/QemuV1/Docker/buildroot-2023.02.4/output/build/glibc-2.36-81-g4f4d7a13edfd2fdc57c9d76e1fd6d017fb47550c/build/elf/rtld-libc.a(rtld-stpcpy.os)
                0x000000000001bad0                stpcpy
                0x000000000001bad0                __stpcpy
 .text          0x000000000001bb00       0xe4 /home/ajender/QemuV1/Docker/buildroot-2023.02.4/output/build/glibc-2.36-81-g4f4d7a13edfd2fdc57c9d76e1fd6d017fb47550c/build/elf/rtld-libc.a(rtld-strchr.os)
                0x000000000001bb00                index
                0x000000000001bb00                strchr
 .text          0x000000000001bbe4       0x28 /home/ajender/QemuV1/Docker/buildroot-2023.02.4/output/build/glibc-2.36-81-g4f4d7a13edfd2fdc57c9d76e1fd6d017fb47550c/build/elf/rtld-libc.a(rtld-strcmp.os)
                0x000000000001bbe4                strcmp
 .text          0x000000000001bc0c       0x28 /home/ajender/QemuV1/Docker/buildroot-2023.02.4/output/build/glibc-2.36-81-g4f4d7a13edfd2fdc57c9d76e1fd6d017fb47550c/build/elf/rtld-libc.a(rtld-strcpy.os)
                0x000000000001bc0c                strcpy
 .text          0x000000000001bc34      0x130 /home/ajender/QemuV1/Docker/buildroot-2023.02.4/output/build/glibc-2.36-81-g4f4d7a13edfd2fdc57c9d76e1fd6d017fb47550c/build/elf/rtld-libc.a(rtld-strcspn.os)
                0x000000000001bc34                strcspn
 .text          0x000000000001bd64       0x40 /home/ajender/QemuV1/Docker/buildroot-2023.02.4/output/build/glibc-2.36-81-g4f4d7a13edfd2fdc57c9d76e1fd6d017fb47550c/build/elf/rtld-libc.a(rtld-strdup.os)
                0x000000000001bd64                __strdup
                0x000000000001bd64                strdup
 .text          0x000000000001bda4        0x4 /home/ajender/QemuV1/Docker/buildroot-2023.02.4/output/build/glibc-2.36-81-g4f4d7a13edfd2fdc57c9d76e1fd6d017fb47550c/build/elf/rtld-libc.a(rtld-strerrorname_np.os)
                0x000000000001bda4                strerrorname_np
 *fill*         0x000000000001bda8        0x8 
 .text          0x000000000001bdb0       0x60 /home/ajender/QemuV1/Docker/buildroot-2023.02.4/output/build/glibc-2.36-81-g4f4d7a13edfd2fdc57c9d76e1fd6d017fb47550c/build/elf/rtld-libc.a(rtld-strlen.os)
                0x000000000001bdb0                strlen
 .text          0x000000000001be10       0xfc /home/ajender/QemuV1/Docker/buildroot-2023.02.4/output/build/glibc-2.36-81-g4f4d7a13edfd2fdc57c9d76e1fd6d017fb47550c/build/elf/rtld-libc.a(rtld-strncmp.os)
                0x000000000001be10                strncmp
 .text          0x000000000001bf0c       0xd4 /home/ajender/QemuV1/Docker/buildroot-2023.02.4/output/build/glibc-2.36-81-g4f4d7a13edfd2fdc57c9d76e1fd6d017fb47550c/build/elf/rtld-libc.a(rtld-strnlen.os)
                0x000000000001bf0c                __strnlen
                0x000000000001bf0c                strnlen
 .text          0x000000000001bfe0       0xc0 /home/ajender/QemuV1/Docker/buildroot-2023.02.4/output/build/glibc-2.36-81-g4f4d7a13edfd2fdc57c9d76e1fd6d017fb47550c/build/elf/rtld-libc.a(rtld-strchrnul.os)
                0x000000000001bfe0                __strchrnul
                0x000000000001bfe0                strchrnul
 .text          0x000000000001c0a0      0x1a0 /home/ajender/QemuV1/Docker/buildroot-2023.02.4/output/build/glibc-2.36-81-g4f4d7a13edfd2fdc57c9d76e1fd6d017fb47550c/build/elf/rtld-libc.a(rtld-setitimer.os)
                0x000000000001c0a0                __setitimer64
                0x000000000001c1a4                setitimer
                0x000000000001c1a4                __setitimer
 .text          0x000000000001c240       0x50 /home/ajender/QemuV1/Docker/buildroot-2023.02.4/output/build/glibc-2.36-81-g4f4d7a13edfd2fdc57c9d76e1fd6d017fb47550c/build/elf/rtld-libc.a(rtld-errname.os)
                0x000000000001c240                __get_errname
 .text          0x000000000001c290       0xc8 /home/ajender/QemuV1/Docker/buildroot-2023.02.4/output/host/lib/gcc/arm-buildroot-linux-gnueabi/11.4.0/libgcc.a(_udivsi3.o)
                0x000000000001c290                __udivsi3
                0x000000000001c290                __aeabi_uidiv
                0x000000000001c338                __aeabi_uidivmod
 .text          0x000000000001c358       0xfc /home/ajender/QemuV1/Docker/buildroot-2023.02.4/output/host/lib/gcc/arm-buildroot-linux-gnueabi/11.4.0/libgcc.a(_divsi3.o)
                0x000000000001c358                __aeabi_idiv
                0x000000000001c358                __divsi3
                0x000000000001c434                __aeabi_idivmod
 .text          0x000000000001c454       0x3c /home/ajender/QemuV1/Docker/buildroot-2023.02.4/output/host/lib/gcc/arm-buildroot-linux-gnueabi/11.4.0/libgcc.a(_aeabi_uldivmod.o)
                0x000000000001c454                __aeabi_uldivmod
 .text          0x000000000001c490       0x10 /home/ajender/QemuV1/Docker/buildroot-2023.02.4/output/host/lib/gcc/arm-buildroot-linux-gnueabi/11.4.0/libgcc.a(_dvmd_lnx.o)
                0x000000000001c490                __aeabi_ldiv0
                0x000000000001c490                __aeabi_idiv0
 .text          0x000000000001c4a0      0x118 /home/ajender/QemuV1/Docker/buildroot-2023.02.4/output/host/lib/gcc/arm-buildroot-linux-gnueabi/11.4.0/libgcc.a(_udivmoddi4.o)
                0x000000000001c4a0                __udivmoddi4
 .text          0x000000000001c5b8       0x34 /home/ajender/QemuV1/Docker/buildroot-2023.02.4/output/build/glibc-2.36-81-g4f4d7a13edfd2fdc57c9d76e1fd6d017fb47550c/build/elf/rtld-libc.a(rtld-raise.os)
                0x000000000001c5b8                gsignal
                0x000000000001c5b8                raise
 .text          0x000000000001c5ec      0x170 /home/ajender/QemuV1/Docker/buildroot-2023.02.4/output/build/glibc-2.36-81-g4f4d7a13edfd2fdc57c9d76e1fd6d017fb47550c/build/elf/rtld-libc.a(rtld-pthread_kill.os)
                0x000000000001c5ec                __pthread_kill_internal
                0x000000000001c744                __pthread_kill
 .text          0x000000000001c75c       0x10 /home/ajender/QemuV1/Docker/buildroot-2023.02.4/output/build/glibc-2.36-81-g4f4d7a13edfd2fdc57c9d76e1fd6d017fb47550c/build/elf/rtld-libc.a(rtld-pthread_self.os)
                0x000000000001c75c                pthread_self
                0x000000000001c75c                __pthread_self
 *(.gnu.warning)

.text.compat    0x0000000000000000        0x4
 .text.compat   0x0000000000000000        0x4 /home/ajender/QemuV1/Docker/buildroot-2023.02.4/output/build/glibc-2.36-81-g4f4d7a13edfd2fdc57c9d76e1fd6d017fb47550c/build/elf/dl-allobjs.os
                0x0000000000000000                __rtld_version_placeholder_1
                0x0000000000000000                __rtld_version_placeholder@GLIBC_2.34

.fini
 *(SORT_NONE(.fini))

.rodata         0x0000000000000000     0x1004
 *(.rodata)
 .rodata        0x0000000000000000      0xa9a /home/ajender/QemuV1/Docker/buildroot-2023.02.4/output/build/glibc-2.36-81-g4f4d7a13edfd2fdc57c9d76e1fd6d017fb47550c/build/elf/dl-allobjs.os
 .rodata        0x0000000000000a9a      0x561 /home/ajender/QemuV1/Docker/buildroot-2023.02.4/output/build/glibc-2.36-81-g4f4d7a13edfd2fdc57c9d76e1fd6d017fb47550c/build/elf/rtld-libc.a(rtld-errname.os)
 *fill*         0x0000000000000ffb        0x1 
 .rodata        0x0000000000000ffc        0x8 /home/ajender/QemuV1/Docker/buildroot-2023.02.4/output/build/glibc-2.36-81-g4f4d7a13edfd2fdc57c9d76e1fd6d017fb47550c/build/elf/rtld-libc.a(rtld-pthread_kill.os)

.rodata.str1.1  0x0000000000000000     0x415f
 .rodata.str1.1
                0x0000000000000000     0x4113 /home/ajender/QemuV1/Docker/buildroot-2023.02.4/output/build/glibc-2.36-81-g4f4d7a13edfd2fdc57c9d76e1fd6d017fb47550c/build/elf/dl-allobjs.os
                0x00000000000025ea                _dl_hwcaps_subdirs
                0x00000000000027cd                __GI__itoa_lower_digits
                0x00000000000027cd                _itoa_lower_digits
 .rodata.str1.1
                0x0000000000004113       0x14 /home/ajender/QemuV1/Docker/buildroot-2023.02.4/output/build/glibc-2.36-81-g4f4d7a13edfd2fdc57c9d76e1fd6d017fb47550c/build/elf/rtld-libc.a(rtld-check_fds.os)
 .rodata.str1.1
                0x0000000000004127        0x1 /home/ajender/QemuV1/Docker/buildroot-2023.02.4/output/build/glibc-2.36-81-g4f4d7a13edfd2fdc57c9d76e1fd6d017fb47550c/build/elf/rtld-libc.a(rtld-fstat64.os)
 .rodata.str1.1
                0x0000000000004128       0x37 /home/ajender/QemuV1/Docker/buildroot-2023.02.4/output/build/glibc-2.36-81-g4f4d7a13edfd2fdc57c9d76e1fd6d017fb47550c/build/elf/rtld-libc.a(rtld-lowlevellock.os)

.rodata.cst4    0x0000000000000000        0x8
 .rodata.cst4   0x0000000000000000        0x8 /home/ajender/QemuV1/Docker/buildroot-2023.02.4/output/build/glibc-2.36-81-g4f4d7a13edfd2fdc57c9d76e1fd6d017fb47550c/build/elf/dl-allobjs.os
                0x0000000000000004                __rseq_flags

.rodata1
 *(.rodata1)

.ARM.extab      0x0000000000000000       0x18
 *(.ARM.extab)
 .ARM.extab     0x0000000000000000        0x0 /home/ajender/QemuV1/Docker/buildroot-2023.02.4/output/build/glibc-2.36-81-g4f4d7a13edfd2fdc57c9d76e1fd6d017fb47550c/build/elf/dl-allobjs.os
 .ARM.extab     0x0000000000000000        0x0 /home/ajender/QemuV1/Docker/buildroot-2023.02.4/output/build/glibc-2.36-81-g4f4d7a13edfd2fdc57c9d76e1fd6d017fb47550c/build/elf/rtld-libc.a(rtld-munmap.os)
 .ARM.extab     0x0000000000000000        0x0 /home/ajender/QemuV1/Docker/buildroot-2023.02.4/output/build/glibc-2.36-81-g4f4d7a13edfd2fdc57c9d76e1fd6d017fb47550c/build/elf/rtld-libc.a(rtld-mprotect.os)
 .ARM.extab     0x0000000000000000        0x0 /home/ajender/QemuV1/Docker/buildroot-2023.02.4/output/build/glibc-2.36-81-g4f4d7a13edfd2fdc57c9d76e1fd6d017fb47550c/build/elf/rtld-libc.a(rtld-uname.os)
 .ARM.extab     0x0000000000000000        0x0 /home/ajender/QemuV1/Docker/buildroot-2023.02.4/output/build/glibc-2.36-81-g4f4d7a13edfd2fdc57c9d76e1fd6d017fb47550c/build/elf/rtld-libc.a(rtld-getpid.os)
 .ARM.extab     0x0000000000000000       0x18 /home/ajender/QemuV1/Docker/buildroot-2023.02.4/output/build/glibc-2.36-81-g4f4d7a13edfd2fdc57c9d76e1fd6d017fb47550c/build/elf/rtld-libc.a(rtld-sigrestorer.os)
 .ARM.extab     0x0000000000000018        0x0 /home/ajender/QemuV1/Docker/buildroot-2023.02.4/output/host/lib/gcc/arm-buildroot-linux-gnueabi/11.4.0/libgcc.a(_udivmoddi4.o)
 .ARM.extab     0x0000000000000018        0x0 /home/ajender/QemuV1/Docker/buildroot-2023.02.4/output/build/glibc-2.36-81-g4f4d7a13edfd2fdc57c9d76e1fd6d017fb47550c/build/elf/rtld-libc.a(rtld-raise.os)
 .ARM.extab     0x0000000000000018        0x0 /home/ajender/QemuV1/Docker/buildroot-2023.02.4/output/build/glibc-2.36-81-g4f4d7a13edfd2fdc57c9d76e1fd6d017fb47550c/build/elf/rtld-libc.a(rtld-pthread_kill.os)

.ARM.exidx      0x0000000000000000       0xe0
 *(.ARM.exidx)
 .ARM.exidx     0x0000000000000000       0x68 /home/ajender/QemuV1/Docker/buildroot-2023.02.4/output/build/glibc-2.36-81-g4f4d7a13edfd2fdc57c9d76e1fd6d017fb47550c/build/elf/dl-allobjs.os
 .ARM.exidx     0x0000000000000068        0x8 /home/ajender/QemuV1/Docker/buildroot-2023.02.4/output/build/glibc-2.36-81-g4f4d7a13edfd2fdc57c9d76e1fd6d017fb47550c/build/elf/rtld-libc.a(rtld-munmap.os)
 .ARM.exidx     0x0000000000000070       0x10 /home/ajender/QemuV1/Docker/buildroot-2023.02.4/output/build/glibc-2.36-81-g4f4d7a13edfd2fdc57c9d76e1fd6d017fb47550c/build/elf/rtld-libc.a(rtld-mprotect.os)
                                          0x8 (size before relaxing)
 .ARM.exidx     0x0000000000000080       0x10 /home/ajender/QemuV1/Docker/buildroot-2023.02.4/output/build/glibc-2.36-81-g4f4d7a13edfd2fdc57c9d76e1fd6d017fb47550c/build/elf/rtld-libc.a(rtld-uname.os)
                                          0x8 (size before relaxing)
 .ARM.exidx     0x0000000000000090       0x10 /home/ajender/QemuV1/Docker/buildroot-2023.02.4/output/build/glibc-2.36-81-g4f4d7a13edfd2fdc57c9d76e1fd6d017fb47550c/build/elf/rtld-libc.a(rtld-getpid.os)
                                          0x8 (size before relaxing)
 .ARM.exidx     0x00000000000000a0       0x18 /home/ajender/QemuV1/Docker/buildroot-2023.02.4/output/build/glibc-2.36-81-g4f4d7a13edfd2fdc57c9d76e1fd6d017fb47550c/build/elf/rtld-libc.a(rtld-sigrestorer.os)
                                         0x10 (size before relaxing)
 .ARM.exidx     0x00000000000000b8        0x8 /home/ajender/QemuV1/Docker/buildroot-2023.02.4/output/host/lib/gcc/arm-buildroot-linux-gnueabi/11.4.0/libgcc.a(_udivmoddi4.o)
 .ARM.exidx     0x00000000000000c0        0x8 /home/ajender/QemuV1/Docker/buildroot-2023.02.4/output/build/glibc-2.36-81-g4f4d7a13edfd2fdc57c9d76e1fd6d017fb47550c/build/elf/rtld-libc.a(rtld-raise.os)
 .ARM.exidx     0x00000000000000c8       0x18 /home/ajender/QemuV1/Docker/buildroot-2023.02.4/output/build/glibc-2.36-81-g4f4d7a13edfd2fdc57c9d76e1fd6d017fb47550c/build/elf/rtld-libc.a(rtld-pthread_kill.os)
                                         0x10 (size before relaxing)

.eh_frame_hdr
 *(.eh_frame_hdr)

.eh_frame
 *(.eh_frame)

.gcc_except_table
 *(.gcc_except_table)

.gnu_extab
 *(.gnu_extab*)

.exception_ranges
 *(.exception_ranges)

.eh_frame
 *(.eh_frame)

.gnu_extab
 *(.gnu_extab)

.gcc_except_table
 *(.gcc_except_table)

.exception_ranges
 *(.exception_ranges)

.tdata
 *(.tdata)

.tbss
 *(.tbss)

.jcr
 *(.jcr)

.dynamic
 *(.dynamic)

.got
 *(.got)

.data           0x0000000000000000      0x930
 *(.data)
 .data          0x0000000000000000      0x930 /home/ajender/QemuV1/Docker/buildroot-2023.02.4/output/build/glibc-2.36-81-g4f4d7a13edfd2fdc57c9d76e1fd6d017fb47550c/build/elf/dl-allobjs.os
                0x0000000000000000                _rtld_global
                0x0000000000000000                _rtld_local
 .data          0x0000000000000930        0x0 /home/ajender/QemuV1/Docker/buildroot-2023.02.4/output/build/glibc-2.36-81-g4f4d7a13edfd2fdc57c9d76e1fd6d017fb47550c/build/elf/rtld-libc.a(rtld-check_fds.os)
 .data          0x0000000000000930        0x0 /home/ajender/QemuV1/Docker/buildroot-2023.02.4/output/build/glibc-2.36-81-g4f4d7a13edfd2fdc57c9d76e1fd6d017fb47550c/build/elf/rtld-libc.a(rtld-errno.os)
 .data          0x0000000000000930        0x0 /home/ajender/QemuV1/Docker/buildroot-2023.02.4/output/build/glibc-2.36-81-g4f4d7a13edfd2fdc57c9d76e1fd6d017fb47550c/build/elf/rtld-libc.a(rtld-closedir.os)
 .data          0x0000000000000930        0x0 /home/ajender/QemuV1/Docker/buildroot-2023.02.4/output/build/glibc-2.36-81-g4f4d7a13edfd2fdc57c9d76e1fd6d017fb47550c/build/elf/rtld-libc.a(rtld-rewinddir.os)
 .data          0x0000000000000930        0x0 /home/ajender/QemuV1/Docker/buildroot-2023.02.4/output/build/glibc-2.36-81-g4f4d7a13edfd2fdc57c9d76e1fd6d017fb47550c/build/elf/rtld-libc.a(rtld-readdir64.os)
 .data          0x0000000000000930        0x0 /home/ajender/QemuV1/Docker/buildroot-2023.02.4/output/build/glibc-2.36-81-g4f4d7a13edfd2fdc57c9d76e1fd6d017fb47550c/build/elf/rtld-libc.a(rtld-fdopendir.os)
 .data          0x0000000000000930        0x0 /home/ajender/QemuV1/Docker/buildroot-2023.02.4/output/build/glibc-2.36-81-g4f4d7a13edfd2fdc57c9d76e1fd6d017fb47550c/build/elf/rtld-libc.a(rtld-getdents64.os)
 .data          0x0000000000000930        0x0 /home/ajender/QemuV1/Docker/buildroot-2023.02.4/output/build/glibc-2.36-81-g4f4d7a13edfd2fdc57c9d76e1fd6d017fb47550c/build/elf/rtld-libc.a(rtld-dl-addr-obj.os)
 .data          0x0000000000000930        0x0 /home/ajender/QemuV1/Docker/buildroot-2023.02.4/output/build/glibc-2.36-81-g4f4d7a13edfd2fdc57c9d76e1fd6d017fb47550c/build/elf/rtld-libc.a(rtld-profil.os)
 .data          0x0000000000000930        0x0 /home/ajender/QemuV1/Docker/buildroot-2023.02.4/output/build/glibc-2.36-81-g4f4d7a13edfd2fdc57c9d76e1fd6d017fb47550c/build/elf/rtld-libc.a(rtld-prof-freq.os)
 .data          0x0000000000000930        0x0 /home/ajender/QemuV1/Docker/buildroot-2023.02.4/output/build/glibc-2.36-81-g4f4d7a13edfd2fdc57c9d76e1fd6d017fb47550c/build/elf/rtld-libc.a(rtld-stat64.os)
 .data          0x0000000000000930        0x0 /home/ajender/QemuV1/Docker/buildroot-2023.02.4/output/build/glibc-2.36-81-g4f4d7a13edfd2fdc57c9d76e1fd6d017fb47550c/build/elf/rtld-libc.a(rtld-fstat64.os)
 .data          0x0000000000000930        0x0 /home/ajender/QemuV1/Docker/buildroot-2023.02.4/output/build/glibc-2.36-81-g4f4d7a13edfd2fdc57c9d76e1fd6d017fb47550c/build/elf/rtld-libc.a(rtld-lstat64.os)
 .data          0x0000000000000930        0x0 /home/ajender/QemuV1/Docker/buildroot-2023.02.4/output/build/glibc-2.36-81-g4f4d7a13edfd2fdc57c9d76e1fd6d017fb47550c/build/elf/rtld-libc.a(rtld-fstatat64.os)
 .data          0x0000000000000930        0x0 /home/ajender/QemuV1/Docker/buildroot-2023.02.4/output/build/glibc-2.36-81-g4f4d7a13edfd2fdc57c9d76e1fd6d017fb47550c/build/elf/rtld-libc.a(rtld-openat64.os)
 .data          0x0000000000000930        0x0 /home/ajender/QemuV1/Docker/buildroot-2023.02.4/output/build/glibc-2.36-81-g4f4d7a13edfd2fdc57c9d76e1fd6d017fb47550c/build/elf/rtld-libc.a(rtld-lseek.os)
 .data          0x0000000000000930        0x0 /home/ajender/QemuV1/Docker/buildroot-2023.02.4/output/build/glibc-2.36-81-g4f4d7a13edfd2fdc57c9d76e1fd6d017fb47550c/build/elf/rtld-libc.a(rtld-access.os)
 .data          0x0000000000000930        0x0 /home/ajender/QemuV1/Docker/buildroot-2023.02.4/output/build/glibc-2.36-81-g4f4d7a13edfd2fdc57c9d76e1fd6d017fb47550c/build/elf/rtld-libc.a(rtld-close_nocancel.os)
 .data          0x0000000000000930        0x0 /home/ajender/QemuV1/Docker/buildroot-2023.02.4/output/build/glibc-2.36-81-g4f4d7a13edfd2fdc57c9d76e1fd6d017fb47550c/build/elf/rtld-libc.a(rtld-fcntl_nocancel.os)
 .data          0x0000000000000930        0x0 /home/ajender/QemuV1/Docker/buildroot-2023.02.4/output/build/glibc-2.36-81-g4f4d7a13edfd2fdc57c9d76e1fd6d017fb47550c/build/elf/rtld-libc.a(rtld-open_nocancel.os)
 .data          0x0000000000000930        0x0 /home/ajender/QemuV1/Docker/buildroot-2023.02.4/output/build/glibc-2.36-81-g4f4d7a13edfd2fdc57c9d76e1fd6d017fb47550c/build/elf/rtld-libc.a(rtld-open64_nocancel.os)
 .data          0x0000000000000930        0x0 /home/ajender/QemuV1/Docker/buildroot-2023.02.4/output/build/glibc-2.36-81-g4f4d7a13edfd2fdc57c9d76e1fd6d017fb47550c/build/elf/rtld-libc.a(rtld-read_nocancel.os)
 .data          0x0000000000000930        0x0 /home/ajender/QemuV1/Docker/buildroot-2023.02.4/output/build/glibc-2.36-81-g4f4d7a13edfd2fdc57c9d76e1fd6d017fb47550c/build/elf/rtld-libc.a(rtld-pread64_nocancel.os)
 .data          0x0000000000000930        0x0 /home/ajender/QemuV1/Docker/buildroot-2023.02.4/output/build/glibc-2.36-81-g4f4d7a13edfd2fdc57c9d76e1fd6d017fb47550c/build/elf/rtld-libc.a(rtld-write_nocancel.os)
 .data          0x0000000000000930        0x0 /home/ajender/QemuV1/Docker/buildroot-2023.02.4/output/build/glibc-2.36-81-g4f4d7a13edfd2fdc57c9d76e1fd6d017fb47550c/build/elf/rtld-libc.a(rtld-stat_t64_cp.os)
 .data          0x0000000000000930        0x0 /home/ajender/QemuV1/Docker/buildroot-2023.02.4/output/build/glibc-2.36-81-g4f4d7a13edfd2fdc57c9d76e1fd6d017fb47550c/build/elf/rtld-libc.a(rtld-scratch_buffer_set_array_size.os)
 .data          0x0000000000000930        0x0 /home/ajender/QemuV1/Docker/buildroot-2023.02.4/output/build/glibc-2.36-81-g4f4d7a13edfd2fdc57c9d76e1fd6d017fb47550c/build/elf/rtld-libc.a(rtld-mmap.os)
 .data          0x0000000000000930        0x0 /home/ajender/QemuV1/Docker/buildroot-2023.02.4/output/build/glibc-2.36-81-g4f4d7a13edfd2fdc57c9d76e1fd6d017fb47550c/build/elf/rtld-libc.a(rtld-munmap.os)
 .data          0x0000000000000930        0x0 /home/ajender/QemuV1/Docker/buildroot-2023.02.4/output/build/glibc-2.36-81-g4f4d7a13edfd2fdc57c9d76e1fd6d017fb47550c/build/elf/rtld-libc.a(rtld-mprotect.os)
 .data          0x0000000000000930        0x0 /home/ajender/QemuV1/Docker/buildroot-2023.02.4/output/build/glibc-2.36-81-g4f4d7a13edfd2fdc57c9d76e1fd6d017fb47550c/build/elf/rtld-libc.a(rtld-makedev.os)
 .data          0x0000000000000930        0x0 /home/ajender/QemuV1/Docker/buildroot-2023.02.4/output/build/glibc-2.36-81-g4f4d7a13edfd2fdc57c9d76e1fd6d017fb47550c/build/elf/rtld-libc.a(rtld-atomic_wide_counter.os)
 .data          0x0000000000000930        0x0 /home/ajender/QemuV1/Docker/buildroot-2023.02.4/output/build/glibc-2.36-81-g4f4d7a13edfd2fdc57c9d76e1fd6d017fb47550c/build/elf/rtld-libc.a(rtld-lowlevellock.os)
 .data          0x0000000000000930        0x0 /home/ajender/QemuV1/Docker/buildroot-2023.02.4/output/build/glibc-2.36-81-g4f4d7a13edfd2fdc57c9d76e1fd6d017fb47550c/build/elf/rtld-libc.a(rtld-uname.os)
 .data          0x0000000000000930        0x0 /home/ajender/QemuV1/Docker/buildroot-2023.02.4/output/build/glibc-2.36-81-g4f4d7a13edfd2fdc57c9d76e1fd6d017fb47550c/build/elf/rtld-libc.a(rtld-_exit.os)
 .data          0x0000000000000930        0x0 /home/ajender/QemuV1/Docker/buildroot-2023.02.4/output/build/glibc-2.36-81-g4f4d7a13edfd2fdc57c9d76e1fd6d017fb47550c/build/elf/rtld-libc.a(rtld-getpid.os)
 .data          0x0000000000000930        0x0 /home/ajender/QemuV1/Docker/buildroot-2023.02.4/output/build/glibc-2.36-81-g4f4d7a13edfd2fdc57c9d76e1fd6d017fb47550c/build/elf/rtld-libc.a(rtld-environ.os)
 .data          0x0000000000000930        0x0 /home/ajender/QemuV1/Docker/buildroot-2023.02.4/output/build/glibc-2.36-81-g4f4d7a13edfd2fdc57c9d76e1fd6d017fb47550c/build/elf/rtld-libc.a(rtld-setjmp.os)
 .data          0x0000000000000930        0x0 /home/ajender/QemuV1/Docker/buildroot-2023.02.4/output/build/glibc-2.36-81-g4f4d7a13edfd2fdc57c9d76e1fd6d017fb47550c/build/elf/rtld-libc.a(rtld-__longjmp.os)
 .data          0x0000000000000930        0x0 /home/ajender/QemuV1/Docker/buildroot-2023.02.4/output/build/glibc-2.36-81-g4f4d7a13edfd2fdc57c9d76e1fd6d017fb47550c/build/elf/rtld-libc.a(rtld-sigaction.os)
 .data          0x0000000000000930        0x0 /home/ajender/QemuV1/Docker/buildroot-2023.02.4/output/build/glibc-2.36-81-g4f4d7a13edfd2fdc57c9d76e1fd6d017fb47550c/build/elf/rtld-libc.a(rtld-libc_sigaction.os)
 .data          0x0000000000000930        0x0 /home/ajender/QemuV1/Docker/buildroot-2023.02.4/output/build/glibc-2.36-81-g4f4d7a13edfd2fdc57c9d76e1fd6d017fb47550c/build/elf/rtld-libc.a(rtld-sigrestorer.os)
 .data          0x0000000000000930        0x0 /home/ajender/QemuV1/Docker/buildroot-2023.02.4/output/build/glibc-2.36-81-g4f4d7a13edfd2fdc57c9d76e1fd6d017fb47550c/build/elf/rtld-libc.a(rtld-memchr.os)
 .data          0x0000000000000930        0x0 /home/ajender/QemuV1/Docker/buildroot-2023.02.4/output/build/glibc-2.36-81-g4f4d7a13edfd2fdc57c9d76e1fd6d017fb47550c/build/elf/rtld-libc.a(rtld-memcmp.os)
 .data          0x0000000000000930        0x0 /home/ajender/QemuV1/Docker/buildroot-2023.02.4/output/build/glibc-2.36-81-g4f4d7a13edfd2fdc57c9d76e1fd6d017fb47550c/build/elf/rtld-libc.a(rtld-memcpy.os)
 .data          0x0000000000000930        0x0 /home/ajender/QemuV1/Docker/buildroot-2023.02.4/output/build/glibc-2.36-81-g4f4d7a13edfd2fdc57c9d76e1fd6d017fb47550c/build/elf/rtld-libc.a(rtld-memmove.os)
 .data          0x0000000000000930        0x0 /home/ajender/QemuV1/Docker/buildroot-2023.02.4/output/build/glibc-2.36-81-g4f4d7a13edfd2fdc57c9d76e1fd6d017fb47550c/build/elf/rtld-libc.a(rtld-memset.os)
 .data          0x0000000000000930        0x0 /home/ajender/QemuV1/Docker/buildroot-2023.02.4/output/build/glibc-2.36-81-g4f4d7a13edfd2fdc57c9d76e1fd6d017fb47550c/build/elf/rtld-libc.a(rtld-rawmemchr.os)
 .data          0x0000000000000930        0x0 /home/ajender/QemuV1/Docker/buildroot-2023.02.4/output/build/glibc-2.36-81-g4f4d7a13edfd2fdc57c9d76e1fd6d017fb47550c/build/elf/rtld-libc.a(rtld-stpcpy.os)
 .data          0x0000000000000930        0x0 /home/ajender/QemuV1/Docker/buildroot-2023.02.4/output/build/glibc-2.36-81-g4f4d7a13edfd2fdc57c9d76e1fd6d017fb47550c/build/elf/rtld-libc.a(rtld-strchr.os)
 .data          0x0000000000000930        0x0 /home/ajender/QemuV1/Docker/buildroot-2023.02.4/output/build/glibc-2.36-81-g4f4d7a13edfd2fdc57c9d76e1fd6d017fb47550c/build/elf/rtld-libc.a(rtld-strcmp.os)
 .data          0x0000000000000930        0x0 /home/ajender/QemuV1/Docker/buildroot-2023.02.4/output/build/glibc-2.36-81-g4f4d7a13edfd2fdc57c9d76e1fd6d017fb47550c/build/elf/rtld-libc.a(rtld-strcpy.os)
 .data          0x0000000000000930        0x0 /home/ajender/QemuV1/Docker/buildroot-2023.02.4/output/build/glibc-2.36-81-g4f4d7a13edfd2fdc57c9d76e1fd6d017fb47550c/build/elf/rtld-libc.a(rtld-strcspn.os)
 .data          0x0000000000000930        0x0 /home/ajender/QemuV1/Docker/buildroot-2023.02.4/output/build/glibc-2.36-81-g4f4d7a13edfd2fdc57c9d76e1fd6d017fb47550c/build/elf/rtld-libc.a(rtld-strdup.os)
 .data          0x0000000000000930        0x0 /home/ajender/QemuV1/Docker/buildroot-2023.02.4/output/build/glibc-2.36-81-g4f4d7a13edfd2fdc57c9d76e1fd6d017fb47550c/build/elf/rtld-libc.a(rtld-strerrorname_np.os)
 .data          0x0000000000000930        0x0 /home/ajender/QemuV1/Docker/buildroot-2023.02.4/output/build/glibc-2.36-81-g4f4d7a13edfd2fdc57c9d76e1fd6d017fb47550c/build/elf/rtld-libc.a(rtld-strlen.os)
 .data          0x0000000000000930        0x0 /home/ajender/QemuV1/Docker/buildroot-2023.02.4/output/build/glibc-2.36-81-g4f4d7a13edfd2fdc57c9d76e1fd6d017fb47550c/build/elf/rtld-libc.a(rtld-strncmp.os)
 .data          0x0000000000000930        0x0 /home/ajender/QemuV1/Docker/buildroot-2023.02.4/output/build/glibc-2.36-81-g4f4d7a13edfd2fdc57c9d76e1fd6d017fb47550c/build/elf/rtld-libc.a(rtld-strnlen.os)
 .data          0x0000000000000930        0x0 /home/ajender/QemuV1/Docker/buildroot-2023.02.4/output/build/glibc-2.36-81-g4f4d7a13edfd2fdc57c9d76e1fd6d017fb47550c/build/elf/rtld-libc.a(rtld-strchrnul.os)
 .data          0x0000000000000930        0x0 /home/ajender/QemuV1/Docker/buildroot-2023.02.4/output/build/glibc-2.36-81-g4f4d7a13edfd2fdc57c9d76e1fd6d017fb47550c/build/elf/rtld-libc.a(rtld-setitimer.os)
 .data          0x0000000000000930        0x0 /home/ajender/QemuV1/Docker/buildroot-2023.02.4/output/build/glibc-2.36-81-g4f4d7a13edfd2fdc57c9d76e1fd6d017fb47550c/build/elf/rtld-libc.a(rtld-errname.os)
 .data          0x0000000000000930        0x0 /home/ajender/QemuV1/Docker/buildroot-2023.02.4/output/host/lib/gcc/arm-buildroot-linux-gnueabi/11.4.0/libgcc.a(_udivsi3.o)
 .data          0x0000000000000930        0x0 /home/ajender/QemuV1/Docker/buildroot-2023.02.4/output/host/lib/gcc/arm-buildroot-linux-gnueabi/11.4.0/libgcc.a(_divsi3.o)
 .data          0x0000000000000930        0x0 /home/ajender/QemuV1/Docker/buildroot-2023.02.4/output/host/lib/gcc/arm-buildroot-linux-gnueabi/11.4.0/libgcc.a(_aeabi_uldivmod.o)
 .data          0x0000000000000930        0x0 /home/ajender/QemuV1/Docker/buildroot-2023.02.4/output/host/lib/gcc/arm-buildroot-linux-gnueabi/11.4.0/libgcc.a(_dvmd_lnx.o)
 .data          0x0000000000000930        0x0 /home/ajender/QemuV1/Docker/buildroot-2023.02.4/output/host/lib/gcc/arm-buildroot-linux-gnueabi/11.4.0/libgcc.a(_udivmoddi4.o)
 .data          0x0000000000000930        0x0 /home/ajender/QemuV1/Docker/buildroot-2023.02.4/output/build/glibc-2.36-81-g4f4d7a13edfd2fdc57c9d76e1fd6d017fb47550c/build/elf/rtld-libc.a(rtld-raise.os)
 .data          0x0000000000000930        0x0 /home/ajender/QemuV1/Docker/buildroot-2023.02.4/output/build/glibc-2.36-81-g4f4d7a13edfd2fdc57c9d76e1fd6d017fb47550c/build/elf/rtld-libc.a(rtld-pthread_kill.os)
 .data          0x0000000000000930        0x0 /home/ajender/QemuV1/Docker/buildroot-2023.02.4/output/build/glibc-2.36-81-g4f4d7a13edfd2fdc57c9d76e1fd6d017fb47550c/build/elf/rtld-libc.a(rtld-pthread_self.os)

.data.rel.ro    0x0000000000000000      0xe20
 .data.rel.ro   0x0000000000000000      0xe20 /home/ajender/QemuV1/Docker/buildroot-2023.02.4/output/build/glibc-2.36-81-g4f4d7a13edfd2fdc57c9d76e1fd6d017fb47550c/build/elf/dl-allobjs.os
                0x000000000000002c                __rtld_env_path_list
                0x0000000000000034                __rtld_search_dirs
                0x000000000000003c                __stack_prot
                0x0000000000000040                __rseq_offset
                0x0000000000000044                __rseq_size
                0x0000000000000c18                __rtld_calloc
                0x0000000000000c1c                __rtld_free
                0x0000000000000c20                __rtld_malloc
                0x0000000000000c24                __rtld_realloc
                0x0000000000000c28                ___rtld_mutex_lock
                0x0000000000000c2c                ___rtld_mutex_unlock
                0x0000000000000c30                __libc_stack_end
                0x0000000000000c30                __GI___libc_stack_end
                0x0000000000000c34                __GI___libc_enable_secure
                0x0000000000000c34                __libc_enable_secure
                0x0000000000000c38                _dl_random
                0x0000000000000c40                __GI__dl_argv
                0x0000000000000c40                _dl_argv
                0x0000000000000c44                _dl_argc
                0x0000000000000c48                __pointer_chk_guard
                0x0000000000000c48                __pointer_chk_guard_local
                0x0000000000000c4c                __stack_chk_guard
                0x0000000000000c50                _rtld_global_ro
                0x0000000000000c50                _rtld_local_ro

.data.rel.ro.local
                0x0000000000000000       0x10
 .data.rel.ro.local
                0x0000000000000000       0x10 /home/ajender/QemuV1/Docker/buildroot-2023.02.4/output/build/glibc-2.36-81-g4f4d7a13edfd2fdc57c9d76e1fd6d017fb47550c/build/elf/dl-allobjs.os

.data1
 *(.data1)

.bss            0x0000000000000000       0xf0
 *(.bss)
 .bss           0x0000000000000000       0xd8 /home/ajender/QemuV1/Docker/buildroot-2023.02.4/output/build/glibc-2.36-81-g4f4d7a13edfd2fdc57c9d76e1fd6d017fb47550c/build/elf/dl-allobjs.os
                0x0000000000000004                _r_debug_extended
                0x0000000000000004                _r_debug
                0x0000000000000074                __nptl_initial_report_events
                0x0000000000000074                __GI___nptl_initial_report_events
                0x000000000000009c                _dl_hwcaps_priorities
                0x00000000000000a0                _dl_hwcaps_priorities_length
                0x00000000000000d4                __curbrk
 .bss           0x00000000000000d8        0x0 /home/ajender/QemuV1/Docker/buildroot-2023.02.4/output/build/glibc-2.36-81-g4f4d7a13edfd2fdc57c9d76e1fd6d017fb47550c/build/elf/rtld-libc.a(rtld-check_fds.os)
 .bss           0x00000000000000d8        0x4 /home/ajender/QemuV1/Docker/buildroot-2023.02.4/output/build/glibc-2.36-81-g4f4d7a13edfd2fdc57c9d76e1fd6d017fb47550c/build/elf/rtld-libc.a(rtld-errno.os)
                0x00000000000000d8                rtld_errno
 .bss           0x00000000000000dc        0x0 /home/ajender/QemuV1/Docker/buildroot-2023.02.4/output/build/glibc-2.36-81-g4f4d7a13edfd2fdc57c9d76e1fd6d017fb47550c/build/elf/rtld-libc.a(rtld-closedir.os)
 .bss           0x00000000000000dc        0x0 /home/ajender/QemuV1/Docker/buildroot-2023.02.4/output/build/glibc-2.36-81-g4f4d7a13edfd2fdc57c9d76e1fd6d017fb47550c/build/elf/rtld-libc.a(rtld-rewinddir.os)
 .bss           0x00000000000000dc        0x0 /home/ajender/QemuV1/Docker/buildroot-2023.02.4/output/build/glibc-2.36-81-g4f4d7a13edfd2fdc57c9d76e1fd6d017fb47550c/build/elf/rtld-libc.a(rtld-readdir64.os)
 .bss           0x00000000000000dc        0x0 /home/ajender/QemuV1/Docker/buildroot-2023.02.4/output/build/glibc-2.36-81-g4f4d7a13edfd2fdc57c9d76e1fd6d017fb47550c/build/elf/rtld-libc.a(rtld-fdopendir.os)
 .bss           0x00000000000000dc        0x0 /home/ajender/QemuV1/Docker/buildroot-2023.02.4/output/build/glibc-2.36-81-g4f4d7a13edfd2fdc57c9d76e1fd6d017fb47550c/build/elf/rtld-libc.a(rtld-getdents64.os)
 .bss           0x00000000000000dc        0x0 /home/ajender/QemuV1/Docker/buildroot-2023.02.4/output/build/glibc-2.36-81-g4f4d7a13edfd2fdc57c9d76e1fd6d017fb47550c/build/elf/rtld-libc.a(rtld-dl-addr-obj.os)
 .bss           0x00000000000000dc       0x10 /home/ajender/QemuV1/Docker/buildroot-2023.02.4/output/build/glibc-2.36-81-g4f4d7a13edfd2fdc57c9d76e1fd6d017fb47550c/build/elf/rtld-libc.a(rtld-profil.os)
 .bss           0x00000000000000ec        0x0 /home/ajender/QemuV1/Docker/buildroot-2023.02.4/output/build/glibc-2.36-81-g4f4d7a13edfd2fdc57c9d76e1fd6d017fb47550c/build/elf/rtld-libc.a(rtld-prof-freq.os)
 .bss           0x00000000000000ec        0x0 /home/ajender/QemuV1/Docker/buildroot-2023.02.4/output/build/glibc-2.36-81-g4f4d7a13edfd2fdc57c9d76e1fd6d017fb47550c/build/elf/rtld-libc.a(rtld-stat64.os)
 .bss           0x00000000000000ec        0x0 /home/ajender/QemuV1/Docker/buildroot-2023.02.4/output/build/glibc-2.36-81-g4f4d7a13edfd2fdc57c9d76e1fd6d017fb47550c/build/elf/rtld-libc.a(rtld-fstat64.os)
 .bss           0x00000000000000ec        0x0 /home/ajender/QemuV1/Docker/buildroot-2023.02.4/output/build/glibc-2.36-81-g4f4d7a13edfd2fdc57c9d76e1fd6d017fb47550c/build/elf/rtld-libc.a(rtld-lstat64.os)
 .bss           0x00000000000000ec        0x0 /home/ajender/QemuV1/Docker/buildroot-2023.02.4/output/build/glibc-2.36-81-g4f4d7a13edfd2fdc57c9d76e1fd6d017fb47550c/build/elf/rtld-libc.a(rtld-fstatat64.os)
 .bss           0x00000000000000ec        0x0 /home/ajender/QemuV1/Docker/buildroot-2023.02.4/output/build/glibc-2.36-81-g4f4d7a13edfd2fdc57c9d76e1fd6d017fb47550c/build/elf/rtld-libc.a(rtld-openat64.os)
 .bss           0x00000000000000ec        0x0 /home/ajender/QemuV1/Docker/buildroot-2023.02.4/output/build/glibc-2.36-81-g4f4d7a13edfd2fdc57c9d76e1fd6d017fb47550c/build/elf/rtld-libc.a(rtld-lseek.os)
 .bss           0x00000000000000ec        0x0 /home/ajender/QemuV1/Docker/buildroot-2023.02.4/output/build/glibc-2.36-81-g4f4d7a13edfd2fdc57c9d76e1fd6d017fb47550c/build/elf/rtld-libc.a(rtld-access.os)
 .bss           0x00000000000000ec        0x0 /home/ajender/QemuV1/Docker/buildroot-2023.02.4/output/build/glibc-2.36-81-g4f4d7a13edfd2fdc57c9d76e1fd6d017fb47550c/build/elf/rtld-libc.a(rtld-close_nocancel.os)
 .bss           0x00000000000000ec        0x0 /home/ajender/QemuV1/Docker/buildroot-2023.02.4/output/build/glibc-2.36-81-g4f4d7a13edfd2fdc57c9d76e1fd6d017fb47550c/build/elf/rtld-libc.a(rtld-fcntl_nocancel.os)
 .bss           0x00000000000000ec        0x0 /home/ajender/QemuV1/Docker/buildroot-2023.02.4/output/build/glibc-2.36-81-g4f4d7a13edfd2fdc57c9d76e1fd6d017fb47550c/build/elf/rtld-libc.a(rtld-open_nocancel.os)
 .bss           0x00000000000000ec        0x0 /home/ajender/QemuV1/Docker/buildroot-2023.02.4/output/build/glibc-2.36-81-g4f4d7a13edfd2fdc57c9d76e1fd6d017fb47550c/build/elf/rtld-libc.a(rtld-open64_nocancel.os)
 .bss           0x00000000000000ec        0x0 /home/ajender/QemuV1/Docker/buildroot-2023.02.4/output/build/glibc-2.36-81-g4f4d7a13edfd2fdc57c9d76e1fd6d017fb47550c/build/elf/rtld-libc.a(rtld-read_nocancel.os)
 .bss           0x00000000000000ec        0x0 /home/ajender/QemuV1/Docker/buildroot-2023.02.4/output/build/glibc-2.36-81-g4f4d7a13edfd2fdc57c9d76e1fd6d017fb47550c/build/elf/rtld-libc.a(rtld-pread64_nocancel.os)
 .bss           0x00000000000000ec        0x0 /home/ajender/QemuV1/Docker/buildroot-2023.02.4/output/build/glibc-2.36-81-g4f4d7a13edfd2fdc57c9d76e1fd6d017fb47550c/build/elf/rtld-libc.a(rtld-write_nocancel.os)
 .bss           0x00000000000000ec        0x0 /home/ajender/QemuV1/Docker/buildroot-2023.02.4/output/build/glibc-2.36-81-g4f4d7a13edfd2fdc57c9d76e1fd6d017fb47550c/build/elf/rtld-libc.a(rtld-stat_t64_cp.os)
 .bss           0x00000000000000ec        0x0 /home/ajender/QemuV1/Docker/buildroot-2023.02.4/output/build/glibc-2.36-81-g4f4d7a13edfd2fdc57c9d76e1fd6d017fb47550c/build/elf/rtld-libc.a(rtld-scratch_buffer_set_array_size.os)
 .bss           0x00000000000000ec        0x0 /home/ajender/QemuV1/Docker/buildroot-2023.02.4/output/build/glibc-2.36-81-g4f4d7a13edfd2fdc57c9d76e1fd6d017fb47550c/build/elf/rtld-libc.a(rtld-mmap.os)
 .bss           0x00000000000000ec        0x0 /home/ajender/QemuV1/Docker/buildroot-2023.02.4/output/build/glibc-2.36-81-g4f4d7a13edfd2fdc57c9d76e1fd6d017fb47550c/build/elf/rtld-libc.a(rtld-munmap.os)
 .bss           0x00000000000000ec        0x0 /home/ajender/QemuV1/Docker/buildroot-2023.02.4/output/build/glibc-2.36-81-g4f4d7a13edfd2fdc57c9d76e1fd6d017fb47550c/build/elf/rtld-libc.a(rtld-mprotect.os)
 .bss           0x00000000000000ec        0x0 /home/ajender/QemuV1/Docker/buildroot-2023.02.4/output/build/glibc-2.36-81-g4f4d7a13edfd2fdc57c9d76e1fd6d017fb47550c/build/elf/rtld-libc.a(rtld-makedev.os)
 .bss           0x00000000000000ec        0x0 /home/ajender/QemuV1/Docker/buildroot-2023.02.4/output/build/glibc-2.36-81-g4f4d7a13edfd2fdc57c9d76e1fd6d017fb47550c/build/elf/rtld-libc.a(rtld-atomic_wide_counter.os)
 .bss           0x00000000000000ec        0x0 /home/ajender/QemuV1/Docker/buildroot-2023.02.4/output/build/glibc-2.36-81-g4f4d7a13edfd2fdc57c9d76e1fd6d017fb47550c/build/elf/rtld-libc.a(rtld-lowlevellock.os)
 .bss           0x00000000000000ec        0x0 /home/ajender/QemuV1/Docker/buildroot-2023.02.4/output/build/glibc-2.36-81-g4f4d7a13edfd2fdc57c9d76e1fd6d017fb47550c/build/elf/rtld-libc.a(rtld-uname.os)
 .bss           0x00000000000000ec        0x0 /home/ajender/QemuV1/Docker/buildroot-2023.02.4/output/build/glibc-2.36-81-g4f4d7a13edfd2fdc57c9d76e1fd6d017fb47550c/build/elf/rtld-libc.a(rtld-_exit.os)
 .bss           0x00000000000000ec        0x0 /home/ajender/QemuV1/Docker/buildroot-2023.02.4/output/build/glibc-2.36-81-g4f4d7a13edfd2fdc57c9d76e1fd6d017fb47550c/build/elf/rtld-libc.a(rtld-getpid.os)
 .bss           0x00000000000000ec        0x4 /home/ajender/QemuV1/Docker/buildroot-2023.02.4/output/build/glibc-2.36-81-g4f4d7a13edfd2fdc57c9d76e1fd6d017fb47550c/build/elf/rtld-libc.a(rtld-environ.os)
                0x00000000000000ec                _environ
                0x00000000000000ec                __environ
                0x00000000000000ec                environ
 .bss           0x00000000000000f0        0x0 /home/ajender/QemuV1/Docker/buildroot-2023.02.4/output/build/glibc-2.36-81-g4f4d7a13edfd2fdc57c9d76e1fd6d017fb47550c/build/elf/rtld-libc.a(rtld-setjmp.os)
 .bss           0x00000000000000f0        0x0 /home/ajender/QemuV1/Docker/buildroot-2023.02.4/output/build/glibc-2.36-81-g4f4d7a13edfd2fdc57c9d76e1fd6d017fb47550c/build/elf/rtld-libc.a(rtld-__longjmp.os)
 .bss           0x00000000000000f0        0x0 /home/ajender/QemuV1/Docker/buildroot-2023.02.4/output/build/glibc-2.36-81-g4f4d7a13edfd2fdc57c9d76e1fd6d017fb47550c/build/elf/rtld-libc.a(rtld-sigaction.os)
 .bss           0x00000000000000f0        0x0 /home/ajender/QemuV1/Docker/buildroot-2023.02.4/output/build/glibc-2.36-81-g4f4d7a13edfd2fdc57c9d76e1fd6d017fb47550c/build/elf/rtld-libc.a(rtld-libc_sigaction.os)
 .bss           0x00000000000000f0        0x0 /home/ajender/QemuV1/Docker/buildroot-2023.02.4/output/build/glibc-2.36-81-g4f4d7a13edfd2fdc57c9d76e1fd6d017fb47550c/build/elf/rtld-libc.a(rtld-sigrestorer.os)
 .bss           0x00000000000000f0        0x0 /home/ajender/QemuV1/Docker/buildroot-2023.02.4/output/build/glibc-2.36-81-g4f4d7a13edfd2fdc57c9d76e1fd6d017fb47550c/build/elf/rtld-libc.a(rtld-memchr.os)
 .bss           0x00000000000000f0        0x0 /home/ajender/QemuV1/Docker/buildroot-2023.02.4/output/build/glibc-2.36-81-g4f4d7a13edfd2fdc57c9d76e1fd6d017fb47550c/build/elf/rtld-libc.a(rtld-memcmp.os)
 .bss           0x00000000000000f0        0x0 /home/ajender/QemuV1/Docker/buildroot-2023.02.4/output/build/glibc-2.36-81-g4f4d7a13edfd2fdc57c9d76e1fd6d017fb47550c/build/elf/rtld-libc.a(rtld-memcpy.os)
 .bss           0x00000000000000f0        0x0 /home/ajender/QemuV1/Docker/buildroot-2023.02.4/output/build/glibc-2.36-81-g4f4d7a13edfd2fdc57c9d76e1fd6d017fb47550c/build/elf/rtld-libc.a(rtld-memmove.os)
 .bss           0x00000000000000f0        0x0 /home/ajender/QemuV1/Docker/buildroot-2023.02.4/output/build/glibc-2.36-81-g4f4d7a13edfd2fdc57c9d76e1fd6d017fb47550c/build/elf/rtld-libc.a(rtld-memset.os)
 .bss           0x00000000000000f0        0x0 /home/ajender/QemuV1/Docker/buildroot-2023.02.4/output/build/glibc-2.36-81-g4f4d7a13edfd2fdc57c9d76e1fd6d017fb47550c/build/elf/rtld-libc.a(rtld-rawmemchr.os)
 .bss           0x00000000000000f0        0x0 /home/ajender/QemuV1/Docker/buildroot-2023.02.4/output/build/glibc-2.36-81-g4f4d7a13edfd2fdc57c9d76e1fd6d017fb47550c/build/elf/rtld-libc.a(rtld-stpcpy.os)
 .bss           0x00000000000000f0        0x0 /home/ajender/QemuV1/Docker/buildroot-2023.02.4/output/build/glibc-2.36-81-g4f4d7a13edfd2fdc57c9d76e1fd6d017fb47550c/build/elf/rtld-libc.a(rtld-strchr.os)
 .bss           0x00000000000000f0        0x0 /home/ajender/QemuV1/Docker/buildroot-2023.02.4/output/build/glibc-2.36-81-g4f4d7a13edfd2fdc57c9d76e1fd6d017fb47550c/build/elf/rtld-libc.a(rtld-strcmp.os)
 .bss           0x00000000000000f0        0x0 /home/ajender/QemuV1/Docker/buildroot-2023.02.4/output/build/glibc-2.36-81-g4f4d7a13edfd2fdc57c9d76e1fd6d017fb47550c/build/elf/rtld-libc.a(rtld-strcpy.os)
 .bss           0x00000000000000f0        0x0 /home/ajender/QemuV1/Docker/buildroot-2023.02.4/output/build/glibc-2.36-81-g4f4d7a13edfd2fdc57c9d76e1fd6d017fb47550c/build/elf/rtld-libc.a(rtld-strcspn.os)
 .bss           0x00000000000000f0        0x0 /home/ajender/QemuV1/Docker/buildroot-2023.02.4/output/build/glibc-2.36-81-g4f4d7a13edfd2fdc57c9d76e1fd6d017fb47550c/build/elf/rtld-libc.a(rtld-strdup.os)
 .bss           0x00000000000000f0        0x0 /home/ajender/QemuV1/Docker/buildroot-2023.02.4/output/build/glibc-2.36-81-g4f4d7a13edfd2fdc57c9d76e1fd6d017fb47550c/build/elf/rtld-libc.a(rtld-strerrorname_np.os)
 .bss           0x00000000000000f0        0x0 /home/ajender/QemuV1/Docker/buildroot-2023.02.4/output/build/glibc-2.36-81-g4f4d7a13edfd2fdc57c9d76e1fd6d017fb47550c/build/elf/rtld-libc.a(rtld-strlen.os)
 .bss           0x00000000000000f0        0x0 /home/ajender/QemuV1/Docker/buildroot-2023.02.4/output/build/glibc-2.36-81-g4f4d7a13edfd2fdc57c9d76e1fd6d017fb47550c/build/elf/rtld-libc.a(rtld-strncmp.os)
 .bss           0x00000000000000f0        0x0 /home/ajender/QemuV1/Docker/buildroot-2023.02.4/output/build/glibc-2.36-81-g4f4d7a13edfd2fdc57c9d76e1fd6d017fb47550c/build/elf/rtld-libc.a(rtld-strnlen.os)
 .bss           0x00000000000000f0        0x0 /home/ajender/QemuV1/Docker/buildroot-2023.02.4/output/build/glibc-2.36-81-g4f4d7a13edfd2fdc57c9d76e1fd6d017fb47550c/build/elf/rtld-libc.a(rtld-strchrnul.os)
 .bss           0x00000000000000f0        0x0 /home/ajender/QemuV1/Docker/buildroot-2023.02.4/output/build/glibc-2.36-81-g4f4d7a13edfd2fdc57c9d76e1fd6d017fb47550c/build/elf/rtld-libc.a(rtld-setitimer.os)
 .bss           0x00000000000000f0        0x0 /home/ajender/QemuV1/Docker/buildroot-2023.02.4/output/build/glibc-2.36-81-g4f4d7a13edfd2fdc57c9d76e1fd6d017fb47550c/build/elf/rtld-libc.a(rtld-errname.os)
 .bss           0x00000000000000f0        0x0 /home/ajender/QemuV1/Docker/buildroot-2023.02.4/output/host/lib/gcc/arm-buildroot-linux-gnueabi/11.4.0/libgcc.a(_udivsi3.o)
 .bss           0x00000000000000f0        0x0 /home/ajender/QemuV1/Docker/buildroot-2023.02.4/output/host/lib/gcc/arm-buildroot-linux-gnueabi/11.4.0/libgcc.a(_divsi3.o)
 .bss           0x00000000000000f0        0x0 /home/ajender/QemuV1/Docker/buildroot-2023.02.4/output/host/lib/gcc/arm-buildroot-linux-gnueabi/11.4.0/libgcc.a(_aeabi_uldivmod.o)
 .bss           0x00000000000000f0        0x0 /home/ajender/QemuV1/Docker/buildroot-2023.02.4/output/host/lib/gcc/arm-buildroot-linux-gnueabi/11.4.0/libgcc.a(_dvmd_lnx.o)
 .bss           0x00000000000000f0        0x0 /home/ajender/QemuV1/Docker/buildroot-2023.02.4/output/host/lib/gcc/arm-buildroot-linux-gnueabi/11.4.0/libgcc.a(_udivmoddi4.o)
 .bss           0x00000000000000f0        0x0 /home/ajender/QemuV1/Docker/buildroot-2023.02.4/output/build/glibc-2.36-81-g4f4d7a13edfd2fdc57c9d76e1fd6d017fb47550c/build/elf/rtld-libc.a(rtld-raise.os)
 .bss           0x00000000000000f0        0x0 /home/ajender/QemuV1/Docker/buildroot-2023.02.4/output/build/glibc-2.36-81-g4f4d7a13edfd2fdc57c9d76e1fd6d017fb47550c/build/elf/rtld-libc.a(rtld-pthread_kill.os)
 .bss           0x00000000000000f0        0x0 /home/ajender/QemuV1/Docker/buildroot-2023.02.4/output/build/glibc-2.36-81-g4f4d7a13edfd2fdc57c9d76e1fd6d017fb47550c/build/elf/rtld-libc.a(rtld-pthread_self.os)

.stab
 *(.stab)

.stabstr
 *(.stabstr)

.stab.excl
 *(.stab.excl)

.stab.exclstr
 *(.stab.exclstr)

.stab.index
 *(.stab.index)

.stab.indexstr
 *(.stab.indexstr)

.comment        0x0000000000000000     0x1123
 *(.comment)
 .comment       0x0000000000000000      0x8a6 /home/ajender/QemuV1/Docker/buildroot-2023.02.4/output/build/glibc-2.36-81-g4f4d7a13edfd2fdc57c9d76e1fd6d017fb47550c/build/elf/dl-allobjs.os
 .comment       0x00000000000008a6       0x29 /home/ajender/QemuV1/Docker/buildroot-2023.02.4/output/build/glibc-2.36-81-g4f4d7a13edfd2fdc57c9d76e1fd6d017fb47550c/build/elf/rtld-libc.a(rtld-check_fds.os)
 .comment       0x00000000000008cf       0x29 /home/ajender/QemuV1/Docker/buildroot-2023.02.4/output/build/glibc-2.36-81-g4f4d7a13edfd2fdc57c9d76e1fd6d017fb47550c/build/elf/rtld-libc.a(rtld-errno.os)
 .comment       0x00000000000008f8       0x29 /home/ajender/QemuV1/Docker/buildroot-2023.02.4/output/build/glibc-2.36-81-g4f4d7a13edfd2fdc57c9d76e1fd6d017fb47550c/build/elf/rtld-libc.a(rtld-closedir.os)
 .comment       0x0000000000000921       0x29 /home/ajender/QemuV1/Docker/buildroot-2023.02.4/output/build/glibc-2.36-81-g4f4d7a13edfd2fdc57c9d76e1fd6d017fb47550c/build/elf/rtld-libc.a(rtld-rewinddir.os)
 .comment       0x000000000000094a       0x29 /home/ajender/QemuV1/Docker/buildroot-2023.02.4/output/build/glibc-2.36-81-g4f4d7a13edfd2fdc57c9d76e1fd6d017fb47550c/build/elf/rtld-libc.a(rtld-readdir64.os)
 .comment       0x0000000000000973       0x29 /home/ajender/QemuV1/Docker/buildroot-2023.02.4/output/build/glibc-2.36-81-g4f4d7a13edfd2fdc57c9d76e1fd6d017fb47550c/build/elf/rtld-libc.a(rtld-fdopendir.os)
 .comment       0x000000000000099c       0x29 /home/ajender/QemuV1/Docker/buildroot-2023.02.4/output/build/glibc-2.36-81-g4f4d7a13edfd2fdc57c9d76e1fd6d017fb47550c/build/elf/rtld-libc.a(rtld-getdents64.os)
 .comment       0x00000000000009c5       0x29 /home/ajender/QemuV1/Docker/buildroot-2023.02.4/output/build/glibc-2.36-81-g4f4d7a13edfd2fdc57c9d76e1fd6d017fb47550c/build/elf/rtld-libc.a(rtld-dl-addr-obj.os)
 .comment       0x00000000000009ee       0x29 /home/ajender/QemuV1/Docker/buildroot-2023.02.4/output/build/glibc-2.36-81-g4f4d7a13edfd2fdc57c9d76e1fd6d017fb47550c/build/elf/rtld-libc.a(rtld-profil.os)
 .comment       0x0000000000000a17       0x29 /home/ajender/QemuV1/Docker/buildroot-2023.02.4/output/build/glibc-2.36-81-g4f4d7a13edfd2fdc57c9d76e1fd6d017fb47550c/build/elf/rtld-libc.a(rtld-prof-freq.os)
 .comment       0x0000000000000a40       0x29 /home/ajender/QemuV1/Docker/buildroot-2023.02.4/output/build/glibc-2.36-81-g4f4d7a13edfd2fdc57c9d76e1fd6d017fb47550c/build/elf/rtld-libc.a(rtld-stat64.os)
 .comment       0x0000000000000a69       0x29 /home/ajender/QemuV1/Docker/buildroot-2023.02.4/output/build/glibc-2.36-81-g4f4d7a13edfd2fdc57c9d76e1fd6d017fb47550c/build/elf/rtld-libc.a(rtld-fstat64.os)
 .comment       0x0000000000000a92       0x29 /home/ajender/QemuV1/Docker/buildroot-2023.02.4/output/build/glibc-2.36-81-g4f4d7a13edfd2fdc57c9d76e1fd6d017fb47550c/build/elf/rtld-libc.a(rtld-lstat64.os)
 .comment       0x0000000000000abb       0x29 /home/ajender/QemuV1/Docker/buildroot-2023.02.4/output/build/glibc-2.36-81-g4f4d7a13edfd2fdc57c9d76e1fd6d017fb47550c/build/elf/rtld-libc.a(rtld-fstatat64.os)
 .comment       0x0000000000000ae4       0x29 /home/ajender/QemuV1/Docker/buildroot-2023.02.4/output/build/glibc-2.36-81-g4f4d7a13edfd2fdc57c9d76e1fd6d017fb47550c/build/elf/rtld-libc.a(rtld-openat64.os)
 .comment       0x0000000000000b0d       0x29 /home/ajender/QemuV1/Docker/buildroot-2023.02.4/output/build/glibc-2.36-81-g4f4d7a13edfd2fdc57c9d76e1fd6d017fb47550c/build/elf/rtld-libc.a(rtld-lseek.os)
 .comment       0x0000000000000b36       0x29 /home/ajender/QemuV1/Docker/buildroot-2023.02.4/output/build/glibc-2.36-81-g4f4d7a13edfd2fdc57c9d76e1fd6d017fb47550c/build/elf/rtld-libc.a(rtld-access.os)
 .comment       0x0000000000000b5f       0x29 /home/ajender/QemuV1/Docker/buildroot-2023.02.4/output/build/glibc-2.36-81-g4f4d7a13edfd2fdc57c9d76e1fd6d017fb47550c/build/elf/rtld-libc.a(rtld-close_nocancel.os)
 .comment       0x0000000000000b88       0x29 /home/ajender/QemuV1/Docker/buildroot-2023.02.4/output/build/glibc-2.36-81-g4f4d7a13edfd2fdc57c9d76e1fd6d017fb47550c/build/elf/rtld-libc.a(rtld-fcntl_nocancel.os)
 .comment       0x0000000000000bb1       0x29 /home/ajender/QemuV1/Docker/buildroot-2023.02.4/output/build/glibc-2.36-81-g4f4d7a13edfd2fdc57c9d76e1fd6d017fb47550c/build/elf/rtld-libc.a(rtld-open_nocancel.os)
 .comment       0x0000000000000bda       0x29 /home/ajender/QemuV1/Docker/buildroot-2023.02.4/output/build/glibc-2.36-81-g4f4d7a13edfd2fdc57c9d76e1fd6d017fb47550c/build/elf/rtld-libc.a(rtld-open64_nocancel.os)
 .comment       0x0000000000000c03       0x29 /home/ajender/QemuV1/Docker/buildroot-2023.02.4/output/build/glibc-2.36-81-g4f4d7a13edfd2fdc57c9d76e1fd6d017fb47550c/build/elf/rtld-libc.a(rtld-read_nocancel.os)
 .comment       0x0000000000000c2c       0x29 /home/ajender/QemuV1/Docker/buildroot-2023.02.4/output/build/glibc-2.36-81-g4f4d7a13edfd2fdc57c9d76e1fd6d017fb47550c/build/elf/rtld-libc.a(rtld-pread64_nocancel.os)
 .comment       0x0000000000000c55       0x29 /home/ajender/QemuV1/Docker/buildroot-2023.02.4/output/build/glibc-2.36-81-g4f4d7a13edfd2fdc57c9d76e1fd6d017fb47550c/build/elf/rtld-libc.a(rtld-write_nocancel.os)
 .comment       0x0000000000000c7e       0x29 /home/ajender/QemuV1/Docker/buildroot-2023.02.4/output/build/glibc-2.36-81-g4f4d7a13edfd2fdc57c9d76e1fd6d017fb47550c/build/elf/rtld-libc.a(rtld-stat_t64_cp.os)
 .comment       0x0000000000000ca7       0x29 /home/ajender/QemuV1/Docker/buildroot-2023.02.4/output/build/glibc-2.36-81-g4f4d7a13edfd2fdc57c9d76e1fd6d017fb47550c/build/elf/rtld-libc.a(rtld-scratch_buffer_set_array_size.os)
 .comment       0x0000000000000cd0       0x29 /home/ajender/QemuV1/Docker/buildroot-2023.02.4/output/build/glibc-2.36-81-g4f4d7a13edfd2fdc57c9d76e1fd6d017fb47550c/build/elf/rtld-libc.a(rtld-mmap.os)
 .comment       0x0000000000000cf9       0x29 /home/ajender/QemuV1/Docker/buildroot-2023.02.4/output/build/glibc-2.36-81-g4f4d7a13edfd2fdc57c9d76e1fd6d017fb47550c/build/elf/rtld-libc.a(rtld-makedev.os)
 .comment       0x0000000000000d22       0x29 /home/ajender/QemuV1/Docker/buildroot-2023.02.4/output/build/glibc-2.36-81-g4f4d7a13edfd2fdc57c9d76e1fd6d017fb47550c/build/elf/rtld-libc.a(rtld-atomic_wide_counter.os)
 .comment       0x0000000000000d4b       0x29 /home/ajender/QemuV1/Docker/buildroot-2023.02.4/output/build/glibc-2.36-81-g4f4d7a13edfd2fdc57c9d76e1fd6d017fb47550c/build/elf/rtld-libc.a(rtld-lowlevellock.os)
 .comment       0x0000000000000d74       0x29 /home/ajender/QemuV1/Docker/buildroot-2023.02.4/output/build/glibc-2.36-81-g4f4d7a13edfd2fdc57c9d76e1fd6d017fb47550c/build/elf/rtld-libc.a(rtld-_exit.os)
 .comment       0x0000000000000d9d       0x29 /home/ajender/QemuV1/Docker/buildroot-2023.02.4/output/build/glibc-2.36-81-g4f4d7a13edfd2fdc57c9d76e1fd6d017fb47550c/build/elf/rtld-libc.a(rtld-environ.os)
 .comment       0x0000000000000dc6       0x29 /home/ajender/QemuV1/Docker/buildroot-2023.02.4/output/build/glibc-2.36-81-g4f4d7a13edfd2fdc57c9d76e1fd6d017fb47550c/build/elf/rtld-libc.a(rtld-sigaction.os)
 .comment       0x0000000000000def       0x29 /home/ajender/QemuV1/Docker/buildroot-2023.02.4/output/build/glibc-2.36-81-g4f4d7a13edfd2fdc57c9d76e1fd6d017fb47550c/build/elf/rtld-libc.a(rtld-libc_sigaction.os)
 .comment       0x0000000000000e18       0x29 /home/ajender/QemuV1/Docker/buildroot-2023.02.4/output/build/glibc-2.36-81-g4f4d7a13edfd2fdc57c9d76e1fd6d017fb47550c/build/elf/rtld-libc.a(rtld-memchr.os)
 .comment       0x0000000000000e41       0x29 /home/ajender/QemuV1/Docker/buildroot-2023.02.4/output/build/glibc-2.36-81-g4f4d7a13edfd2fdc57c9d76e1fd6d017fb47550c/build/elf/rtld-libc.a(rtld-memcmp.os)
 .comment       0x0000000000000e6a       0x29 /home/ajender/QemuV1/Docker/buildroot-2023.02.4/output/build/glibc-2.36-81-g4f4d7a13edfd2fdc57c9d76e1fd6d017fb47550c/build/elf/rtld-libc.a(rtld-rawmemchr.os)
 .comment       0x0000000000000e93       0x29 /home/ajender/QemuV1/Docker/buildroot-2023.02.4/output/build/glibc-2.36-81-g4f4d7a13edfd2fdc57c9d76e1fd6d017fb47550c/build/elf/rtld-libc.a(rtld-stpcpy.os)
 .comment       0x0000000000000ebc       0x29 /home/ajender/QemuV1/Docker/buildroot-2023.02.4/output/build/glibc-2.36-81-g4f4d7a13edfd2fdc57c9d76e1fd6d017fb47550c/build/elf/rtld-libc.a(rtld-strchr.os)
 .comment       0x0000000000000ee5       0x29 /home/ajender/QemuV1/Docker/buildroot-2023.02.4/output/build/glibc-2.36-81-g4f4d7a13edfd2fdc57c9d76e1fd6d017fb47550c/build/elf/rtld-libc.a(rtld-strcmp.os)
 .comment       0x0000000000000f0e       0x29 /home/ajender/QemuV1/Docker/buildroot-2023.02.4/output/build/glibc-2.36-81-g4f4d7a13edfd2fdc57c9d76e1fd6d017fb47550c/build/elf/rtld-libc.a(rtld-strcpy.os)
 .comment       0x0000000000000f37       0x29 /home/ajender/QemuV1/Docker/buildroot-2023.02.4/output/build/glibc-2.36-81-g4f4d7a13edfd2fdc57c9d76e1fd6d017fb47550c/build/elf/rtld-libc.a(rtld-strcspn.os)
 .comment       0x0000000000000f60       0x29 /home/ajender/QemuV1/Docker/buildroot-2023.02.4/output/build/glibc-2.36-81-g4f4d7a13edfd2fdc57c9d76e1fd6d017fb47550c/build/elf/rtld-libc.a(rtld-strdup.os)
 .comment       0x0000000000000f89       0x29 /home/ajender/QemuV1/Docker/buildroot-2023.02.4/output/build/glibc-2.36-81-g4f4d7a13edfd2fdc57c9d76e1fd6d017fb47550c/build/elf/rtld-libc.a(rtld-strerrorname_np.os)
 .comment       0x0000000000000fb2       0x29 /home/ajender/QemuV1/Docker/buildroot-2023.02.4/output/build/glibc-2.36-81-g4f4d7a13edfd2fdc57c9d76e1fd6d017fb47550c/build/elf/rtld-libc.a(rtld-strncmp.os)
 .comment       0x0000000000000fdb       0x29 /home/ajender/QemuV1/Docker/buildroot-2023.02.4/output/build/glibc-2.36-81-g4f4d7a13edfd2fdc57c9d76e1fd6d017fb47550c/build/elf/rtld-libc.a(rtld-strnlen.os)
 .comment       0x0000000000001004       0x29 /home/ajender/QemuV1/Docker/buildroot-2023.02.4/output/build/glibc-2.36-81-g4f4d7a13edfd2fdc57c9d76e1fd6d017fb47550c/build/elf/rtld-libc.a(rtld-strchrnul.os)
 .comment       0x000000000000102d       0x29 /home/ajender/QemuV1/Docker/buildroot-2023.02.4/output/build/glibc-2.36-81-g4f4d7a13edfd2fdc57c9d76e1fd6d017fb47550c/build/elf/rtld-libc.a(rtld-setitimer.os)
 .comment       0x0000000000001056       0x29 /home/ajender/QemuV1/Docker/buildroot-2023.02.4/output/build/glibc-2.36-81-g4f4d7a13edfd2fdc57c9d76e1fd6d017fb47550c/build/elf/rtld-libc.a(rtld-errname.os)
 .comment       0x000000000000107f       0x29 /home/ajender/QemuV1/Docker/buildroot-2023.02.4/output/host/lib/gcc/arm-buildroot-linux-gnueabi/11.4.0/libgcc.a(_udivmoddi4.o)
 .comment       0x00000000000010a8       0x29 /home/ajender/QemuV1/Docker/buildroot-2023.02.4/output/build/glibc-2.36-81-g4f4d7a13edfd2fdc57c9d76e1fd6d017fb47550c/build/elf/rtld-libc.a(rtld-raise.os)
 .comment       0x00000000000010d1       0x29 /home/ajender/QemuV1/Docker/buildroot-2023.02.4/output/build/glibc-2.36-81-g4f4d7a13edfd2fdc57c9d76e1fd6d017fb47550c/build/elf/rtld-libc.a(rtld-pthread_kill.os)
 .comment       0x00000000000010fa       0x29 /home/ajender/QemuV1/Docker/buildroot-2023.02.4/output/build/glibc-2.36-81-g4f4d7a13edfd2fdc57c9d76e1fd6d017fb47550c/build/elf/rtld-libc.a(rtld-pthread_self.os)

.note.GNU-stack
                0x0000000000000000        0x0
 .note.GNU-stack
                0x0000000000000000        0x0 /home/ajender/QemuV1/Docker/buildroot-2023.02.4/output/build/glibc-2.36-81-g4f4d7a13edfd2fdc57c9d76e1fd6d017fb47550c/build/elf/dl-allobjs.os
 .note.GNU-stack
                0x0000000000000000        0x0 /home/ajender/QemuV1/Docker/buildroot-2023.02.4/output/build/glibc-2.36-81-g4f4d7a13edfd2fdc57c9d76e1fd6d017fb47550c/build/elf/rtld-libc.a(rtld-check_fds.os)
 .note.GNU-stack
                0x0000000000000000        0x0 /home/ajender/QemuV1/Docker/buildroot-2023.02.4/output/build/glibc-2.36-81-g4f4d7a13edfd2fdc57c9d76e1fd6d017fb47550c/build/elf/rtld-libc.a(rtld-errno.os)
 .note.GNU-stack
                0x0000000000000000        0x0 /home/ajender/QemuV1/Docker/buildroot-2023.02.4/output/build/glibc-2.36-81-g4f4d7a13edfd2fdc57c9d76e1fd6d017fb47550c/build/elf/rtld-libc.a(rtld-closedir.os)
 .note.GNU-stack
                0x0000000000000000        0x0 /home/ajender/QemuV1/Docker/buildroot-2023.02.4/output/build/glibc-2.36-81-g4f4d7a13edfd2fdc57c9d76e1fd6d017fb47550c/build/elf/rtld-libc.a(rtld-rewinddir.os)
 .note.GNU-stack
                0x0000000000000000        0x0 /home/ajender/QemuV1/Docker/buildroot-2023.02.4/output/build/glibc-2.36-81-g4f4d7a13edfd2fdc57c9d76e1fd6d017fb47550c/build/elf/rtld-libc.a(rtld-readdir64.os)
 .note.GNU-stack
                0x0000000000000000        0x0 /home/ajender/QemuV1/Docker/buildroot-2023.02.4/output/build/glibc-2.36-81-g4f4d7a13edfd2fdc57c9d76e1fd6d017fb47550c/build/elf/rtld-libc.a(rtld-fdopendir.os)
 .note.GNU-stack
                0x0000000000000000        0x0 /home/ajender/QemuV1/Docker/buildroot-2023.02.4/output/build/glibc-2.36-81-g4f4d7a13edfd2fdc57c9d76e1fd6d017fb47550c/build/elf/rtld-libc.a(rtld-getdents64.os)
 .note.GNU-stack
                0x0000000000000000        0x0 /home/ajender/QemuV1/Docker/buildroot-2023.02.4/output/build/glibc-2.36-81-g4f4d7a13edfd2fdc57c9d76e1fd6d017fb47550c/build/elf/rtld-libc.a(rtld-dl-addr-obj.os)
 .note.GNU-stack
                0x0000000000000000        0x0 /home/ajender/QemuV1/Docker/buildroot-2023.02.4/output/build/glibc-2.36-81-g4f4d7a13edfd2fdc57c9d76e1fd6d017fb47550c/build/elf/rtld-libc.a(rtld-profil.os)
 .note.GNU-stack
                0x0000000000000000        0x0 /home/ajender/QemuV1/Docker/buildroot-2023.02.4/output/build/glibc-2.36-81-g4f4d7a13edfd2fdc57c9d76e1fd6d017fb47550c/build/elf/rtld-libc.a(rtld-prof-freq.os)
 .note.GNU-stack
                0x0000000000000000        0x0 /home/ajender/QemuV1/Docker/buildroot-2023.02.4/output/build/glibc-2.36-81-g4f4d7a13edfd2fdc57c9d76e1fd6d017fb47550c/build/elf/rtld-libc.a(rtld-stat64.os)
 .note.GNU-stack
                0x0000000000000000        0x0 /home/ajender/QemuV1/Docker/buildroot-2023.02.4/output/build/glibc-2.36-81-g4f4d7a13edfd2fdc57c9d76e1fd6d017fb47550c/build/elf/rtld-libc.a(rtld-fstat64.os)
 .note.GNU-stack
                0x0000000000000000        0x0 /home/ajender/QemuV1/Docker/buildroot-2023.02.4/output/build/glibc-2.36-81-g4f4d7a13edfd2fdc57c9d76e1fd6d017fb47550c/build/elf/rtld-libc.a(rtld-lstat64.os)
 .note.GNU-stack
                0x0000000000000000        0x0 /home/ajender/QemuV1/Docker/buildroot-2023.02.4/output/build/glibc-2.36-81-g4f4d7a13edfd2fdc57c9d76e1fd6d017fb47550c/build/elf/rtld-libc.a(rtld-fstatat64.os)
 .note.GNU-stack
                0x0000000000000000        0x0 /home/ajender/QemuV1/Docker/buildroot-2023.02.4/output/build/glibc-2.36-81-g4f4d7a13edfd2fdc57c9d76e1fd6d017fb47550c/build/elf/rtld-libc.a(rtld-openat64.os)
 .note.GNU-stack
                0x0000000000000000        0x0 /home/ajender/QemuV1/Docker/buildroot-2023.02.4/output/build/glibc-2.36-81-g4f4d7a13edfd2fdc57c9d76e1fd6d017fb47550c/build/elf/rtld-libc.a(rtld-lseek.os)
 .note.GNU-stack
                0x0000000000000000        0x0 /home/ajender/QemuV1/Docker/buildroot-2023.02.4/output/build/glibc-2.36-81-g4f4d7a13edfd2fdc57c9d76e1fd6d017fb47550c/build/elf/rtld-libc.a(rtld-access.os)
 .note.GNU-stack
                0x0000000000000000        0x0 /home/ajender/QemuV1/Docker/buildroot-2023.02.4/output/build/glibc-2.36-81-g4f4d7a13edfd2fdc57c9d76e1fd6d017fb47550c/build/elf/rtld-libc.a(rtld-close_nocancel.os)
 .note.GNU-stack
                0x0000000000000000        0x0 /home/ajender/QemuV1/Docker/buildroot-2023.02.4/output/build/glibc-2.36-81-g4f4d7a13edfd2fdc57c9d76e1fd6d017fb47550c/build/elf/rtld-libc.a(rtld-fcntl_nocancel.os)
 .note.GNU-stack
                0x0000000000000000        0x0 /home/ajender/QemuV1/Docker/buildroot-2023.02.4/output/build/glibc-2.36-81-g4f4d7a13edfd2fdc57c9d76e1fd6d017fb47550c/build/elf/rtld-libc.a(rtld-open_nocancel.os)
 .note.GNU-stack
                0x0000000000000000        0x0 /home/ajender/QemuV1/Docker/buildroot-2023.02.4/output/build/glibc-2.36-81-g4f4d7a13edfd2fdc57c9d76e1fd6d017fb47550c/build/elf/rtld-libc.a(rtld-open64_nocancel.os)
 .note.GNU-stack
                0x0000000000000000        0x0 /home/ajender/QemuV1/Docker/buildroot-2023.02.4/output/build/glibc-2.36-81-g4f4d7a13edfd2fdc57c9d76e1fd6d017fb47550c/build/elf/rtld-libc.a(rtld-read_nocancel.os)
 .note.GNU-stack
                0x0000000000000000        0x0 /home/ajender/QemuV1/Docker/buildroot-2023.02.4/output/build/glibc-2.36-81-g4f4d7a13edfd2fdc57c9d76e1fd6d017fb47550c/build/elf/rtld-libc.a(rtld-pread64_nocancel.os)
 .note.GNU-stack
                0x0000000000000000        0x0 /home/ajender/QemuV1/Docker/buildroot-2023.02.4/output/build/glibc-2.36-81-g4f4d7a13edfd2fdc57c9d76e1fd6d017fb47550c/build/elf/rtld-libc.a(rtld-write_nocancel.os)
 .note.GNU-stack
                0x0000000000000000        0x0 /home/ajender/QemuV1/Docker/buildroot-2023.02.4/output/build/glibc-2.36-81-g4f4d7a13edfd2fdc57c9d76e1fd6d017fb47550c/build/elf/rtld-libc.a(rtld-stat_t64_cp.os)
 .note.GNU-stack
                0x0000000000000000        0x0 /home/ajender/QemuV1/Docker/buildroot-2023.02.4/output/build/glibc-2.36-81-g4f4d7a13edfd2fdc57c9d76e1fd6d017fb47550c/build/elf/rtld-libc.a(rtld-scratch_buffer_set_array_size.os)
 .note.GNU-stack
                0x0000000000000000        0x0 /home/ajender/QemuV1/Docker/buildroot-2023.02.4/output/build/glibc-2.36-81-g4f4d7a13edfd2fdc57c9d76e1fd6d017fb47550c/build/elf/rtld-libc.a(rtld-mmap.os)
 .note.GNU-stack
                0x0000000000000000        0x0 /home/ajender/QemuV1/Docker/buildroot-2023.02.4/output/build/glibc-2.36-81-g4f4d7a13edfd2fdc57c9d76e1fd6d017fb47550c/build/elf/rtld-libc.a(rtld-munmap.os)
 .note.GNU-stack
                0x0000000000000000        0x0 /home/ajender/QemuV1/Docker/buildroot-2023.02.4/output/build/glibc-2.36-81-g4f4d7a13edfd2fdc57c9d76e1fd6d017fb47550c/build/elf/rtld-libc.a(rtld-mprotect.os)
 .note.GNU-stack
                0x0000000000000000        0x0 /home/ajender/QemuV1/Docker/buildroot-2023.02.4/output/build/glibc-2.36-81-g4f4d7a13edfd2fdc57c9d76e1fd6d017fb47550c/build/elf/rtld-libc.a(rtld-makedev.os)
 .note.GNU-stack
                0x0000000000000000        0x0 /home/ajender/QemuV1/Docker/buildroot-2023.02.4/output/build/glibc-2.36-81-g4f4d7a13edfd2fdc57c9d76e1fd6d017fb47550c/build/elf/rtld-libc.a(rtld-atomic_wide_counter.os)
 .note.GNU-stack
                0x0000000000000000        0x0 /home/ajender/QemuV1/Docker/buildroot-2023.02.4/output/build/glibc-2.36-81-g4f4d7a13edfd2fdc57c9d76e1fd6d017fb47550c/build/elf/rtld-libc.a(rtld-lowlevellock.os)
 .note.GNU-stack
                0x0000000000000000        0x0 /home/ajender/QemuV1/Docker/buildroot-2023.02.4/output/build/glibc-2.36-81-g4f4d7a13edfd2fdc57c9d76e1fd6d017fb47550c/build/elf/rtld-libc.a(rtld-uname.os)
 .note.GNU-stack
                0x0000000000000000        0x0 /home/ajender/QemuV1/Docker/buildroot-2023.02.4/output/build/glibc-2.36-81-g4f4d7a13edfd2fdc57c9d76e1fd6d017fb47550c/build/elf/rtld-libc.a(rtld-_exit.os)
 .note.GNU-stack